21:53:18 - INFO - Device: cuda
21:53:18 - INFO - Config: configs/eurosat/stage1/eurosat-rqvae-4x4x3.yaml
21:53:18 - INFO - Output: output/eurosat-rqvae-4x4x3
21:53:18 - INFO - Overrides -> code_shape=[4, 4, 3], n_embed=2048, latent_loss_weight=0.25, perceptual_weight=1.0, disc_weight=0.75, disc_start=0, lr=4e-05
21:53:18 - INFO - Train: 21600 images, Val: 2700 images
21:53:18 - INFO - Batch size: 16, Steps/epoch: 1350
21:53:19 - INFO - RQ-VAE parameters: 98.96M
21:56:29 - INFO - Epoch 1/150 [train] loss_total: 0.2872, loss_recon: 0.1082, loss_latent: 0.0080, lr: 8.00e-06
21:56:34 - INFO - Epoch 1/150 [val]   loss_total: 4.3796, loss_recon: 4.3517
21:56:36 - INFO -   -> New best model saved (val_recon=4.3517)
21:59:46 - INFO - Epoch 2/150 [train] loss_total: -0.8399, loss_recon: 0.0850, loss_latent: 0.0080, lr: 1.60e-05
21:59:51 - INFO - Epoch 2/150 [val]   loss_total: 4.2527, loss_recon: 4.2187
21:59:52 - INFO -   -> New best model saved (val_recon=4.2187)
22:03:03 - INFO - Epoch 3/150 [train] loss_total: -1.0732, loss_recon: 0.0831, loss_latent: 0.0055, lr: 2.40e-05
22:03:08 - INFO - Epoch 3/150 [val]   loss_total: 5.1196, loss_recon: 5.1081
22:06:18 - INFO - Epoch 4/150 [train] loss_total: -0.6675, loss_recon: 0.0842, loss_latent: 0.0068, lr: 3.20e-05
22:06:23 - INFO - Epoch 4/150 [val]   loss_total: 3.9898, loss_recon: 3.9661
22:06:25 - INFO -   -> New best model saved (val_recon=3.9661)
22:09:35 - INFO - Epoch 5/150 [train] loss_total: -0.0723, loss_recon: 0.0795, loss_latent: 0.0060, lr: 4.00e-05
22:09:40 - INFO - Epoch 5/150 [val]   loss_total: 3.0903, loss_recon: 3.0699
22:09:42 - INFO -   -> New best model saved (val_recon=3.0699)
22:12:52 - INFO - Epoch 6/150 [train] loss_total: 0.3562, loss_recon: 0.0770, loss_latent: 0.0050, lr: 4.00e-05
22:12:57 - INFO - Epoch 6/150 [val]   loss_total: 2.7212, loss_recon: 2.7085
22:12:59 - INFO -   -> New best model saved (val_recon=2.7085)
22:16:09 - INFO - Epoch 7/150 [train] loss_total: 0.4584, loss_recon: 0.0649, loss_latent: 0.0054, lr: 4.00e-05
22:16:14 - INFO - Epoch 7/150 [val]   loss_total: 2.2625, loss_recon: 2.2398
22:16:15 - INFO -   -> New best model saved (val_recon=2.2398)
22:19:26 - INFO - Epoch 8/150 [train] loss_total: 0.4469, loss_recon: 0.0466, loss_latent: 0.0057, lr: 4.00e-05
22:19:31 - INFO - Epoch 8/150 [val]   loss_total: 2.4880, loss_recon: 2.4656
22:22:41 - INFO - Epoch 9/150 [train] loss_total: 0.4332, loss_recon: 0.0423, loss_latent: 0.0052, lr: 3.99e-05
22:22:46 - INFO - Epoch 9/150 [val]   loss_total: 1.8953, loss_recon: 1.8746
22:22:48 - INFO -   -> New best model saved (val_recon=1.8746)
22:26:00 - INFO - Epoch 10/150 [train] loss_total: 0.4141, loss_recon: 0.0381, loss_latent: 0.0062, lr: 3.99e-05
22:26:05 - INFO - Epoch 10/150 [val]   loss_total: 1.5954, loss_recon: 1.5687
22:26:06 - INFO -   -> New best model saved (val_recon=1.5687)
22:29:18 - INFO - Epoch 11/150 [train] loss_total: 0.4008, loss_recon: 0.0347, loss_latent: 0.0069, lr: 3.98e-05
22:29:23 - INFO - Epoch 11/150 [val]   loss_total: 1.8108, loss_recon: 1.7850
22:32:34 - INFO - Epoch 12/150 [train] loss_total: 0.3900, loss_recon: 0.0322, loss_latent: 0.0076, lr: 3.98e-05
22:32:39 - INFO - Epoch 12/150 [val]   loss_total: 1.6204, loss_recon: 1.5871
22:35:50 - INFO - Epoch 13/150 [train] loss_total: 0.3784, loss_recon: 0.0299, loss_latent: 0.0079, lr: 3.97e-05
22:35:55 - INFO - Epoch 13/150 [val]   loss_total: 1.4399, loss_recon: 1.4058
22:35:56 - INFO -   -> New best model saved (val_recon=1.4058)
22:39:08 - INFO - Epoch 14/150 [train] loss_total: 0.3707, loss_recon: 0.0288, loss_latent: 0.0079, lr: 3.96e-05
22:39:13 - INFO - Epoch 14/150 [val]   loss_total: 1.3353, loss_recon: 1.3043
22:39:14 - INFO -   -> New best model saved (val_recon=1.3043)
22:42:25 - INFO - Epoch 15/150 [train] loss_total: 0.3661, loss_recon: 0.0278, loss_latent: 0.0077, lr: 3.95e-05
22:42:30 - INFO - Epoch 15/150 [val]   loss_total: 1.4282, loss_recon: 1.3989
22:45:41 - INFO - Epoch 16/150 [train] loss_total: 0.3636, loss_recon: 0.0275, loss_latent: 0.0076, lr: 3.94e-05
22:45:46 - INFO - Epoch 16/150 [val]   loss_total: 1.1376, loss_recon: 1.1014
22:45:48 - INFO -   -> New best model saved (val_recon=1.1014)
22:48:59 - INFO - Epoch 17/150 [train] loss_total: 0.3609, loss_recon: 0.0272, loss_latent: 0.0079, lr: 3.93e-05
22:49:04 - INFO - Epoch 17/150 [val]   loss_total: 1.5437, loss_recon: 1.5096
22:52:16 - INFO - Epoch 18/150 [train] loss_total: 0.3575, loss_recon: 0.0268, loss_latent: 0.0085, lr: 3.92e-05
22:52:21 - INFO - Epoch 18/150 [val]   loss_total: 1.2169, loss_recon: 1.1802
22:55:31 - INFO - Epoch 19/150 [train] loss_total: 0.3556, loss_recon: 0.0262, loss_latent: 0.0086, lr: 3.91e-05
22:55:36 - INFO - Epoch 19/150 [val]   loss_total: 1.4151, loss_recon: 1.3818
22:58:48 - INFO - Epoch 20/150 [train] loss_total: 0.3549, loss_recon: 0.0265, loss_latent: 0.0086, lr: 3.90e-05
22:58:53 - INFO - Epoch 20/150 [val]   loss_total: 1.2245, loss_recon: 1.1854
23:02:04 - INFO - Epoch 21/150 [train] loss_total: 0.3526, loss_recon: 0.0260, loss_latent: 0.0094, lr: 3.88e-05
23:02:09 - INFO - Epoch 21/150 [val]   loss_total: 1.3900, loss_recon: 1.3530
23:05:20 - INFO - Epoch 22/150 [train] loss_total: 0.3472, loss_recon: 0.0255, loss_latent: 0.0108, lr: 3.87e-05
23:05:25 - INFO - Epoch 22/150 [val]   loss_total: 1.1160, loss_recon: 1.0639
23:05:27 - INFO -   -> New best model saved (val_recon=1.0639)
23:08:38 - INFO - Epoch 23/150 [train] loss_total: 0.3428, loss_recon: 0.0248, loss_latent: 0.0119, lr: 3.85e-05
23:08:43 - INFO - Epoch 23/150 [val]   loss_total: 1.1950, loss_recon: 1.1418
23:11:54 - INFO - Epoch 24/150 [train] loss_total: 0.3407, loss_recon: 0.0247, loss_latent: 0.0123, lr: 3.83e-05
23:11:59 - INFO - Epoch 24/150 [val]   loss_total: 1.1903, loss_recon: 1.1419
23:15:10 - INFO - Epoch 25/150 [train] loss_total: 0.3378, loss_recon: 0.0241, loss_latent: 0.0124, lr: 3.82e-05
23:15:16 - INFO - Epoch 25/150 [val]   loss_total: 1.2487, loss_recon: 1.2028
23:15:17 - INFO -   Checkpoint saved: output/eurosat-rqvae-4x4x3/epoch25_model.pt
23:18:28 - INFO - Epoch 26/150 [train] loss_total: 0.3352, loss_recon: 0.0240, loss_latent: 0.0123, lr: 3.80e-05
23:18:33 - INFO - Epoch 26/150 [val]   loss_total: 1.4218, loss_recon: 1.3707
23:21:44 - INFO - Epoch 27/150 [train] loss_total: 0.3328, loss_recon: 0.0238, loss_latent: 0.0124, lr: 3.78e-05
23:21:50 - INFO - Epoch 27/150 [val]   loss_total: 1.1484, loss_recon: 1.0910
23:25:01 - INFO - Epoch 28/150 [train] loss_total: 0.3310, loss_recon: 0.0238, loss_latent: 0.0124, lr: 3.76e-05
23:25:06 - INFO - Epoch 28/150 [val]   loss_total: 1.1395, loss_recon: 1.0858
23:28:17 - INFO - Epoch 29/150 [train] loss_total: 0.3281, loss_recon: 0.0234, loss_latent: 0.0125, lr: 3.74e-05
23:28:22 - INFO - Epoch 29/150 [val]   loss_total: 1.0666, loss_recon: 1.0116
23:28:24 - INFO -   -> New best model saved (val_recon=1.0116)
23:31:35 - INFO - Epoch 30/150 [train] loss_total: 0.3264, loss_recon: 0.0233, loss_latent: 0.0125, lr: 3.71e-05
23:31:40 - INFO - Epoch 30/150 [val]   loss_total: 1.0711, loss_recon: 1.0175
23:34:51 - INFO - Epoch 31/150 [train] loss_total: 0.3241, loss_recon: 0.0229, loss_latent: 0.0124, lr: 3.69e-05
23:34:56 - INFO - Epoch 31/150 [val]   loss_total: 1.0055, loss_recon: 0.9529
23:34:58 - INFO -   -> New best model saved (val_recon=0.9529)
23:38:09 - INFO - Epoch 32/150 [train] loss_total: 0.3234, loss_recon: 0.0231, loss_latent: 0.0125, lr: 3.67e-05
23:38:14 - INFO - Epoch 32/150 [val]   loss_total: 1.1349, loss_recon: 1.0824
23:41:25 - INFO - Epoch 33/150 [train] loss_total: 0.3204, loss_recon: 0.0226, loss_latent: 0.0124, lr: 3.64e-05
23:41:30 - INFO - Epoch 33/150 [val]   loss_total: 1.0988, loss_recon: 1.0453
23:44:41 - INFO - Epoch 34/150 [train] loss_total: 0.3187, loss_recon: 0.0226, loss_latent: 0.0125, lr: 3.62e-05
23:44:46 - INFO - Epoch 34/150 [val]   loss_total: 1.1475, loss_recon: 1.0980
23:47:57 - INFO - Epoch 35/150 [train] loss_total: 0.3175, loss_recon: 0.0225, loss_latent: 0.0126, lr: 3.59e-05
23:48:02 - INFO - Epoch 35/150 [val]   loss_total: 1.3234, loss_recon: 1.2707
23:51:13 - INFO - Epoch 36/150 [train] loss_total: 0.3162, loss_recon: 0.0225, loss_latent: 0.0125, lr: 3.57e-05
23:51:18 - INFO - Epoch 36/150 [val]   loss_total: 1.0336, loss_recon: 0.9816
23:54:29 - INFO - Epoch 37/150 [train] loss_total: 0.3147, loss_recon: 0.0224, loss_latent: 0.0126, lr: 3.54e-05
23:54:34 - INFO - Epoch 37/150 [val]   loss_total: 1.2559, loss_recon: 1.2030
23:57:45 - INFO - Epoch 38/150 [train] loss_total: 0.3128, loss_recon: 0.0222, loss_latent: 0.0127, lr: 3.51e-05
23:57:50 - INFO - Epoch 38/150 [val]   loss_total: 1.3149, loss_recon: 1.2635
00:01:01 - INFO - Epoch 39/150 [train] loss_total: 0.3117, loss_recon: 0.0222, loss_latent: 0.0126, lr: 3.48e-05
00:01:07 - INFO - Epoch 39/150 [val]   loss_total: 1.0190, loss_recon: 0.9678
00:04:18 - INFO - Epoch 40/150 [train] loss_total: 0.3112, loss_recon: 0.0222, loss_latent: 0.0128, lr: 3.45e-05
00:04:23 - INFO - Epoch 40/150 [val]   loss_total: 1.1672, loss_recon: 1.1136
00:07:34 - INFO - Epoch 41/150 [train] loss_total: 0.3097, loss_recon: 0.0221, loss_latent: 0.0129, lr: 3.42e-05
00:07:39 - INFO - Epoch 41/150 [val]   loss_total: 1.0010, loss_recon: 0.9485
00:07:41 - INFO -   -> New best model saved (val_recon=0.9485)
00:10:52 - INFO - Epoch 42/150 [train] loss_total: 0.3079, loss_recon: 0.0219, loss_latent: 0.0127, lr: 3.39e-05
00:10:57 - INFO - Epoch 42/150 [val]   loss_total: 1.1173, loss_recon: 1.0638
00:14:08 - INFO - Epoch 43/150 [train] loss_total: 0.3076, loss_recon: 0.0221, loss_latent: 0.0128, lr: 3.36e-05
00:14:13 - INFO - Epoch 43/150 [val]   loss_total: 1.0357, loss_recon: 0.9799
00:17:24 - INFO - Epoch 44/150 [train] loss_total: 0.3057, loss_recon: 0.0217, loss_latent: 0.0130, lr: 3.33e-05
00:17:29 - INFO - Epoch 44/150 [val]   loss_total: 1.1024, loss_recon: 1.0463
00:20:41 - INFO - Epoch 45/150 [train] loss_total: 0.3051, loss_recon: 0.0218, loss_latent: 0.0132, lr: 3.29e-05
00:20:46 - INFO - Epoch 45/150 [val]   loss_total: 1.1515, loss_recon: 1.0960
00:23:57 - INFO - Epoch 46/150 [train] loss_total: 0.3031, loss_recon: 0.0216, loss_latent: 0.0131, lr: 3.26e-05
00:24:02 - INFO - Epoch 46/150 [val]   loss_total: 1.1446, loss_recon: 1.0861
00:27:13 - INFO - Epoch 47/150 [train] loss_total: 0.3017, loss_recon: 0.0216, loss_latent: 0.0132, lr: 3.23e-05
00:27:18 - INFO - Epoch 47/150 [val]   loss_total: 0.9981, loss_recon: 0.9436
00:27:20 - INFO -   -> New best model saved (val_recon=0.9436)
00:30:31 - INFO - Epoch 48/150 [train] loss_total: 0.3014, loss_recon: 0.0216, loss_latent: 0.0135, lr: 3.19e-05
00:30:36 - INFO - Epoch 48/150 [val]   loss_total: 1.1773, loss_recon: 1.1196
00:33:48 - INFO - Epoch 49/150 [train] loss_total: 0.3006, loss_recon: 0.0215, loss_latent: 0.0138, lr: 3.16e-05
00:33:53 - INFO - Epoch 49/150 [val]   loss_total: 0.9971, loss_recon: 0.9353
00:33:54 - INFO -   -> New best model saved (val_recon=0.9353)
00:37:05 - INFO - Epoch 50/150 [train] loss_total: 0.3000, loss_recon: 0.0214, loss_latent: 0.0140, lr: 3.12e-05
00:37:10 - INFO - Epoch 50/150 [val]   loss_total: 1.0477, loss_recon: 0.9881
00:37:11 - INFO -   Checkpoint saved: output/eurosat-rqvae-4x4x3/epoch50_model.pt
00:40:23 - INFO - Epoch 51/150 [train] loss_total: 0.2987, loss_recon: 0.0214, loss_latent: 0.0144, lr: 3.09e-05
00:40:28 - INFO - Epoch 51/150 [val]   loss_total: 1.0715, loss_recon: 1.0104
00:43:39 - INFO - Epoch 52/150 [train] loss_total: 0.2986, loss_recon: 0.0214, loss_latent: 0.0150, lr: 3.05e-05
00:43:44 - INFO - Epoch 52/150 [val]   loss_total: 1.1473, loss_recon: 1.0830
00:46:55 - INFO - Epoch 53/150 [train] loss_total: 0.2975, loss_recon: 0.0213, loss_latent: 0.0158, lr: 3.01e-05
00:47:00 - INFO - Epoch 53/150 [val]   loss_total: 1.0303, loss_recon: 0.9617
00:50:11 - INFO - Epoch 54/150 [train] loss_total: 0.2960, loss_recon: 0.0212, loss_latent: 0.0161, lr: 2.97e-05
00:50:16 - INFO - Epoch 54/150 [val]   loss_total: 1.0456, loss_recon: 0.9805
00:53:27 - INFO - Epoch 55/150 [train] loss_total: 0.2954, loss_recon: 0.0212, loss_latent: 0.0163, lr: 2.94e-05
00:53:32 - INFO - Epoch 55/150 [val]   loss_total: 1.0901, loss_recon: 1.0230
00:56:44 - INFO - Epoch 56/150 [train] loss_total: 0.2945, loss_recon: 0.0211, loss_latent: 0.0167, lr: 2.90e-05
00:56:49 - INFO - Epoch 56/150 [val]   loss_total: 1.1677, loss_recon: 1.0985
01:00:00 - INFO - Epoch 57/150 [train] loss_total: 0.2936, loss_recon: 0.0210, loss_latent: 0.0170, lr: 2.86e-05
01:00:05 - INFO - Epoch 57/150 [val]   loss_total: 1.0862, loss_recon: 1.0155
01:03:16 - INFO - Epoch 58/150 [train] loss_total: 0.2930, loss_recon: 0.0209, loss_latent: 0.0173, lr: 2.82e-05
01:03:21 - INFO - Epoch 58/150 [val]   loss_total: 1.0151, loss_recon: 0.9456
01:06:32 - INFO - Epoch 59/150 [train] loss_total: 0.2920, loss_recon: 0.0210, loss_latent: 0.0176, lr: 2.78e-05
01:06:37 - INFO - Epoch 59/150 [val]   loss_total: 0.9982, loss_recon: 0.9238
01:06:39 - INFO -   -> New best model saved (val_recon=0.9238)
01:09:50 - INFO - Epoch 60/150 [train] loss_total: 0.2914, loss_recon: 0.0209, loss_latent: 0.0183, lr: 2.74e-05
01:09:55 - INFO - Epoch 60/150 [val]   loss_total: 1.0815, loss_recon: 1.0041
01:13:06 - INFO - Epoch 61/150 [train] loss_total: 0.2905, loss_recon: 0.0209, loss_latent: 0.0190, lr: 2.70e-05
01:13:11 - INFO - Epoch 61/150 [val]   loss_total: 1.0711, loss_recon: 0.9882
01:16:22 - INFO - Epoch 62/150 [train] loss_total: 0.2887, loss_recon: 0.0207, loss_latent: 0.0203, lr: 2.66e-05
01:16:28 - INFO - Epoch 62/150 [val]   loss_total: 1.0061, loss_recon: 0.9185
01:16:29 - INFO -   -> New best model saved (val_recon=0.9185)
01:19:41 - INFO - Epoch 63/150 [train] loss_total: 0.2885, loss_recon: 0.0206, loss_latent: 0.0211, lr: 2.62e-05
01:19:46 - INFO - Epoch 63/150 [val]   loss_total: 1.0257, loss_recon: 0.9378
01:22:57 - INFO - Epoch 64/150 [train] loss_total: 0.2876, loss_recon: 0.0207, loss_latent: 0.0218, lr: 2.58e-05
01:23:02 - INFO - Epoch 64/150 [val]   loss_total: 1.1639, loss_recon: 1.0692
01:26:13 - INFO - Epoch 65/150 [train] loss_total: 0.2862, loss_recon: 0.0204, loss_latent: 0.0227, lr: 2.54e-05
01:26:18 - INFO - Epoch 65/150 [val]   loss_total: 1.0874, loss_recon: 0.9950
01:29:29 - INFO - Epoch 66/150 [train] loss_total: 0.2846, loss_recon: 0.0203, loss_latent: 0.0234, lr: 2.49e-05
01:29:34 - INFO - Epoch 66/150 [val]   loss_total: 1.1827, loss_recon: 1.0813
01:32:46 - INFO - Epoch 67/150 [train] loss_total: 0.2843, loss_recon: 0.0202, loss_latent: 0.0238, lr: 2.45e-05
01:32:51 - INFO - Epoch 67/150 [val]   loss_total: 1.0765, loss_recon: 0.9832
01:36:02 - INFO - Epoch 68/150 [train] loss_total: 0.2830, loss_recon: 0.0202, loss_latent: 0.0240, lr: 2.41e-05
01:36:07 - INFO - Epoch 68/150 [val]   loss_total: 1.0217, loss_recon: 0.9255
01:39:18 - INFO - Epoch 69/150 [train] loss_total: 0.2821, loss_recon: 0.0201, loss_latent: 0.0246, lr: 2.37e-05
01:39:23 - INFO - Epoch 69/150 [val]   loss_total: 1.2534, loss_recon: 1.1559
01:42:34 - INFO - Epoch 70/150 [train] loss_total: 0.2811, loss_recon: 0.0200, loss_latent: 0.0248, lr: 2.32e-05
01:42:39 - INFO - Epoch 70/150 [val]   loss_total: 1.0473, loss_recon: 0.9440
01:45:50 - INFO - Epoch 71/150 [train] loss_total: 0.2805, loss_recon: 0.0201, loss_latent: 0.0252, lr: 2.28e-05
01:45:55 - INFO - Epoch 71/150 [val]   loss_total: 1.1183, loss_recon: 1.0200
01:49:06 - INFO - Epoch 72/150 [train] loss_total: 0.2795, loss_recon: 0.0199, loss_latent: 0.0255, lr: 2.24e-05
01:49:12 - INFO - Epoch 72/150 [val]   loss_total: 1.0858, loss_recon: 0.9862
01:52:23 - INFO - Epoch 73/150 [train] loss_total: 0.2788, loss_recon: 0.0199, loss_latent: 0.0257, lr: 2.19e-05
01:52:28 - INFO - Epoch 73/150 [val]   loss_total: 1.0221, loss_recon: 0.9214
01:55:38 - INFO - Epoch 74/150 [train] loss_total: 0.2786, loss_recon: 0.0199, loss_latent: 0.0260, lr: 2.15e-05
01:55:44 - INFO - Epoch 74/150 [val]   loss_total: 1.0758, loss_recon: 0.9719
01:58:54 - INFO - Epoch 75/150 [train] loss_total: 0.2780, loss_recon: 0.0198, loss_latent: 0.0264, lr: 2.11e-05
01:58:59 - INFO - Epoch 75/150 [val]   loss_total: 1.0290, loss_recon: 0.9199
01:59:01 - INFO -   Checkpoint saved: output/eurosat-rqvae-4x4x3/epoch75_model.pt
02:02:12 - INFO - Epoch 76/150 [train] loss_total: 0.2767, loss_recon: 0.0197, loss_latent: 0.0264, lr: 2.06e-05
02:02:17 - INFO - Epoch 76/150 [val]   loss_total: 1.0045, loss_recon: 0.9017
02:02:19 - INFO -   -> New best model saved (val_recon=0.9017)
02:05:30 - INFO - Epoch 77/150 [train] loss_total: 0.2754, loss_recon: 0.0196, loss_latent: 0.0268, lr: 2.02e-05
02:05:35 - INFO - Epoch 77/150 [val]   loss_total: 1.0330, loss_recon: 0.9193
02:08:46 - INFO - Epoch 78/150 [train] loss_total: 0.2750, loss_recon: 0.0196, loss_latent: 0.0270, lr: 1.98e-05
02:08:51 - INFO - Epoch 78/150 [val]   loss_total: 1.0702, loss_recon: 0.9604
02:12:02 - INFO - Epoch 79/150 [train] loss_total: 0.2742, loss_recon: 0.0196, loss_latent: 0.0272, lr: 1.94e-05
02:12:07 - INFO - Epoch 79/150 [val]   loss_total: 1.0324, loss_recon: 0.9195
02:15:18 - INFO - Epoch 80/150 [train] loss_total: 0.2733, loss_recon: 0.0195, loss_latent: 0.0275, lr: 1.89e-05
02:15:23 - INFO - Epoch 80/150 [val]   loss_total: 1.1407, loss_recon: 1.0280
02:18:34 - INFO - Epoch 81/150 [train] loss_total: 0.2730, loss_recon: 0.0195, loss_latent: 0.0278, lr: 1.85e-05
02:18:39 - INFO - Epoch 81/150 [val]   loss_total: 1.0023, loss_recon: 0.8854
02:18:41 - INFO -   -> New best model saved (val_recon=0.8854)
02:21:52 - INFO - Epoch 82/150 [train] loss_total: 0.2718, loss_recon: 0.0193, loss_latent: 0.0280, lr: 1.81e-05
02:21:57 - INFO - Epoch 82/150 [val]   loss_total: 1.0400, loss_recon: 0.9270
02:25:08 - INFO - Epoch 83/150 [train] loss_total: 0.2711, loss_recon: 0.0193, loss_latent: 0.0282, lr: 1.76e-05
02:25:13 - INFO - Epoch 83/150 [val]   loss_total: 1.0531, loss_recon: 0.9377
02:28:24 - INFO - Epoch 84/150 [train] loss_total: 0.2708, loss_recon: 0.0193, loss_latent: 0.0283, lr: 1.72e-05
02:28:29 - INFO - Epoch 84/150 [val]   loss_total: 1.1133, loss_recon: 0.9921
02:31:40 - INFO - Epoch 85/150 [train] loss_total: 0.2698, loss_recon: 0.0193, loss_latent: 0.0287, lr: 1.68e-05
02:31:46 - INFO - Epoch 85/150 [val]   loss_total: 1.1678, loss_recon: 1.0492
02:34:56 - INFO - Epoch 86/150 [train] loss_total: 0.2689, loss_recon: 0.0193, loss_latent: 0.0293, lr: 1.63e-05
02:35:01 - INFO - Epoch 86/150 [val]   loss_total: 1.1312, loss_recon: 1.0133
02:38:12 - INFO - Epoch 87/150 [train] loss_total: 0.2684, loss_recon: 0.0193, loss_latent: 0.0295, lr: 1.59e-05
02:38:17 - INFO - Epoch 87/150 [val]   loss_total: 1.0368, loss_recon: 0.9130
02:41:28 - INFO - Epoch 88/150 [train] loss_total: 0.2681, loss_recon: 0.0192, loss_latent: 0.0297, lr: 1.55e-05
02:41:33 - INFO - Epoch 88/150 [val]   loss_total: 1.0042, loss_recon: 0.8796
02:41:35 - INFO -   -> New best model saved (val_recon=0.8796)
02:44:46 - INFO - Epoch 89/150 [train] loss_total: 0.2673, loss_recon: 0.0192, loss_latent: 0.0299, lr: 1.51e-05
02:44:51 - INFO - Epoch 89/150 [val]   loss_total: 1.0277, loss_recon: 0.8999
02:48:03 - INFO - Epoch 90/150 [train] loss_total: 0.2665, loss_recon: 0.0191, loss_latent: 0.0301, lr: 1.46e-05
02:48:08 - INFO - Epoch 90/150 [val]   loss_total: 1.0124, loss_recon: 0.8909
02:51:19 - INFO - Epoch 91/150 [train] loss_total: 0.2654, loss_recon: 0.0190, loss_latent: 0.0306, lr: 1.42e-05
02:51:24 - INFO - Epoch 91/150 [val]   loss_total: 1.0603, loss_recon: 0.9374
02:54:35 - INFO - Epoch 92/150 [train] loss_total: 0.2654, loss_recon: 0.0191, loss_latent: 0.0306, lr: 1.38e-05
02:54:40 - INFO - Epoch 92/150 [val]   loss_total: 1.0392, loss_recon: 0.9113
02:57:51 - INFO - Epoch 93/150 [train] loss_total: 0.2646, loss_recon: 0.0190, loss_latent: 0.0309, lr: 1.34e-05
02:57:56 - INFO - Epoch 93/150 [val]   loss_total: 0.9931, loss_recon: 0.8668
02:57:58 - INFO -   -> New best model saved (val_recon=0.8668)
03:01:09 - INFO - Epoch 94/150 [train] loss_total: 0.2645, loss_recon: 0.0190, loss_latent: 0.0315, lr: 1.30e-05
03:01:15 - INFO - Epoch 94/150 [val]   loss_total: 1.0561, loss_recon: 0.9190
03:04:25 - INFO - Epoch 95/150 [train] loss_total: 0.2636, loss_recon: 0.0189, loss_latent: 0.0319, lr: 1.26e-05
03:04:31 - INFO - Epoch 95/150 [val]   loss_total: 1.0521, loss_recon: 0.9231
03:07:42 - INFO - Epoch 96/150 [train] loss_total: 0.2632, loss_recon: 0.0189, loss_latent: 0.0320, lr: 1.22e-05
03:07:47 - INFO - Epoch 96/150 [val]   loss_total: 1.0213, loss_recon: 0.8858
03:10:58 - INFO - Epoch 97/150 [train] loss_total: 0.2630, loss_recon: 0.0189, loss_latent: 0.0322, lr: 1.18e-05
03:11:03 - INFO - Epoch 97/150 [val]   loss_total: 1.0325, loss_recon: 0.8992
03:14:14 - INFO - Epoch 98/150 [train] loss_total: 0.2615, loss_recon: 0.0188, loss_latent: 0.0323, lr: 1.14e-05
03:14:19 - INFO - Epoch 98/150 [val]   loss_total: 1.0222, loss_recon: 0.8912
03:17:30 - INFO - Epoch 99/150 [train] loss_total: 0.2611, loss_recon: 0.0188, loss_latent: 0.0327, lr: 1.10e-05
03:17:35 - INFO - Epoch 99/150 [val]   loss_total: 1.1061, loss_recon: 0.9717
03:20:46 - INFO - Epoch 100/150 [train] loss_total: 0.2607, loss_recon: 0.0188, loss_latent: 0.0330, lr: 1.06e-05
03:20:52 - INFO - Epoch 100/150 [val]   loss_total: 1.0394, loss_recon: 0.9017
03:20:53 - INFO -   Checkpoint saved: output/eurosat-rqvae-4x4x3/epoch100_model.pt
03:24:04 - INFO - Epoch 101/150 [train] loss_total: 0.2601, loss_recon: 0.0187, loss_latent: 0.0333, lr: 1.03e-05
03:24:09 - INFO - Epoch 101/150 [val]   loss_total: 1.0431, loss_recon: 0.9090
03:27:20 - INFO - Epoch 102/150 [train] loss_total: 0.2595, loss_recon: 0.0187, loss_latent: 0.0336, lr: 9.88e-06
03:27:25 - INFO - Epoch 102/150 [val]   loss_total: 1.0753, loss_recon: 0.9378
03:30:36 - INFO - Epoch 103/150 [train] loss_total: 0.2589, loss_recon: 0.0187, loss_latent: 0.0338, lr: 9.50e-06
03:30:41 - INFO - Epoch 103/150 [val]   loss_total: 1.0098, loss_recon: 0.8724
03:33:52 - INFO - Epoch 104/150 [train] loss_total: 0.2585, loss_recon: 0.0187, loss_latent: 0.0341, lr: 9.14e-06
03:33:57 - INFO - Epoch 104/150 [val]   loss_total: 1.0475, loss_recon: 0.9056
03:37:08 - INFO - Epoch 105/150 [train] loss_total: 0.2576, loss_recon: 0.0187, loss_latent: 0.0346, lr: 8.78e-06
03:37:13 - INFO - Epoch 105/150 [val]   loss_total: 1.0454, loss_recon: 0.8993
03:40:24 - INFO - Epoch 106/150 [train] loss_total: 0.2574, loss_recon: 0.0186, loss_latent: 0.0346, lr: 8.42e-06
03:40:29 - INFO - Epoch 106/150 [val]   loss_total: 1.0707, loss_recon: 0.9307
03:43:40 - INFO - Epoch 107/150 [train] loss_total: 0.2572, loss_recon: 0.0186, loss_latent: 0.0350, lr: 8.07e-06
03:43:46 - INFO - Epoch 107/150 [val]   loss_total: 1.0751, loss_recon: 0.9317
03:46:57 - INFO - Epoch 108/150 [train] loss_total: 0.2567, loss_recon: 0.0186, loss_latent: 0.0353, lr: 7.72e-06
03:47:02 - INFO - Epoch 108/150 [val]   loss_total: 1.0241, loss_recon: 0.8853
03:50:13 - INFO - Epoch 109/150 [train] loss_total: 0.2560, loss_recon: 0.0185, loss_latent: 0.0357, lr: 7.39e-06
03:50:18 - INFO - Epoch 109/150 [val]   loss_total: 1.0499, loss_recon: 0.8995
03:53:29 - INFO - Epoch 110/150 [train] loss_total: 0.2559, loss_recon: 0.0186, loss_latent: 0.0359, lr: 7.05e-06
03:53:34 - INFO - Epoch 110/150 [val]   loss_total: 1.0368, loss_recon: 0.8858
03:56:45 - INFO - Epoch 111/150 [train] loss_total: 0.2551, loss_recon: 0.0184, loss_latent: 0.0361, lr: 6.73e-06
03:56:50 - INFO - Epoch 111/150 [val]   loss_total: 1.0411, loss_recon: 0.8921
04:00:02 - INFO - Epoch 112/150 [train] loss_total: 0.2548, loss_recon: 0.0185, loss_latent: 0.0363, lr: 6.40e-06
04:00:07 - INFO - Epoch 112/150 [val]   loss_total: 1.0827, loss_recon: 0.9295
04:03:18 - INFO - Epoch 113/150 [train] loss_total: 0.2544, loss_recon: 0.0185, loss_latent: 0.0366, lr: 6.09e-06
04:03:23 - INFO - Epoch 113/150 [val]   loss_total: 1.0749, loss_recon: 0.9220
04:06:34 - INFO - Epoch 114/150 [train] loss_total: 0.2541, loss_recon: 0.0185, loss_latent: 0.0367, lr: 5.78e-06
04:06:39 - INFO - Epoch 114/150 [val]   loss_total: 1.0544, loss_recon: 0.9015
04:09:50 - INFO - Epoch 115/150 [train] loss_total: 0.2534, loss_recon: 0.0184, loss_latent: 0.0370, lr: 5.48e-06
04:09:55 - INFO - Epoch 115/150 [val]   loss_total: 1.0618, loss_recon: 0.9147
04:13:06 - INFO - Epoch 116/150 [train] loss_total: 0.2530, loss_recon: 0.0184, loss_latent: 0.0372, lr: 5.19e-06
04:13:11 - INFO - Epoch 116/150 [val]   loss_total: 1.0861, loss_recon: 0.9345
04:16:22 - INFO - Epoch 117/150 [train] loss_total: 0.2526, loss_recon: 0.0184, loss_latent: 0.0375, lr: 4.90e-06
04:16:27 - INFO - Epoch 117/150 [val]   loss_total: 1.0414, loss_recon: 0.8880
04:19:39 - INFO - Epoch 118/150 [train] loss_total: 0.2522, loss_recon: 0.0184, loss_latent: 0.0376, lr: 4.62e-06
04:19:44 - INFO - Epoch 118/150 [val]   loss_total: 1.0328, loss_recon: 0.8802
04:22:55 - INFO - Epoch 119/150 [train] loss_total: 0.2517, loss_recon: 0.0183, loss_latent: 0.0379, lr: 4.34e-06
04:23:00 - INFO - Epoch 119/150 [val]   loss_total: 1.0455, loss_recon: 0.8885
04:26:11 - INFO - Epoch 120/150 [train] loss_total: 0.2512, loss_recon: 0.0183, loss_latent: 0.0382, lr: 4.08e-06
04:26:16 - INFO - Epoch 120/150 [val]   loss_total: 1.0602, loss_recon: 0.9003
04:29:27 - INFO - Epoch 121/150 [train] loss_total: 0.2512, loss_recon: 0.0183, loss_latent: 0.0383, lr: 3.82e-06
04:29:32 - INFO - Epoch 121/150 [val]   loss_total: 1.0644, loss_recon: 0.9040
04:32:43 - INFO - Epoch 122/150 [train] loss_total: 0.2513, loss_recon: 0.0183, loss_latent: 0.0386, lr: 3.57e-06
04:32:48 - INFO - Epoch 122/150 [val]   loss_total: 1.0417, loss_recon: 0.8850
04:35:59 - INFO - Epoch 123/150 [train] loss_total: 0.2508, loss_recon: 0.0183, loss_latent: 0.0387, lr: 3.33e-06
04:36:05 - INFO - Epoch 123/150 [val]   loss_total: 1.0775, loss_recon: 0.9121
04:39:16 - INFO - Epoch 124/150 [train] loss_total: 0.2508, loss_recon: 0.0183, loss_latent: 0.0390, lr: 3.09e-06
04:39:21 - INFO - Epoch 124/150 [val]   loss_total: 1.0605, loss_recon: 0.8994
04:42:32 - INFO - Epoch 125/150 [train] loss_total: 0.2504, loss_recon: 0.0183, loss_latent: 0.0393, lr: 2.86e-06
04:42:37 - INFO - Epoch 125/150 [val]   loss_total: 1.0570, loss_recon: 0.8893
04:42:39 - INFO -   Checkpoint saved: output/eurosat-rqvae-4x4x3/epoch125_model.pt
04:45:49 - INFO - Epoch 126/150 [train] loss_total: 0.2504, loss_recon: 0.0183, loss_latent: 0.0392, lr: 2.64e-06
04:45:55 - INFO - Epoch 126/150 [val]   loss_total: 1.0537, loss_recon: 0.8949
04:49:06 - INFO - Epoch 127/150 [train] loss_total: 0.2500, loss_recon: 0.0182, loss_latent: 0.0397, lr: 2.43e-06
04:49:11 - INFO - Epoch 127/150 [val]   loss_total: 1.0503, loss_recon: 0.8873
04:52:22 - INFO - Epoch 128/150 [train] loss_total: 0.2498, loss_recon: 0.0182, loss_latent: 0.0400, lr: 2.23e-06
04:52:27 - INFO - Epoch 128/150 [val]   loss_total: 1.0697, loss_recon: 0.9030
04:55:38 - INFO - Epoch 129/150 [train] loss_total: 0.2494, loss_recon: 0.0182, loss_latent: 0.0400, lr: 2.03e-06
04:55:43 - INFO - Epoch 129/150 [val]   loss_total: 1.0602, loss_recon: 0.8969
04:58:54 - INFO - Epoch 130/150 [train] loss_total: 0.2492, loss_recon: 0.0182, loss_latent: 0.0401, lr: 1.85e-06
04:58:59 - INFO - Epoch 130/150 [val]   loss_total: 1.0751, loss_recon: 0.9041
05:02:10 - INFO - Epoch 131/150 [train] loss_total: 0.2491, loss_recon: 0.0181, loss_latent: 0.0403, lr: 1.67e-06
05:02:15 - INFO - Epoch 131/150 [val]   loss_total: 1.0556, loss_recon: 0.8910
05:05:26 - INFO - Epoch 132/150 [train] loss_total: 0.2490, loss_recon: 0.0182, loss_latent: 0.0404, lr: 1.50e-06
05:05:32 - INFO - Epoch 132/150 [val]   loss_total: 1.0597, loss_recon: 0.8929
05:08:42 - INFO - Epoch 133/150 [train] loss_total: 0.2490, loss_recon: 0.0182, loss_latent: 0.0404, lr: 1.34e-06
05:08:47 - INFO - Epoch 133/150 [val]   loss_total: 1.0643, loss_recon: 0.8962
05:11:59 - INFO - Epoch 134/150 [train] loss_total: 0.2486, loss_recon: 0.0182, loss_latent: 0.0405, lr: 1.19e-06
05:12:04 - INFO - Epoch 134/150 [val]   loss_total: 1.0639, loss_recon: 0.8984
05:15:15 - INFO - Epoch 135/150 [train] loss_total: 0.2487, loss_recon: 0.0182, loss_latent: 0.0408, lr: 1.05e-06
05:15:20 - INFO - Epoch 135/150 [val]   loss_total: 1.0717, loss_recon: 0.9008
05:18:31 - INFO - Epoch 136/150 [train] loss_total: 0.2483, loss_recon: 0.0182, loss_latent: 0.0406, lr: 9.13e-07
05:18:36 - INFO - Epoch 136/150 [val]   loss_total: 1.0653, loss_recon: 0.9048
05:21:47 - INFO - Epoch 137/150 [train] loss_total: 0.2482, loss_recon: 0.0182, loss_latent: 0.0407, lr: 7.88e-07
05:21:52 - INFO - Epoch 137/150 [val]   loss_total: 1.0744, loss_recon: 0.9054
05:25:03 - INFO - Epoch 138/150 [train] loss_total: 0.2483, loss_recon: 0.0182, loss_latent: 0.0410, lr: 6.72e-07
05:25:08 - INFO - Epoch 138/150 [val]   loss_total: 1.0660, loss_recon: 0.8924
05:28:19 - INFO - Epoch 139/150 [train] loss_total: 0.2480, loss_recon: 0.0181, loss_latent: 0.0407, lr: 5.65e-07
05:28:25 - INFO - Epoch 139/150 [val]   loss_total: 1.0594, loss_recon: 0.8954
05:31:35 - INFO - Epoch 140/150 [train] loss_total: 0.2479, loss_recon: 0.0181, loss_latent: 0.0410, lr: 4.68e-07
05:31:41 - INFO - Epoch 140/150 [val]   loss_total: 1.0869, loss_recon: 0.9117
05:34:52 - INFO - Epoch 141/150 [train] loss_total: 0.2478, loss_recon: 0.0182, loss_latent: 0.0409, lr: 4.00e-07
05:34:57 - INFO - Epoch 141/150 [val]   loss_total: 1.0533, loss_recon: 0.8899
05:38:08 - INFO - Epoch 142/150 [train] loss_total: 0.2476, loss_recon: 0.0182, loss_latent: 0.0408, lr: 4.00e-07
05:38:13 - INFO - Epoch 142/150 [val]   loss_total: 1.0817, loss_recon: 0.9071
05:41:25 - INFO - Epoch 143/150 [train] loss_total: 0.2477, loss_recon: 0.0181, loss_latent: 0.0410, lr: 4.00e-07
05:41:30 - INFO - Epoch 143/150 [val]   loss_total: 1.0599, loss_recon: 0.8916
05:44:40 - INFO - Epoch 144/150 [train] loss_total: 0.2477, loss_recon: 0.0181, loss_latent: 0.0411, lr: 4.00e-07
05:44:46 - INFO - Epoch 144/150 [val]   loss_total: 1.0717, loss_recon: 0.9038
05:47:57 - INFO - Epoch 145/150 [train] loss_total: 0.2476, loss_recon: 0.0181, loss_latent: 0.0410, lr: 4.00e-07
05:48:02 - INFO - Epoch 145/150 [val]   loss_total: 1.0702, loss_recon: 0.8993
05:51:13 - INFO - Epoch 146/150 [train] loss_total: 0.2474, loss_recon: 0.0181, loss_latent: 0.0411, lr: 4.00e-07
05:51:18 - INFO - Epoch 146/150 [val]   loss_total: 1.0698, loss_recon: 0.9031
05:54:29 - INFO - Epoch 147/150 [train] loss_total: 0.2475, loss_recon: 0.0181, loss_latent: 0.0413, lr: 4.00e-07
05:54:34 - INFO - Epoch 147/150 [val]   loss_total: 1.0812, loss_recon: 0.9114
05:57:45 - INFO - Epoch 148/150 [train] loss_total: 0.2477, loss_recon: 0.0181, loss_latent: 0.0413, lr: 4.00e-07
05:57:50 - INFO - Epoch 148/150 [val]   loss_total: 1.0670, loss_recon: 0.9027
06:01:01 - INFO - Epoch 149/150 [train] loss_total: 0.2474, loss_recon: 0.0180, loss_latent: 0.0412, lr: 4.00e-07
06:01:07 - INFO - Epoch 149/150 [val]   loss_total: 1.0741, loss_recon: 0.9010
06:04:18 - INFO - Epoch 150/150 [train] loss_total: 0.2474, loss_recon: 0.0181, loss_latent: 0.0413, lr: 4.00e-07
06:04:23 - INFO - Epoch 150/150 [val]   loss_total: 1.0910, loss_recon: 0.9091
06:04:24 - INFO -   Checkpoint saved: output/eurosat-rqvae-4x4x3/epoch150_model.pt
06:04:24 - INFO - ============================================================
06:04:24 - INFO - Extracting RQ codes for NAC...
06:04:41 - INFO - Saved 24300 code sequences to code/codes.txt
06:04:41 - INFO - Code shape per image: 4x4x3 = 48 indices
06:04:41 - INFO - Copied codes to ../nac/data/codes4x4x3.txt
06:04:41 - INFO - Done! You can now run: cd ../nac && python nac_eurosat.py
