22:25:37 - INFO - Device: cuda
22:25:37 - INFO - Config: configs/eurosat/stage1/eurosat-rqvae-8x8x2.yaml
22:25:37 - INFO - Output: output/eurosat-rqvae-8x8x2
22:25:37 - INFO - Overrides -> code_shape=[8, 8, 2], n_embed=2048, latent_loss_weight=0.25, perceptual_weight=1.0, disc_weight=0.75, disc_start=0, lr=4e-05
22:25:37 - INFO - Train: 21600 images, Val: 2700 images
22:25:37 - INFO - Batch size: 16, Steps/epoch: 1350
22:25:37 - INFO - RQ-VAE parameters: 70.63M
22:28:43 - INFO - Epoch 1/150 [train] loss_total: 0.2294, loss_recon: 0.0943, loss_latent: 0.0129, lr: 8.00e-06
22:28:48 - INFO - Epoch 1/150 [val]   loss_total: 5.5053, loss_recon: 5.4519
22:28:49 - INFO -   -> New best model saved (val_recon=5.4519)
22:31:53 - INFO - Epoch 2/150 [train] loss_total: -0.6522, loss_recon: 0.0818, loss_latent: 0.0132, lr: 1.60e-05
22:31:58 - INFO - Epoch 2/150 [val]   loss_total: 3.6345, loss_recon: 3.5831
22:31:59 - INFO -   -> New best model saved (val_recon=3.5831)
22:35:04 - INFO - Epoch 3/150 [train] loss_total: -0.5082, loss_recon: 0.0673, loss_latent: 0.0124, lr: 2.40e-05
22:35:09 - INFO - Epoch 3/150 [val]   loss_total: 2.7931, loss_recon: 2.7450
22:35:10 - INFO -   -> New best model saved (val_recon=2.7450)
22:38:15 - INFO - Epoch 4/150 [train] loss_total: -0.4135, loss_recon: 0.0460, loss_latent: 0.0141, lr: 3.20e-05
22:38:20 - INFO - Epoch 4/150 [val]   loss_total: 1.6083, loss_recon: 1.5547
22:38:21 - INFO -   -> New best model saved (val_recon=1.5547)
22:41:25 - INFO - Epoch 5/150 [train] loss_total: -0.0376, loss_recon: 0.0362, loss_latent: 0.0150, lr: 4.00e-05
22:41:30 - INFO - Epoch 5/150 [val]   loss_total: 1.2706, loss_recon: 1.2077
22:41:32 - INFO -   -> New best model saved (val_recon=1.2077)
22:44:36 - INFO - Epoch 6/150 [train] loss_total: 0.2588, loss_recon: 0.0258, loss_latent: 0.0174, lr: 4.00e-05
22:44:41 - INFO - Epoch 6/150 [val]   loss_total: 1.0173, loss_recon: 0.9410
22:44:42 - INFO -   -> New best model saved (val_recon=0.9410)
22:47:47 - INFO - Epoch 7/150 [train] loss_total: 0.2914, loss_recon: 0.0189, loss_latent: 0.0222, lr: 4.00e-05
22:47:52 - INFO - Epoch 7/150 [val]   loss_total: 0.7826, loss_recon: 0.6862
22:47:53 - INFO -   -> New best model saved (val_recon=0.6862)
22:50:58 - INFO - Epoch 8/150 [train] loss_total: 0.2642, loss_recon: 0.0164, loss_latent: 0.0246, lr: 4.00e-05
22:51:03 - INFO - Epoch 8/150 [val]   loss_total: 0.6999, loss_recon: 0.6029
22:51:04 - INFO -   -> New best model saved (val_recon=0.6029)
22:54:09 - INFO - Epoch 9/150 [train] loss_total: 0.2509, loss_recon: 0.0145, loss_latent: 0.0240, lr: 3.99e-05
22:54:14 - INFO - Epoch 9/150 [val]   loss_total: 0.6614, loss_recon: 0.5686
22:54:15 - INFO -   -> New best model saved (val_recon=0.5686)
22:57:19 - INFO - Epoch 10/150 [train] loss_total: 0.2387, loss_recon: 0.0136, loss_latent: 0.0234, lr: 3.99e-05
22:57:25 - INFO - Epoch 10/150 [val]   loss_total: 0.6407, loss_recon: 0.5440
22:57:26 - INFO -   -> New best model saved (val_recon=0.5440)
23:00:30 - INFO - Epoch 11/150 [train] loss_total: 0.2306, loss_recon: 0.0128, loss_latent: 0.0229, lr: 3.98e-05
23:00:35 - INFO - Epoch 11/150 [val]   loss_total: 0.6346, loss_recon: 0.5471
23:03:40 - INFO - Epoch 12/150 [train] loss_total: 0.2246, loss_recon: 0.0125, loss_latent: 0.0224, lr: 3.98e-05
23:03:45 - INFO - Epoch 12/150 [val]   loss_total: 0.6016, loss_recon: 0.5113
23:03:46 - INFO -   -> New best model saved (val_recon=0.5113)
23:06:51 - INFO - Epoch 13/150 [train] loss_total: 0.2207, loss_recon: 0.0122, loss_latent: 0.0225, lr: 3.97e-05
23:06:56 - INFO - Epoch 13/150 [val]   loss_total: 0.7353, loss_recon: 0.6454
23:10:00 - INFO - Epoch 14/150 [train] loss_total: 0.2158, loss_recon: 0.0118, loss_latent: 0.0222, lr: 3.96e-05
23:10:05 - INFO - Epoch 14/150 [val]   loss_total: 0.5660, loss_recon: 0.4742
23:10:07 - INFO -   -> New best model saved (val_recon=0.4742)
23:13:11 - INFO - Epoch 15/150 [train] loss_total: 0.2118, loss_recon: 0.0115, loss_latent: 0.0222, lr: 3.95e-05
23:13:16 - INFO - Epoch 15/150 [val]   loss_total: 0.7657, loss_recon: 0.6719
23:16:21 - INFO - Epoch 16/150 [train] loss_total: 0.2081, loss_recon: 0.0114, loss_latent: 0.0222, lr: 3.94e-05
23:16:26 - INFO - Epoch 16/150 [val]   loss_total: 0.5944, loss_recon: 0.5074
23:19:30 - INFO - Epoch 17/150 [train] loss_total: 0.2051, loss_recon: 0.0111, loss_latent: 0.0220, lr: 3.93e-05
23:19:35 - INFO - Epoch 17/150 [val]   loss_total: 0.6381, loss_recon: 0.5485
23:22:40 - INFO - Epoch 18/150 [train] loss_total: 0.2022, loss_recon: 0.0111, loss_latent: 0.0220, lr: 3.92e-05
23:22:45 - INFO - Epoch 18/150 [val]   loss_total: 0.5390, loss_recon: 0.4507
23:22:46 - INFO -   -> New best model saved (val_recon=0.4507)
23:25:51 - INFO - Epoch 19/150 [train] loss_total: 0.2004, loss_recon: 0.0110, loss_latent: 0.0223, lr: 3.91e-05
23:25:56 - INFO - Epoch 19/150 [val]   loss_total: 0.5452, loss_recon: 0.4543
23:29:00 - INFO - Epoch 20/150 [train] loss_total: 0.1983, loss_recon: 0.0110, loss_latent: 0.0229, lr: 3.90e-05
23:29:05 - INFO - Epoch 20/150 [val]   loss_total: 0.5686, loss_recon: 0.4760
23:32:10 - INFO - Epoch 21/150 [train] loss_total: 0.1955, loss_recon: 0.0108, loss_latent: 0.0277, lr: 3.88e-05
23:32:15 - INFO - Epoch 21/150 [val]   loss_total: 0.5667, loss_recon: 0.4391
23:32:16 - INFO -   -> New best model saved (val_recon=0.4391)
23:35:21 - INFO - Epoch 22/150 [train] loss_total: 0.1928, loss_recon: 0.0105, loss_latent: 0.0342, lr: 3.87e-05
23:35:26 - INFO - Epoch 22/150 [val]   loss_total: 0.6126, loss_recon: 0.4719
23:38:30 - INFO - Epoch 23/150 [train] loss_total: 0.1894, loss_recon: 0.0103, loss_latent: 0.0356, lr: 3.85e-05
23:38:35 - INFO - Epoch 23/150 [val]   loss_total: 0.5778, loss_recon: 0.4323
23:38:37 - INFO -   -> New best model saved (val_recon=0.4323)
23:41:41 - INFO - Epoch 24/150 [train] loss_total: 0.1878, loss_recon: 0.0102, loss_latent: 0.0363, lr: 3.83e-05
23:41:47 - INFO - Epoch 24/150 [val]   loss_total: 0.7796, loss_recon: 0.6397
23:44:51 - INFO - Epoch 25/150 [train] loss_total: 0.1862, loss_recon: 0.0100, loss_latent: 0.0366, lr: 3.82e-05
23:44:56 - INFO - Epoch 25/150 [val]   loss_total: 0.6074, loss_recon: 0.4670
23:44:57 - INFO -   Checkpoint saved: output/eurosat-rqvae-8x8x2/epoch25_model.pt
23:48:01 - INFO - Epoch 26/150 [train] loss_total: 0.1840, loss_recon: 0.0100, loss_latent: 0.0368, lr: 3.80e-05
23:48:06 - INFO - Epoch 26/150 [val]   loss_total: 0.6263, loss_recon: 0.4771
23:51:11 - INFO - Epoch 27/150 [train] loss_total: 0.1827, loss_recon: 0.0100, loss_latent: 0.0368, lr: 3.78e-05
23:51:16 - INFO - Epoch 27/150 [val]   loss_total: 0.6310, loss_recon: 0.4897
23:54:20 - INFO - Epoch 28/150 [train] loss_total: 0.1815, loss_recon: 0.0098, loss_latent: 0.0368, lr: 3.76e-05
23:54:26 - INFO - Epoch 28/150 [val]   loss_total: 0.6937, loss_recon: 0.5473
23:57:30 - INFO - Epoch 29/150 [train] loss_total: 0.1800, loss_recon: 0.0098, loss_latent: 0.0372, lr: 3.74e-05
23:57:35 - INFO - Epoch 29/150 [val]   loss_total: 0.6217, loss_recon: 0.4701
00:00:39 - INFO - Epoch 30/150 [train] loss_total: 0.1790, loss_recon: 0.0097, loss_latent: 0.0375, lr: 3.71e-05
00:00:44 - INFO - Epoch 30/150 [val]   loss_total: 0.6071, loss_recon: 0.4622
00:03:49 - INFO - Epoch 31/150 [train] loss_total: 0.1787, loss_recon: 0.0098, loss_latent: 0.0374, lr: 3.69e-05
00:03:54 - INFO - Epoch 31/150 [val]   loss_total: 0.6252, loss_recon: 0.4783
00:06:59 - INFO - Epoch 32/150 [train] loss_total: 0.1769, loss_recon: 0.0096, loss_latent: 0.0376, lr: 3.67e-05
00:07:04 - INFO - Epoch 32/150 [val]   loss_total: 0.5631, loss_recon: 0.4091
00:07:05 - INFO -   -> New best model saved (val_recon=0.4091)
00:10:10 - INFO - Epoch 33/150 [train] loss_total: 0.1758, loss_recon: 0.0096, loss_latent: 0.0380, lr: 3.64e-05
00:10:15 - INFO - Epoch 33/150 [val]   loss_total: 0.5675, loss_recon: 0.4221
00:13:19 - INFO - Epoch 34/150 [train] loss_total: 0.1743, loss_recon: 0.0095, loss_latent: 0.0379, lr: 3.62e-05
00:13:24 - INFO - Epoch 34/150 [val]   loss_total: 0.5692, loss_recon: 0.4186
00:16:29 - INFO - Epoch 35/150 [train] loss_total: 0.1737, loss_recon: 0.0095, loss_latent: 0.0378, lr: 3.59e-05
00:16:34 - INFO - Epoch 35/150 [val]   loss_total: 0.5985, loss_recon: 0.4486
00:19:38 - INFO - Epoch 36/150 [train] loss_total: 0.1733, loss_recon: 0.0095, loss_latent: 0.0381, lr: 3.57e-05
00:19:43 - INFO - Epoch 36/150 [val]   loss_total: 0.5594, loss_recon: 0.4055
00:19:45 - INFO -   -> New best model saved (val_recon=0.4055)
00:22:49 - INFO - Epoch 37/150 [train] loss_total: 0.1719, loss_recon: 0.0094, loss_latent: 0.0383, lr: 3.54e-05
00:22:54 - INFO - Epoch 37/150 [val]   loss_total: 0.5979, loss_recon: 0.4478
00:25:59 - INFO - Epoch 38/150 [train] loss_total: 0.1703, loss_recon: 0.0094, loss_latent: 0.0382, lr: 3.51e-05
00:26:04 - INFO - Epoch 38/150 [val]   loss_total: 0.6375, loss_recon: 0.4925
00:29:08 - INFO - Epoch 39/150 [train] loss_total: 0.1700, loss_recon: 0.0093, loss_latent: 0.0383, lr: 3.48e-05
00:29:13 - INFO - Epoch 39/150 [val]   loss_total: 0.5693, loss_recon: 0.4252
00:32:18 - INFO - Epoch 40/150 [train] loss_total: 0.1694, loss_recon: 0.0093, loss_latent: 0.0386, lr: 3.45e-05
00:32:23 - INFO - Epoch 40/150 [val]   loss_total: 0.6477, loss_recon: 0.5061
00:35:28 - INFO - Epoch 41/150 [train] loss_total: 0.1692, loss_recon: 0.0094, loss_latent: 0.0388, lr: 3.42e-05
00:35:33 - INFO - Epoch 41/150 [val]   loss_total: 0.5913, loss_recon: 0.4345
00:38:38 - INFO - Epoch 42/150 [train] loss_total: 0.1682, loss_recon: 0.0093, loss_latent: 0.0389, lr: 3.39e-05
00:38:43 - INFO - Epoch 42/150 [val]   loss_total: 0.5622, loss_recon: 0.4111
00:41:47 - INFO - Epoch 43/150 [train] loss_total: 0.1675, loss_recon: 0.0093, loss_latent: 0.0388, lr: 3.36e-05
00:41:52 - INFO - Epoch 43/150 [val]   loss_total: 0.5649, loss_recon: 0.4105
00:44:57 - INFO - Epoch 44/150 [train] loss_total: 0.1672, loss_recon: 0.0093, loss_latent: 0.0389, lr: 3.33e-05
00:45:02 - INFO - Epoch 44/150 [val]   loss_total: 0.5847, loss_recon: 0.4292
00:48:07 - INFO - Epoch 45/150 [train] loss_total: 0.1659, loss_recon: 0.0092, loss_latent: 0.0393, lr: 3.29e-05
00:48:12 - INFO - Epoch 45/150 [val]   loss_total: 0.5775, loss_recon: 0.4282
00:51:16 - INFO - Epoch 46/150 [train] loss_total: 0.1655, loss_recon: 0.0092, loss_latent: 0.0392, lr: 3.26e-05
00:51:22 - INFO - Epoch 46/150 [val]   loss_total: 0.5905, loss_recon: 0.4368
00:54:26 - INFO - Epoch 47/150 [train] loss_total: 0.1646, loss_recon: 0.0092, loss_latent: 0.0395, lr: 3.23e-05
00:54:31 - INFO - Epoch 47/150 [val]   loss_total: 0.5459, loss_recon: 0.3943
00:54:32 - INFO -   -> New best model saved (val_recon=0.3943)
00:57:37 - INFO - Epoch 48/150 [train] loss_total: 0.1641, loss_recon: 0.0092, loss_latent: 0.0394, lr: 3.19e-05
00:57:42 - INFO - Epoch 48/150 [val]   loss_total: 0.5969, loss_recon: 0.4401
01:00:47 - INFO - Epoch 49/150 [train] loss_total: 0.1635, loss_recon: 0.0091, loss_latent: 0.0397, lr: 3.16e-05
01:00:52 - INFO - Epoch 49/150 [val]   loss_total: 0.6086, loss_recon: 0.4508
01:03:56 - INFO - Epoch 50/150 [train] loss_total: 0.1624, loss_recon: 0.0090, loss_latent: 0.0397, lr: 3.12e-05
01:04:01 - INFO - Epoch 50/150 [val]   loss_total: 0.5708, loss_recon: 0.4128
01:04:02 - INFO -   Checkpoint saved: output/eurosat-rqvae-8x8x2/epoch50_model.pt
01:07:07 - INFO - Epoch 51/150 [train] loss_total: 0.1620, loss_recon: 0.0091, loss_latent: 0.0398, lr: 3.09e-05
01:07:12 - INFO - Epoch 51/150 [val]   loss_total: 0.5516, loss_recon: 0.3951
01:10:16 - INFO - Epoch 52/150 [train] loss_total: 0.1615, loss_recon: 0.0091, loss_latent: 0.0398, lr: 3.05e-05
01:10:21 - INFO - Epoch 52/150 [val]   loss_total: 0.6215, loss_recon: 0.4612
01:13:26 - INFO - Epoch 53/150 [train] loss_total: 0.1611, loss_recon: 0.0090, loss_latent: 0.0400, lr: 3.01e-05
01:13:31 - INFO - Epoch 53/150 [val]   loss_total: 0.5570, loss_recon: 0.4005
01:16:35 - INFO - Epoch 54/150 [train] loss_total: 0.1608, loss_recon: 0.0090, loss_latent: 0.0403, lr: 2.97e-05
01:16:41 - INFO - Epoch 54/150 [val]   loss_total: 0.5621, loss_recon: 0.4032
01:19:45 - INFO - Epoch 55/150 [train] loss_total: 0.1595, loss_recon: 0.0090, loss_latent: 0.0402, lr: 2.94e-05
01:19:50 - INFO - Epoch 55/150 [val]   loss_total: 0.5800, loss_recon: 0.4244
01:22:55 - INFO - Epoch 56/150 [train] loss_total: 0.1593, loss_recon: 0.0089, loss_latent: 0.0405, lr: 2.90e-05
01:23:00 - INFO - Epoch 56/150 [val]   loss_total: 0.5542, loss_recon: 0.3968
01:26:05 - INFO - Epoch 57/150 [train] loss_total: 0.1585, loss_recon: 0.0089, loss_latent: 0.0406, lr: 2.86e-05
01:26:10 - INFO - Epoch 57/150 [val]   loss_total: 0.5736, loss_recon: 0.4152
01:29:14 - INFO - Epoch 58/150 [train] loss_total: 0.1583, loss_recon: 0.0089, loss_latent: 0.0407, lr: 2.82e-05
01:29:20 - INFO - Epoch 58/150 [val]   loss_total: 0.5880, loss_recon: 0.4246
01:32:24 - INFO - Epoch 59/150 [train] loss_total: 0.1580, loss_recon: 0.0089, loss_latent: 0.0409, lr: 2.78e-05
01:32:30 - INFO - Epoch 59/150 [val]   loss_total: 0.5595, loss_recon: 0.3974
01:35:34 - INFO - Epoch 60/150 [train] loss_total: 0.1573, loss_recon: 0.0089, loss_latent: 0.0407, lr: 2.74e-05
01:35:39 - INFO - Epoch 60/150 [val]   loss_total: 0.5870, loss_recon: 0.4273
01:38:44 - INFO - Epoch 61/150 [train] loss_total: 0.1566, loss_recon: 0.0088, loss_latent: 0.0409, lr: 2.70e-05
01:38:49 - INFO - Epoch 61/150 [val]   loss_total: 0.5868, loss_recon: 0.4274
01:41:53 - INFO - Epoch 62/150 [train] loss_total: 0.1559, loss_recon: 0.0088, loss_latent: 0.0410, lr: 2.66e-05
01:41:59 - INFO - Epoch 62/150 [val]   loss_total: 0.5503, loss_recon: 0.3930
01:42:00 - INFO -   -> New best model saved (val_recon=0.3930)
01:45:04 - INFO - Epoch 63/150 [train] loss_total: 0.1561, loss_recon: 0.0088, loss_latent: 0.0412, lr: 2.62e-05
01:45:09 - INFO - Epoch 63/150 [val]   loss_total: 0.5539, loss_recon: 0.3961
01:48:14 - INFO - Epoch 64/150 [train] loss_total: 0.1551, loss_recon: 0.0088, loss_latent: 0.0413, lr: 2.58e-05
01:48:19 - INFO - Epoch 64/150 [val]   loss_total: 0.5696, loss_recon: 0.4042
01:51:24 - INFO - Epoch 65/150 [train] loss_total: 0.1548, loss_recon: 0.0087, loss_latent: 0.0415, lr: 2.54e-05
01:51:29 - INFO - Epoch 65/150 [val]   loss_total: 0.6155, loss_recon: 0.4474
01:54:34 - INFO - Epoch 66/150 [train] loss_total: 0.1544, loss_recon: 0.0087, loss_latent: 0.0417, lr: 2.49e-05
01:54:39 - INFO - Epoch 66/150 [val]   loss_total: 0.5900, loss_recon: 0.4234
01:57:43 - INFO - Epoch 67/150 [train] loss_total: 0.1534, loss_recon: 0.0087, loss_latent: 0.0420, lr: 2.45e-05
01:57:48 - INFO - Epoch 67/150 [val]   loss_total: 0.6120, loss_recon: 0.4477
02:00:53 - INFO - Epoch 68/150 [train] loss_total: 0.1534, loss_recon: 0.0087, loss_latent: 0.0421, lr: 2.41e-05
02:00:58 - INFO - Epoch 68/150 [val]   loss_total: 0.5752, loss_recon: 0.4090
02:04:03 - INFO - Epoch 69/150 [train] loss_total: 0.1528, loss_recon: 0.0087, loss_latent: 0.0421, lr: 2.37e-05
02:04:08 - INFO - Epoch 69/150 [val]   loss_total: 0.5586, loss_recon: 0.3954
02:07:13 - INFO - Epoch 70/150 [train] loss_total: 0.1529, loss_recon: 0.0087, loss_latent: 0.0421, lr: 2.32e-05
02:07:18 - INFO - Epoch 70/150 [val]   loss_total: 0.5730, loss_recon: 0.4028
02:10:22 - INFO - Epoch 71/150 [train] loss_total: 0.1522, loss_recon: 0.0087, loss_latent: 0.0423, lr: 2.28e-05
02:10:27 - INFO - Epoch 71/150 [val]   loss_total: 0.5606, loss_recon: 0.3922
02:10:29 - INFO -   -> New best model saved (val_recon=0.3922)
02:13:33 - INFO - Epoch 72/150 [train] loss_total: 0.1519, loss_recon: 0.0086, loss_latent: 0.0423, lr: 2.24e-05
02:13:38 - INFO - Epoch 72/150 [val]   loss_total: 0.5691, loss_recon: 0.4029
02:16:43 - INFO - Epoch 73/150 [train] loss_total: 0.1510, loss_recon: 0.0085, loss_latent: 0.0426, lr: 2.19e-05
02:16:48 - INFO - Epoch 73/150 [val]   loss_total: 0.5576, loss_recon: 0.3935
02:19:52 - INFO - Epoch 74/150 [train] loss_total: 0.1508, loss_recon: 0.0086, loss_latent: 0.0427, lr: 2.15e-05
02:19:57 - INFO - Epoch 74/150 [val]   loss_total: 0.5610, loss_recon: 0.3904
02:19:59 - INFO -   -> New best model saved (val_recon=0.3904)
02:23:03 - INFO - Epoch 75/150 [train] loss_total: 0.1506, loss_recon: 0.0086, loss_latent: 0.0430, lr: 2.11e-05
02:23:08 - INFO - Epoch 75/150 [val]   loss_total: 0.5695, loss_recon: 0.4025
02:23:09 - INFO -   Checkpoint saved: output/eurosat-rqvae-8x8x2/epoch75_model.pt
02:26:14 - INFO - Epoch 76/150 [train] loss_total: 0.1500, loss_recon: 0.0086, loss_latent: 0.0433, lr: 2.06e-05
02:26:19 - INFO - Epoch 76/150 [val]   loss_total: 0.5970, loss_recon: 0.4240
02:29:24 - INFO - Epoch 77/150 [train] loss_total: 0.1498, loss_recon: 0.0086, loss_latent: 0.0432, lr: 2.02e-05
02:29:29 - INFO - Epoch 77/150 [val]   loss_total: 0.5754, loss_recon: 0.4029
02:32:33 - INFO - Epoch 78/150 [train] loss_total: 0.1493, loss_recon: 0.0085, loss_latent: 0.0433, lr: 1.98e-05
02:32:38 - INFO - Epoch 78/150 [val]   loss_total: 0.5869, loss_recon: 0.4138
02:35:43 - INFO - Epoch 79/150 [train] loss_total: 0.1490, loss_recon: 0.0085, loss_latent: 0.0435, lr: 1.94e-05
02:35:48 - INFO - Epoch 79/150 [val]   loss_total: 0.5829, loss_recon: 0.4084
02:38:53 - INFO - Epoch 80/150 [train] loss_total: 0.1484, loss_recon: 0.0085, loss_latent: 0.0436, lr: 1.89e-05
02:38:58 - INFO - Epoch 80/150 [val]   loss_total: 0.5653, loss_recon: 0.3918
02:42:03 - INFO - Epoch 81/150 [train] loss_total: 0.1479, loss_recon: 0.0084, loss_latent: 0.0436, lr: 1.85e-05
02:42:08 - INFO - Epoch 81/150 [val]   loss_total: 0.5659, loss_recon: 0.3958
02:45:12 - INFO - Epoch 82/150 [train] loss_total: 0.1476, loss_recon: 0.0084, loss_latent: 0.0439, lr: 1.81e-05
02:45:18 - INFO - Epoch 82/150 [val]   loss_total: 0.6080, loss_recon: 0.4237
02:48:22 - INFO - Epoch 83/150 [train] loss_total: 0.1470, loss_recon: 0.0084, loss_latent: 0.0441, lr: 1.76e-05
02:48:27 - INFO - Epoch 83/150 [val]   loss_total: 0.5742, loss_recon: 0.4013
02:51:32 - INFO - Epoch 84/150 [train] loss_total: 0.1466, loss_recon: 0.0084, loss_latent: 0.0443, lr: 1.72e-05
02:51:37 - INFO - Epoch 84/150 [val]   loss_total: 0.6114, loss_recon: 0.4326
02:54:41 - INFO - Epoch 85/150 [train] loss_total: 0.1462, loss_recon: 0.0083, loss_latent: 0.0443, lr: 1.68e-05
02:54:46 - INFO - Epoch 85/150 [val]   loss_total: 0.5796, loss_recon: 0.3998
02:57:51 - INFO - Epoch 86/150 [train] loss_total: 0.1465, loss_recon: 0.0084, loss_latent: 0.0447, lr: 1.63e-05
02:57:56 - INFO - Epoch 86/150 [val]   loss_total: 0.5612, loss_recon: 0.3854
02:57:57 - INFO -   -> New best model saved (val_recon=0.3854)
03:01:02 - INFO - Epoch 87/150 [train] loss_total: 0.1457, loss_recon: 0.0084, loss_latent: 0.0446, lr: 1.59e-05
03:01:07 - INFO - Epoch 87/150 [val]   loss_total: 0.5589, loss_recon: 0.3848
03:01:08 - INFO -   -> New best model saved (val_recon=0.3848)
03:04:13 - INFO - Epoch 88/150 [train] loss_total: 0.1455, loss_recon: 0.0083, loss_latent: 0.0447, lr: 1.55e-05
03:04:18 - INFO - Epoch 88/150 [val]   loss_total: 0.5611, loss_recon: 0.3860
03:07:22 - INFO - Epoch 89/150 [train] loss_total: 0.1452, loss_recon: 0.0083, loss_latent: 0.0450, lr: 1.51e-05
03:07:28 - INFO - Epoch 89/150 [val]   loss_total: 0.5782, loss_recon: 0.4012
03:10:32 - INFO - Epoch 90/150 [train] loss_total: 0.1446, loss_recon: 0.0083, loss_latent: 0.0453, lr: 1.46e-05
03:10:37 - INFO - Epoch 90/150 [val]   loss_total: 0.5615, loss_recon: 0.3846
03:10:38 - INFO -   -> New best model saved (val_recon=0.3846)
03:13:44 - INFO - Epoch 91/150 [train] loss_total: 0.1441, loss_recon: 0.0083, loss_latent: 0.0456, lr: 1.42e-05
03:13:49 - INFO - Epoch 91/150 [val]   loss_total: 0.5704, loss_recon: 0.3874
03:16:53 - INFO - Epoch 92/150 [train] loss_total: 0.1439, loss_recon: 0.0083, loss_latent: 0.0455, lr: 1.38e-05
03:16:58 - INFO - Epoch 92/150 [val]   loss_total: 0.5534, loss_recon: 0.3755
03:16:59 - INFO -   -> New best model saved (val_recon=0.3755)
03:20:04 - INFO - Epoch 93/150 [train] loss_total: 0.1438, loss_recon: 0.0083, loss_latent: 0.0460, lr: 1.34e-05
03:20:09 - INFO - Epoch 93/150 [val]   loss_total: 0.5557, loss_recon: 0.3788
03:23:14 - INFO - Epoch 94/150 [train] loss_total: 0.1435, loss_recon: 0.0083, loss_latent: 0.0461, lr: 1.30e-05
03:23:19 - INFO - Epoch 94/150 [val]   loss_total: 0.5871, loss_recon: 0.4023
03:26:24 - INFO - Epoch 95/150 [train] loss_total: 0.1434, loss_recon: 0.0083, loss_latent: 0.0462, lr: 1.26e-05
03:26:29 - INFO - Epoch 95/150 [val]   loss_total: 0.5797, loss_recon: 0.3978
03:29:34 - INFO - Epoch 96/150 [train] loss_total: 0.1432, loss_recon: 0.0083, loss_latent: 0.0465, lr: 1.22e-05
03:29:39 - INFO - Epoch 96/150 [val]   loss_total: 0.5854, loss_recon: 0.3958
03:32:43 - INFO - Epoch 97/150 [train] loss_total: 0.1425, loss_recon: 0.0082, loss_latent: 0.0471, lr: 1.18e-05
03:32:48 - INFO - Epoch 97/150 [val]   loss_total: 0.5883, loss_recon: 0.3982
03:35:53 - INFO - Epoch 98/150 [train] loss_total: 0.1426, loss_recon: 0.0082, loss_latent: 0.0475, lr: 1.14e-05
03:35:58 - INFO - Epoch 98/150 [val]   loss_total: 0.5860, loss_recon: 0.4008
03:39:02 - INFO - Epoch 99/150 [train] loss_total: 0.1425, loss_recon: 0.0082, loss_latent: 0.0481, lr: 1.10e-05
03:39:08 - INFO - Epoch 99/150 [val]   loss_total: 0.5875, loss_recon: 0.3868
03:42:12 - INFO - Epoch 100/150 [train] loss_total: 0.1425, loss_recon: 0.0082, loss_latent: 0.0491, lr: 1.06e-05
03:42:17 - INFO - Epoch 100/150 [val]   loss_total: 0.5702, loss_recon: 0.3782
03:42:18 - INFO -   Checkpoint saved: output/eurosat-rqvae-8x8x2/epoch100_model.pt
03:45:23 - INFO - Epoch 101/150 [train] loss_total: 0.1431, loss_recon: 0.0082, loss_latent: 0.0510, lr: 1.03e-05
03:45:28 - INFO - Epoch 101/150 [val]   loss_total: 0.6022, loss_recon: 0.3989
03:48:33 - INFO - Epoch 102/150 [train] loss_total: 0.1433, loss_recon: 0.0082, loss_latent: 0.0537, lr: 9.88e-06
03:48:38 - INFO - Epoch 102/150 [val]   loss_total: 0.5971, loss_recon: 0.3862
03:51:42 - INFO - Epoch 103/150 [train] loss_total: 0.1439, loss_recon: 0.0082, loss_latent: 0.0559, lr: 9.50e-06
03:51:47 - INFO - Epoch 103/150 [val]   loss_total: 0.6080, loss_recon: 0.3871
03:54:52 - INFO - Epoch 104/150 [train] loss_total: 0.1438, loss_recon: 0.0081, loss_latent: 0.0574, lr: 9.14e-06
03:54:57 - INFO - Epoch 104/150 [val]   loss_total: 0.6353, loss_recon: 0.4071
03:58:02 - INFO - Epoch 105/150 [train] loss_total: 0.1436, loss_recon: 0.0081, loss_latent: 0.0584, lr: 8.78e-06
03:58:07 - INFO - Epoch 105/150 [val]   loss_total: 0.6192, loss_recon: 0.3846
04:01:12 - INFO - Epoch 106/150 [train] loss_total: 0.1435, loss_recon: 0.0081, loss_latent: 0.0591, lr: 8.42e-06
04:01:17 - INFO - Epoch 106/150 [val]   loss_total: 0.6280, loss_recon: 0.3960
04:04:22 - INFO - Epoch 107/150 [train] loss_total: 0.1433, loss_recon: 0.0081, loss_latent: 0.0597, lr: 8.07e-06
04:04:27 - INFO - Epoch 107/150 [val]   loss_total: 0.6086, loss_recon: 0.3779
04:07:31 - INFO - Epoch 108/150 [train] loss_total: 0.1431, loss_recon: 0.0080, loss_latent: 0.0602, lr: 7.72e-06
04:07:36 - INFO - Epoch 108/150 [val]   loss_total: 0.5981, loss_recon: 0.3673
04:07:41 - INFO -   -> New best model saved (val_recon=0.3673)
04:10:45 - INFO - Epoch 109/150 [train] loss_total: 0.1432, loss_recon: 0.0081, loss_latent: 0.0607, lr: 7.39e-06
04:10:50 - INFO - Epoch 109/150 [val]   loss_total: 0.6104, loss_recon: 0.3707
04:13:55 - INFO - Epoch 110/150 [train] loss_total: 0.1427, loss_recon: 0.0080, loss_latent: 0.0612, lr: 7.05e-06
04:14:00 - INFO - Epoch 110/150 [val]   loss_total: 0.6204, loss_recon: 0.3869
04:17:05 - INFO - Epoch 111/150 [train] loss_total: 0.1424, loss_recon: 0.0080, loss_latent: 0.0611, lr: 6.73e-06
04:17:10 - INFO - Epoch 111/150 [val]   loss_total: 0.6232, loss_recon: 0.3866
04:20:15 - INFO - Epoch 112/150 [train] loss_total: 0.1423, loss_recon: 0.0080, loss_latent: 0.0616, lr: 6.40e-06
04:20:20 - INFO - Epoch 112/150 [val]   loss_total: 0.6341, loss_recon: 0.3883
04:23:24 - INFO - Epoch 113/150 [train] loss_total: 0.1420, loss_recon: 0.0080, loss_latent: 0.0616, lr: 6.09e-06
04:23:29 - INFO - Epoch 113/150 [val]   loss_total: 0.6302, loss_recon: 0.3868
04:26:34 - INFO - Epoch 114/150 [train] loss_total: 0.1418, loss_recon: 0.0080, loss_latent: 0.0619, lr: 5.78e-06
04:26:40 - INFO - Epoch 114/150 [val]   loss_total: 0.6273, loss_recon: 0.3842
04:29:44 - INFO - Epoch 115/150 [train] loss_total: 0.1417, loss_recon: 0.0080, loss_latent: 0.0619, lr: 5.48e-06
04:29:49 - INFO - Epoch 115/150 [val]   loss_total: 0.6203, loss_recon: 0.3744
04:32:54 - INFO - Epoch 116/150 [train] loss_total: 0.1413, loss_recon: 0.0079, loss_latent: 0.0623, lr: 5.19e-06
04:32:59 - INFO - Epoch 116/150 [val]   loss_total: 0.6087, loss_recon: 0.3657
04:33:00 - INFO -   -> New best model saved (val_recon=0.3657)
04:36:05 - INFO - Epoch 117/150 [train] loss_total: 0.1410, loss_recon: 0.0079, loss_latent: 0.0624, lr: 4.90e-06
04:36:10 - INFO - Epoch 117/150 [val]   loss_total: 0.6111, loss_recon: 0.3699
04:39:14 - INFO - Epoch 118/150 [train] loss_total: 0.1410, loss_recon: 0.0079, loss_latent: 0.0625, lr: 4.62e-06
04:39:20 - INFO - Epoch 118/150 [val]   loss_total: 0.6146, loss_recon: 0.3745
04:42:25 - INFO - Epoch 119/150 [train] loss_total: 0.1408, loss_recon: 0.0079, loss_latent: 0.0626, lr: 4.34e-06
04:42:30 - INFO - Epoch 119/150 [val]   loss_total: 0.6254, loss_recon: 0.3766
04:45:34 - INFO - Epoch 120/150 [train] loss_total: 0.1408, loss_recon: 0.0079, loss_latent: 0.0629, lr: 4.08e-06
04:45:39 - INFO - Epoch 120/150 [val]   loss_total: 0.6202, loss_recon: 0.3752
04:48:44 - INFO - Epoch 121/150 [train] loss_total: 0.1406, loss_recon: 0.0079, loss_latent: 0.0630, lr: 3.82e-06
04:48:49 - INFO - Epoch 121/150 [val]   loss_total: 0.6288, loss_recon: 0.3795
04:51:54 - INFO - Epoch 122/150 [train] loss_total: 0.1405, loss_recon: 0.0079, loss_latent: 0.0631, lr: 3.57e-06
04:51:59 - INFO - Epoch 122/150 [val]   loss_total: 0.6138, loss_recon: 0.3675
04:55:03 - INFO - Epoch 123/150 [train] loss_total: 0.1403, loss_recon: 0.0079, loss_latent: 0.0632, lr: 3.33e-06
04:55:08 - INFO - Epoch 123/150 [val]   loss_total: 0.6172, loss_recon: 0.3735
04:58:13 - INFO - Epoch 124/150 [train] loss_total: 0.1401, loss_recon: 0.0078, loss_latent: 0.0634, lr: 3.09e-06
04:58:18 - INFO - Epoch 124/150 [val]   loss_total: 0.6195, loss_recon: 0.3753
05:01:23 - INFO - Epoch 125/150 [train] loss_total: 0.1402, loss_recon: 0.0079, loss_latent: 0.0633, lr: 2.86e-06
05:01:28 - INFO - Epoch 125/150 [val]   loss_total: 0.6166, loss_recon: 0.3699
05:01:29 - INFO -   Checkpoint saved: output/eurosat-rqvae-8x8x2/epoch125_model.pt
05:04:33 - INFO - Epoch 126/150 [train] loss_total: 0.1399, loss_recon: 0.0079, loss_latent: 0.0635, lr: 2.64e-06
05:04:38 - INFO - Epoch 126/150 [val]   loss_total: 0.6306, loss_recon: 0.3729
05:07:42 - INFO - Epoch 127/150 [train] loss_total: 0.1398, loss_recon: 0.0079, loss_latent: 0.0637, lr: 2.43e-06
05:07:48 - INFO - Epoch 127/150 [val]   loss_total: 0.6110, loss_recon: 0.3631
05:07:49 - INFO -   -> New best model saved (val_recon=0.3631)
05:10:54 - INFO - Epoch 128/150 [train] loss_total: 0.1396, loss_recon: 0.0078, loss_latent: 0.0636, lr: 2.23e-06
05:10:59 - INFO - Epoch 128/150 [val]   loss_total: 0.6233, loss_recon: 0.3767
05:14:03 - INFO - Epoch 129/150 [train] loss_total: 0.1395, loss_recon: 0.0078, loss_latent: 0.0637, lr: 2.03e-06
05:14:08 - INFO - Epoch 129/150 [val]   loss_total: 0.6106, loss_recon: 0.3640
05:17:13 - INFO - Epoch 130/150 [train] loss_total: 0.1395, loss_recon: 0.0079, loss_latent: 0.0639, lr: 1.85e-06
05:17:18 - INFO - Epoch 130/150 [val]   loss_total: 0.6159, loss_recon: 0.3649
05:20:23 - INFO - Epoch 131/150 [train] loss_total: 0.1395, loss_recon: 0.0078, loss_latent: 0.0639, lr: 1.67e-06
05:20:28 - INFO - Epoch 131/150 [val]   loss_total: 0.6114, loss_recon: 0.3640
05:23:32 - INFO - Epoch 132/150 [train] loss_total: 0.1394, loss_recon: 0.0078, loss_latent: 0.0641, lr: 1.50e-06
05:23:38 - INFO - Epoch 132/150 [val]   loss_total: 0.6130, loss_recon: 0.3642
05:26:42 - INFO - Epoch 133/150 [train] loss_total: 0.1390, loss_recon: 0.0078, loss_latent: 0.0639, lr: 1.34e-06
05:26:47 - INFO - Epoch 133/150 [val]   loss_total: 0.6181, loss_recon: 0.3666
05:29:52 - INFO - Epoch 134/150 [train] loss_total: 0.1389, loss_recon: 0.0078, loss_latent: 0.0640, lr: 1.19e-06
05:29:57 - INFO - Epoch 134/150 [val]   loss_total: 0.6167, loss_recon: 0.3670
05:33:02 - INFO - Epoch 135/150 [train] loss_total: 0.1390, loss_recon: 0.0078, loss_latent: 0.0642, lr: 1.05e-06
05:33:07 - INFO - Epoch 135/150 [val]   loss_total: 0.6159, loss_recon: 0.3648
05:36:12 - INFO - Epoch 136/150 [train] loss_total: 0.1389, loss_recon: 0.0078, loss_latent: 0.0642, lr: 9.13e-07
05:36:17 - INFO - Epoch 136/150 [val]   loss_total: 0.6240, loss_recon: 0.3712
05:39:21 - INFO - Epoch 137/150 [train] loss_total: 0.1388, loss_recon: 0.0078, loss_latent: 0.0643, lr: 7.88e-07
05:39:27 - INFO - Epoch 137/150 [val]   loss_total: 0.6323, loss_recon: 0.3746
05:42:31 - INFO - Epoch 138/150 [train] loss_total: 0.1387, loss_recon: 0.0078, loss_latent: 0.0643, lr: 6.72e-07
05:42:36 - INFO - Epoch 138/150 [val]   loss_total: 0.6174, loss_recon: 0.3676
05:45:41 - INFO - Epoch 139/150 [train] loss_total: 0.1386, loss_recon: 0.0078, loss_latent: 0.0643, lr: 5.65e-07
05:45:46 - INFO - Epoch 139/150 [val]   loss_total: 0.6182, loss_recon: 0.3682
05:48:50 - INFO - Epoch 140/150 [train] loss_total: 0.1384, loss_recon: 0.0077, loss_latent: 0.0642, lr: 4.68e-07
05:48:55 - INFO - Epoch 140/150 [val]   loss_total: 0.6256, loss_recon: 0.3664
05:52:00 - INFO - Epoch 141/150 [train] loss_total: 0.1384, loss_recon: 0.0077, loss_latent: 0.0642, lr: 4.00e-07
05:52:05 - INFO - Epoch 141/150 [val]   loss_total: 0.6196, loss_recon: 0.3653
05:55:10 - INFO - Epoch 142/150 [train] loss_total: 0.1386, loss_recon: 0.0077, loss_latent: 0.0643, lr: 4.00e-07
05:55:15 - INFO - Epoch 142/150 [val]   loss_total: 0.6194, loss_recon: 0.3677
05:58:19 - INFO - Epoch 143/150 [train] loss_total: 0.1384, loss_recon: 0.0077, loss_latent: 0.0643, lr: 4.00e-07
05:58:24 - INFO - Epoch 143/150 [val]   loss_total: 0.6154, loss_recon: 0.3646
06:01:29 - INFO - Epoch 144/150 [train] loss_total: 0.1384, loss_recon: 0.0077, loss_latent: 0.0644, lr: 4.00e-07
06:01:34 - INFO - Epoch 144/150 [val]   loss_total: 0.6192, loss_recon: 0.3664
06:04:39 - INFO - Epoch 145/150 [train] loss_total: 0.1385, loss_recon: 0.0077, loss_latent: 0.0644, lr: 4.00e-07
06:04:44 - INFO - Epoch 145/150 [val]   loss_total: 0.6246, loss_recon: 0.3708
06:07:48 - INFO - Epoch 146/150 [train] loss_total: 0.1386, loss_recon: 0.0078, loss_latent: 0.0644, lr: 4.00e-07
06:07:53 - INFO - Epoch 146/150 [val]   loss_total: 0.6219, loss_recon: 0.3688
06:10:58 - INFO - Epoch 147/150 [train] loss_total: 0.1384, loss_recon: 0.0078, loss_latent: 0.0644, lr: 4.00e-07
06:11:03 - INFO - Epoch 147/150 [val]   loss_total: 0.6192, loss_recon: 0.3694
06:14:08 - INFO - Epoch 148/150 [train] loss_total: 0.1384, loss_recon: 0.0078, loss_latent: 0.0644, lr: 4.00e-07
06:14:13 - INFO - Epoch 148/150 [val]   loss_total: 0.6143, loss_recon: 0.3665
06:17:17 - INFO - Epoch 149/150 [train] loss_total: 0.1384, loss_recon: 0.0077, loss_latent: 0.0645, lr: 4.00e-07
06:17:22 - INFO - Epoch 149/150 [val]   loss_total: 0.6236, loss_recon: 0.3704
06:20:27 - INFO - Epoch 150/150 [train] loss_total: 0.1385, loss_recon: 0.0078, loss_latent: 0.0646, lr: 4.00e-07
06:20:32 - INFO - Epoch 150/150 [val]   loss_total: 0.6162, loss_recon: 0.3673
06:20:33 - INFO -   Checkpoint saved: output/eurosat-rqvae-8x8x2/epoch150_model.pt
06:20:33 - INFO - ============================================================
06:20:33 - INFO - Extracting RQ codes for NAC...
06:20:51 - INFO - Saved 24300 code sequences to code/codes.txt
06:20:51 - INFO - Code shape per image: 8x8x2 = 128 indices
06:20:51 - INFO - Copied codes to ../nac/data/codes8x8x2.txt
06:20:51 - INFO - Done! You can now run: cd ../nac && python nac_eurosat.py
