22:39:16 - INFO - Device: cuda
22:39:16 - INFO - Config: configs/eurosat/stage1/eurosat-rqvae-2x2x3.yaml
22:39:16 - INFO - Output: output/eurosat-rqvae-2x2x3
22:39:16 - INFO - Overrides -> code_shape=[2, 2, 3], n_embed=2048, latent_loss_weight=0.25, perceptual_weight=1.0, disc_weight=0.75, disc_start=0, lr=4e-05
22:39:16 - INFO - Train: 21600 images, Val: 2700 images
22:39:16 - INFO - Batch size: 16, Steps/epoch: 1350
22:39:17 - INFO - RQ-VAE parameters: 127.29M
22:46:28 - INFO - Epoch 1/150 [train] loss_total: 0.2640, loss_recon: 0.1319, loss_latent: 0.0019, lr: 8.00e-06
22:46:39 - INFO - Epoch 1/150 [val]   loss_total: 5.9760, loss_recon: 5.9686
22:46:40 - INFO -   -> New best model saved (val_recon=5.9686)
22:53:50 - INFO - Epoch 2/150 [train] loss_total: -1.2953, loss_recon: 0.0888, loss_latent: 0.0027, lr: 1.60e-05
22:54:01 - INFO - Epoch 2/150 [val]   loss_total: 7.8589, loss_recon: 7.8471
23:01:10 - INFO - Epoch 3/150 [train] loss_total: -0.6433, loss_recon: 0.0886, loss_latent: 0.0031, lr: 2.40e-05
23:01:21 - INFO - Epoch 3/150 [val]   loss_total: 3.3828, loss_recon: 3.3729
23:01:23 - INFO -   -> New best model saved (val_recon=3.3729)
23:08:32 - INFO - Epoch 4/150 [train] loss_total: -0.2518, loss_recon: 0.0856, loss_latent: 0.0037, lr: 3.20e-05
23:08:43 - INFO - Epoch 4/150 [val]   loss_total: 2.8842, loss_recon: 2.8707
23:08:46 - INFO -   -> New best model saved (val_recon=2.8707)
23:15:55 - INFO - Epoch 5/150 [train] loss_total: 0.2958, loss_recon: 0.0802, loss_latent: 0.0031, lr: 4.00e-05
23:16:07 - INFO - Epoch 5/150 [val]   loss_total: 3.1827, loss_recon: 3.1689
23:23:17 - INFO - Epoch 6/150 [train] loss_total: 0.5446, loss_recon: 0.0762, loss_latent: 0.0028, lr: 4.00e-05
23:23:28 - INFO - Epoch 6/150 [val]   loss_total: 3.0533, loss_recon: 3.0429
23:30:38 - INFO - Epoch 7/150 [train] loss_total: 0.5397, loss_recon: 0.0746, loss_latent: 0.0020, lr: 4.00e-05
23:30:47 - INFO - Epoch 7/150 [val]   loss_total: 4.1665, loss_recon: 4.1602
23:37:57 - INFO - Epoch 8/150 [train] loss_total: 0.5403, loss_recon: 0.0741, loss_latent: 0.0013, lr: 4.00e-05
23:38:08 - INFO - Epoch 8/150 [val]   loss_total: 2.7446, loss_recon: 2.7405
23:38:10 - INFO -   -> New best model saved (val_recon=2.7405)
23:45:19 - INFO - Epoch 9/150 [train] loss_total: 0.5281, loss_recon: 0.0717, loss_latent: 0.0010, lr: 3.99e-05
23:45:30 - INFO - Epoch 9/150 [val]   loss_total: 2.8259, loss_recon: 2.8221
23:52:41 - INFO - Epoch 10/150 [train] loss_total: 0.5473, loss_recon: 0.0724, loss_latent: 0.0011, lr: 3.99e-05
23:52:52 - INFO - Epoch 10/150 [val]   loss_total: 2.8083, loss_recon: 2.8040
00:00:02 - INFO - Epoch 11/150 [train] loss_total: 0.5340, loss_recon: 0.0701, loss_latent: 0.0008, lr: 3.98e-05
00:00:13 - INFO - Epoch 11/150 [val]   loss_total: 4.1100, loss_recon: 4.1071
00:07:24 - INFO - Epoch 12/150 [train] loss_total: 0.5306, loss_recon: 0.0714, loss_latent: 0.0008, lr: 3.98e-05
00:07:35 - INFO - Epoch 12/150 [val]   loss_total: 3.1142, loss_recon: 3.1117
00:14:45 - INFO - Epoch 13/150 [train] loss_total: 0.5225, loss_recon: 0.0711, loss_latent: 0.0008, lr: 3.97e-05
00:14:56 - INFO - Epoch 13/150 [val]   loss_total: 3.3710, loss_recon: 3.3680
00:22:06 - INFO - Epoch 14/150 [train] loss_total: 0.5183, loss_recon: 0.0701, loss_latent: 0.0008, lr: 3.96e-05
00:22:17 - INFO - Epoch 14/150 [val]   loss_total: 3.1748, loss_recon: 3.1709
00:29:27 - INFO - Epoch 15/150 [train] loss_total: 0.5106, loss_recon: 0.0680, loss_latent: 0.0011, lr: 3.95e-05
00:29:38 - INFO - Epoch 15/150 [val]   loss_total: 3.6800, loss_recon: 3.6753
00:36:49 - INFO - Epoch 16/150 [train] loss_total: 0.4997, loss_recon: 0.0661, loss_latent: 0.0011, lr: 3.94e-05
00:37:00 - INFO - Epoch 16/150 [val]   loss_total: 3.2807, loss_recon: 3.2774
00:44:10 - INFO - Epoch 17/150 [train] loss_total: 0.4912, loss_recon: 0.0652, loss_latent: 0.0011, lr: 3.93e-05
00:44:21 - INFO - Epoch 17/150 [val]   loss_total: 2.8603, loss_recon: 2.8557
00:51:31 - INFO - Epoch 18/150 [train] loss_total: 0.4862, loss_recon: 0.0633, loss_latent: 0.0010, lr: 3.92e-05
00:51:42 - INFO - Epoch 18/150 [val]   loss_total: 2.9707, loss_recon: 2.9661
00:58:52 - INFO - Epoch 19/150 [train] loss_total: 0.4833, loss_recon: 0.0636, loss_latent: 0.0008, lr: 3.91e-05
00:59:03 - INFO - Epoch 19/150 [val]   loss_total: 3.2324, loss_recon: 3.2298
01:06:13 - INFO - Epoch 20/150 [train] loss_total: 0.4824, loss_recon: 0.0637, loss_latent: 0.0008, lr: 3.90e-05
01:06:24 - INFO - Epoch 20/150 [val]   loss_total: 2.9005, loss_recon: 2.8956
01:13:35 - INFO - Epoch 21/150 [train] loss_total: 0.4803, loss_recon: 0.0636, loss_latent: 0.0007, lr: 3.88e-05
01:13:46 - INFO - Epoch 21/150 [val]   loss_total: 3.1849, loss_recon: 3.1830
01:20:56 - INFO - Epoch 22/150 [train] loss_total: 0.4798, loss_recon: 0.0632, loss_latent: 0.0008, lr: 3.87e-05
01:21:07 - INFO - Epoch 22/150 [val]   loss_total: 2.7184, loss_recon: 2.7154
01:21:09 - INFO -   -> New best model saved (val_recon=2.7154)
01:28:19 - INFO - Epoch 23/150 [train] loss_total: 0.4793, loss_recon: 0.0639, loss_latent: 0.0008, lr: 3.85e-05
01:28:30 - INFO - Epoch 23/150 [val]   loss_total: 2.9788, loss_recon: 2.9738
01:35:40 - INFO - Epoch 24/150 [train] loss_total: 0.4782, loss_recon: 0.0632, loss_latent: 0.0008, lr: 3.83e-05
01:35:51 - INFO - Epoch 24/150 [val]   loss_total: 3.0616, loss_recon: 3.0593
01:43:01 - INFO - Epoch 25/150 [train] loss_total: 0.4788, loss_recon: 0.0628, loss_latent: 0.0008, lr: 3.82e-05
01:43:11 - INFO - Epoch 25/150 [val]   loss_total: 3.1647, loss_recon: 3.1618
01:43:12 - INFO -   Checkpoint saved: output/eurosat-rqvae-2x2x3/epoch25_model.pt
01:50:22 - INFO - Epoch 26/150 [train] loss_total: 0.4754, loss_recon: 0.0623, loss_latent: 0.0007, lr: 3.80e-05
01:50:33 - INFO - Epoch 26/150 [val]   loss_total: 3.3813, loss_recon: 3.3788
01:57:43 - INFO - Epoch 27/150 [train] loss_total: 0.4776, loss_recon: 0.0633, loss_latent: 0.0007, lr: 3.78e-05
01:57:54 - INFO - Epoch 27/150 [val]   loss_total: 3.4526, loss_recon: 3.4498
02:05:04 - INFO - Epoch 28/150 [train] loss_total: 0.4760, loss_recon: 0.0625, loss_latent: 0.0007, lr: 3.76e-05
02:05:15 - INFO - Epoch 28/150 [val]   loss_total: 2.9582, loss_recon: 2.9553
02:12:25 - INFO - Epoch 29/150 [train] loss_total: 0.4770, loss_recon: 0.0628, loss_latent: 0.0007, lr: 3.74e-05
02:12:36 - INFO - Epoch 29/150 [val]   loss_total: 2.7875, loss_recon: 2.7848
02:19:46 - INFO - Epoch 30/150 [train] loss_total: 0.4751, loss_recon: 0.0625, loss_latent: 0.0006, lr: 3.71e-05
02:19:55 - INFO - Epoch 30/150 [val]   loss_total: 3.0848, loss_recon: 3.0828
02:27:04 - INFO - Epoch 31/150 [train] loss_total: 0.4735, loss_recon: 0.0615, loss_latent: 0.0006, lr: 3.69e-05
02:27:13 - INFO - Epoch 31/150 [val]   loss_total: 2.7963, loss_recon: 2.7940
02:34:23 - INFO - Epoch 32/150 [train] loss_total: 0.4702, loss_recon: 0.0595, loss_latent: 0.0013, lr: 3.67e-05
02:34:34 - INFO - Epoch 32/150 [val]   loss_total: 3.1250, loss_recon: 3.1158
02:41:41 - INFO - Epoch 33/150 [train] loss_total: 0.4629, loss_recon: 0.0549, loss_latent: 0.0022, lr: 3.64e-05
02:41:52 - INFO - Epoch 33/150 [val]   loss_total: 2.6482, loss_recon: 2.6409
02:41:54 - INFO -   -> New best model saved (val_recon=2.6409)
02:49:04 - INFO - Epoch 34/150 [train] loss_total: 0.4577, loss_recon: 0.0539, loss_latent: 0.0022, lr: 3.62e-05
02:49:15 - INFO - Epoch 34/150 [val]   loss_total: 2.5157, loss_recon: 2.5051
02:49:17 - INFO -   -> New best model saved (val_recon=2.5051)
02:56:27 - INFO - Epoch 35/150 [train] loss_total: 0.4551, loss_recon: 0.0527, loss_latent: 0.0023, lr: 3.59e-05
02:56:38 - INFO - Epoch 35/150 [val]   loss_total: 2.5925, loss_recon: 2.5839
03:03:47 - INFO - Epoch 36/150 [train] loss_total: 0.4515, loss_recon: 0.0512, loss_latent: 0.0024, lr: 3.57e-05
03:03:58 - INFO - Epoch 36/150 [val]   loss_total: 2.4396, loss_recon: 2.4281
03:04:00 - INFO -   -> New best model saved (val_recon=2.4281)
03:11:10 - INFO - Epoch 37/150 [train] loss_total: 0.4478, loss_recon: 0.0501, loss_latent: 0.0024, lr: 3.54e-05
03:11:21 - INFO - Epoch 37/150 [val]   loss_total: 2.4550, loss_recon: 2.4449
03:18:30 - INFO - Epoch 38/150 [train] loss_total: 0.4486, loss_recon: 0.0504, loss_latent: 0.0024, lr: 3.51e-05
03:18:41 - INFO - Epoch 38/150 [val]   loss_total: 2.2847, loss_recon: 2.2745
03:18:43 - INFO -   -> New best model saved (val_recon=2.2745)
03:25:53 - INFO - Epoch 39/150 [train] loss_total: 0.4478, loss_recon: 0.0499, loss_latent: 0.0023, lr: 3.48e-05
03:26:04 - INFO - Epoch 39/150 [val]   loss_total: 2.4819, loss_recon: 2.4716
03:33:14 - INFO - Epoch 40/150 [train] loss_total: 0.4457, loss_recon: 0.0492, loss_latent: 0.0024, lr: 3.45e-05
03:33:25 - INFO - Epoch 40/150 [val]   loss_total: 2.3216, loss_recon: 2.3113
03:40:35 - INFO - Epoch 41/150 [train] loss_total: 0.4439, loss_recon: 0.0488, loss_latent: 0.0024, lr: 3.42e-05
03:40:46 - INFO - Epoch 41/150 [val]   loss_total: 2.4058, loss_recon: 2.3972
03:47:56 - INFO - Epoch 42/150 [train] loss_total: 0.4419, loss_recon: 0.0483, loss_latent: 0.0023, lr: 3.39e-05
03:48:07 - INFO - Epoch 42/150 [val]   loss_total: 2.1196, loss_recon: 2.1093
03:48:09 - INFO -   -> New best model saved (val_recon=2.1093)
03:55:17 - INFO - Epoch 43/150 [train] loss_total: 0.4417, loss_recon: 0.0483, loss_latent: 0.0023, lr: 3.36e-05
03:55:28 - INFO - Epoch 43/150 [val]   loss_total: 2.6181, loss_recon: 2.6083
04:02:38 - INFO - Epoch 44/150 [train] loss_total: 0.4414, loss_recon: 0.0481, loss_latent: 0.0022, lr: 3.33e-05
04:02:49 - INFO - Epoch 44/150 [val]   loss_total: 2.1702, loss_recon: 2.1596
04:09:59 - INFO - Epoch 45/150 [train] loss_total: 0.4391, loss_recon: 0.0482, loss_latent: 0.0024, lr: 3.29e-05
04:10:10 - INFO - Epoch 45/150 [val]   loss_total: 2.1202, loss_recon: 2.1082
04:10:12 - INFO -   -> New best model saved (val_recon=2.1082)
04:17:20 - INFO - Epoch 46/150 [train] loss_total: 0.4383, loss_recon: 0.0475, loss_latent: 0.0036, lr: 3.26e-05
04:17:31 - INFO - Epoch 46/150 [val]   loss_total: 2.0318, loss_recon: 2.0135
04:17:33 - INFO -   -> New best model saved (val_recon=2.0135)
04:24:43 - INFO - Epoch 47/150 [train] loss_total: 0.4361, loss_recon: 0.0470, loss_latent: 0.0038, lr: 3.23e-05
04:24:54 - INFO - Epoch 47/150 [val]   loss_total: 2.0820, loss_recon: 2.0612
04:32:04 - INFO - Epoch 48/150 [train] loss_total: 0.4348, loss_recon: 0.0467, loss_latent: 0.0039, lr: 3.19e-05
04:32:16 - INFO - Epoch 48/150 [val]   loss_total: 2.1906, loss_recon: 2.1716
04:39:26 - INFO - Epoch 49/150 [train] loss_total: 0.4335, loss_recon: 0.0464, loss_latent: 0.0040, lr: 3.16e-05
04:39:37 - INFO - Epoch 49/150 [val]   loss_total: 2.4884, loss_recon: 2.4705
04:46:46 - INFO - Epoch 50/150 [train] loss_total: 0.4311, loss_recon: 0.0460, loss_latent: 0.0048, lr: 3.12e-05
04:46:54 - INFO - Epoch 50/150 [val]   loss_total: 2.1914, loss_recon: 2.1673
04:46:56 - INFO -   Checkpoint saved: output/eurosat-rqvae-2x2x3/epoch50_model.pt
04:54:06 - INFO - Epoch 51/150 [train] loss_total: 0.4298, loss_recon: 0.0448, loss_latent: 0.0054, lr: 3.09e-05
04:54:17 - INFO - Epoch 51/150 [val]   loss_total: 2.2379, loss_recon: 2.2111
05:01:27 - INFO - Epoch 52/150 [train] loss_total: 0.4275, loss_recon: 0.0442, loss_latent: 0.0055, lr: 3.05e-05
05:01:38 - INFO - Epoch 52/150 [val]   loss_total: 2.0232, loss_recon: 1.9950
05:01:40 - INFO -   -> New best model saved (val_recon=1.9950)
05:08:50 - INFO - Epoch 53/150 [train] loss_total: 0.4272, loss_recon: 0.0441, loss_latent: 0.0055, lr: 3.01e-05
05:09:02 - INFO - Epoch 53/150 [val]   loss_total: 2.3802, loss_recon: 2.3537
05:16:11 - INFO - Epoch 54/150 [train] loss_total: 0.4255, loss_recon: 0.0438, loss_latent: 0.0054, lr: 2.97e-05
05:16:22 - INFO - Epoch 54/150 [val]   loss_total: 2.4672, loss_recon: 2.4355
05:23:32 - INFO - Epoch 55/150 [train] loss_total: 0.4241, loss_recon: 0.0437, loss_latent: 0.0054, lr: 2.94e-05
05:23:44 - INFO - Epoch 55/150 [val]   loss_total: 2.1629, loss_recon: 2.1361
05:30:52 - INFO - Epoch 56/150 [train] loss_total: 0.4240, loss_recon: 0.0437, loss_latent: 0.0051, lr: 2.90e-05
05:31:02 - INFO - Epoch 56/150 [val]   loss_total: 2.0632, loss_recon: 2.0390
05:38:12 - INFO - Epoch 57/150 [train] loss_total: 0.4234, loss_recon: 0.0438, loss_latent: 0.0051, lr: 2.86e-05
05:38:23 - INFO - Epoch 57/150 [val]   loss_total: 2.0804, loss_recon: 2.0590
05:45:33 - INFO - Epoch 58/150 [train] loss_total: 0.4224, loss_recon: 0.0435, loss_latent: 0.0052, lr: 2.82e-05
05:45:42 - INFO - Epoch 58/150 [val]   loss_total: 2.3902, loss_recon: 2.3673
05:52:52 - INFO - Epoch 59/150 [train] loss_total: 0.4217, loss_recon: 0.0433, loss_latent: 0.0052, lr: 2.78e-05
05:53:03 - INFO - Epoch 59/150 [val]   loss_total: 2.0611, loss_recon: 2.0352
06:00:14 - INFO - Epoch 60/150 [train] loss_total: 0.4217, loss_recon: 0.0433, loss_latent: 0.0053, lr: 2.74e-05
06:00:25 - INFO - Epoch 60/150 [val]   loss_total: 1.9582, loss_recon: 1.9318
06:00:26 - INFO -   -> New best model saved (val_recon=1.9318)
06:07:36 - INFO - Epoch 61/150 [train] loss_total: 0.4209, loss_recon: 0.0431, loss_latent: 0.0053, lr: 2.70e-05
06:07:47 - INFO - Epoch 61/150 [val]   loss_total: 2.0382, loss_recon: 2.0126
06:14:57 - INFO - Epoch 62/150 [train] loss_total: 0.4203, loss_recon: 0.0430, loss_latent: 0.0055, lr: 2.66e-05
06:15:08 - INFO - Epoch 62/150 [val]   loss_total: 2.0752, loss_recon: 2.0495
06:22:18 - INFO - Epoch 63/150 [train] loss_total: 0.4197, loss_recon: 0.0431, loss_latent: 0.0055, lr: 2.62e-05
06:22:29 - INFO - Epoch 63/150 [val]   loss_total: 2.4511, loss_recon: 2.4250
06:29:40 - INFO - Epoch 64/150 [train] loss_total: 0.4198, loss_recon: 0.0432, loss_latent: 0.0055, lr: 2.58e-05
06:29:51 - INFO - Epoch 64/150 [val]   loss_total: 2.1693, loss_recon: 2.1396
06:37:01 - INFO - Epoch 65/150 [train] loss_total: 0.4191, loss_recon: 0.0429, loss_latent: 0.0055, lr: 2.54e-05
06:37:12 - INFO - Epoch 65/150 [val]   loss_total: 2.2789, loss_recon: 2.2504
06:44:22 - INFO - Epoch 66/150 [train] loss_total: 0.4181, loss_recon: 0.0429, loss_latent: 0.0056, lr: 2.49e-05
06:44:33 - INFO - Epoch 66/150 [val]   loss_total: 2.1201, loss_recon: 2.0913
06:51:43 - INFO - Epoch 67/150 [train] loss_total: 0.4178, loss_recon: 0.0426, loss_latent: 0.0059, lr: 2.45e-05
06:51:54 - INFO - Epoch 67/150 [val]   loss_total: 2.1440, loss_recon: 2.1178
06:59:04 - INFO - Epoch 68/150 [train] loss_total: 0.4174, loss_recon: 0.0429, loss_latent: 0.0060, lr: 2.41e-05
06:59:15 - INFO - Epoch 68/150 [val]   loss_total: 2.1775, loss_recon: 2.1477
07:06:25 - INFO - Epoch 69/150 [train] loss_total: 0.4174, loss_recon: 0.0427, loss_latent: 0.0067, lr: 2.37e-05
07:06:36 - INFO - Epoch 69/150 [val]   loss_total: 2.1656, loss_recon: 2.1342
07:13:46 - INFO - Epoch 70/150 [train] loss_total: 0.4165, loss_recon: 0.0424, loss_latent: 0.0078, lr: 2.32e-05
07:13:57 - INFO - Epoch 70/150 [val]   loss_total: 2.0441, loss_recon: 2.0101
07:21:07 - INFO - Epoch 71/150 [train] loss_total: 0.4158, loss_recon: 0.0422, loss_latent: 0.0084, lr: 2.28e-05
07:21:18 - INFO - Epoch 71/150 [val]   loss_total: 1.9975, loss_recon: 1.9581
07:28:28 - INFO - Epoch 72/150 [train] loss_total: 0.4155, loss_recon: 0.0423, loss_latent: 0.0087, lr: 2.24e-05
07:28:39 - INFO - Epoch 72/150 [val]   loss_total: 2.0720, loss_recon: 2.0293
07:35:49 - INFO - Epoch 73/150 [train] loss_total: 0.4153, loss_recon: 0.0420, loss_latent: 0.0092, lr: 2.19e-05
07:36:00 - INFO - Epoch 73/150 [val]   loss_total: 2.0577, loss_recon: 2.0123
07:43:10 - INFO - Epoch 74/150 [train] loss_total: 0.4150, loss_recon: 0.0420, loss_latent: 0.0091, lr: 2.15e-05
07:43:21 - INFO - Epoch 74/150 [val]   loss_total: 2.1230, loss_recon: 2.0860
07:50:31 - INFO - Epoch 75/150 [train] loss_total: 0.4136, loss_recon: 0.0417, loss_latent: 0.0092, lr: 2.11e-05
07:50:40 - INFO - Epoch 75/150 [val]   loss_total: 2.0895, loss_recon: 2.0549
07:50:42 - INFO -   Checkpoint saved: output/eurosat-rqvae-2x2x3/epoch75_model.pt
07:57:52 - INFO - Epoch 76/150 [train] loss_total: 0.4140, loss_recon: 0.0418, loss_latent: 0.0096, lr: 2.06e-05
07:58:03 - INFO - Epoch 76/150 [val]   loss_total: 1.8909, loss_recon: 1.8490
07:58:05 - INFO -   -> New best model saved (val_recon=1.8490)
08:05:14 - INFO - Epoch 77/150 [train] loss_total: 0.4128, loss_recon: 0.0415, loss_latent: 0.0102, lr: 2.02e-05
08:05:25 - INFO - Epoch 77/150 [val]   loss_total: 1.8816, loss_recon: 1.8415
08:05:26 - INFO -   -> New best model saved (val_recon=1.8415)
08:12:36 - INFO - Epoch 78/150 [train] loss_total: 0.4125, loss_recon: 0.0415, loss_latent: 0.0103, lr: 1.98e-05
08:12:48 - INFO - Epoch 78/150 [val]   loss_total: 1.9716, loss_recon: 1.9250
08:19:57 - INFO - Epoch 79/150 [train] loss_total: 0.4129, loss_recon: 0.0416, loss_latent: 0.0107, lr: 1.94e-05
08:20:09 - INFO - Epoch 79/150 [val]   loss_total: 1.9328, loss_recon: 1.8876
08:27:19 - INFO - Epoch 80/150 [train] loss_total: 0.4126, loss_recon: 0.0416, loss_latent: 0.0116, lr: 1.89e-05
08:27:30 - INFO - Epoch 80/150 [val]   loss_total: 2.1630, loss_recon: 2.1069
08:34:40 - INFO - Epoch 81/150 [train] loss_total: 0.4123, loss_recon: 0.0417, loss_latent: 0.0123, lr: 1.85e-05
08:34:51 - INFO - Epoch 81/150 [val]   loss_total: 1.9261, loss_recon: 1.8640
08:42:01 - INFO - Epoch 82/150 [train] loss_total: 0.4120, loss_recon: 0.0416, loss_latent: 0.0128, lr: 1.81e-05
08:42:12 - INFO - Epoch 82/150 [val]   loss_total: 2.0106, loss_recon: 1.9520
08:49:21 - INFO - Epoch 83/150 [train] loss_total: 0.4113, loss_recon: 0.0413, loss_latent: 0.0130, lr: 1.76e-05
08:49:32 - INFO - Epoch 83/150 [val]   loss_total: 1.8724, loss_recon: 1.8184
08:49:34 - INFO -   -> New best model saved (val_recon=1.8184)
08:56:44 - INFO - Epoch 84/150 [train] loss_total: 0.4106, loss_recon: 0.0413, loss_latent: 0.0136, lr: 1.72e-05
08:56:55 - INFO - Epoch 84/150 [val]   loss_total: 2.0350, loss_recon: 1.9762
09:04:05 - INFO - Epoch 85/150 [train] loss_total: 0.4102, loss_recon: 0.0413, loss_latent: 0.0141, lr: 1.68e-05
09:04:16 - INFO - Epoch 85/150 [val]   loss_total: 2.0980, loss_recon: 2.0359
09:11:26 - INFO - Epoch 86/150 [train] loss_total: 0.4107, loss_recon: 0.0413, loss_latent: 0.0144, lr: 1.63e-05
09:11:37 - INFO - Epoch 86/150 [val]   loss_total: 2.0331, loss_recon: 1.9687
09:18:47 - INFO - Epoch 87/150 [train] loss_total: 0.4103, loss_recon: 0.0412, loss_latent: 0.0143, lr: 1.59e-05
09:18:58 - INFO - Epoch 87/150 [val]   loss_total: 1.9994, loss_recon: 1.9298
09:26:08 - INFO - Epoch 88/150 [train] loss_total: 0.4093, loss_recon: 0.0410, loss_latent: 0.0148, lr: 1.55e-05
09:26:19 - INFO - Epoch 88/150 [val]   loss_total: 2.0232, loss_recon: 1.9644
09:33:29 - INFO - Epoch 89/150 [train] loss_total: 0.4089, loss_recon: 0.0412, loss_latent: 0.0151, lr: 1.51e-05
09:33:40 - INFO - Epoch 89/150 [val]   loss_total: 2.0709, loss_recon: 1.9967
09:40:50 - INFO - Epoch 90/150 [train] loss_total: 0.4088, loss_recon: 0.0410, loss_latent: 0.0155, lr: 1.46e-05
09:41:01 - INFO - Epoch 90/150 [val]   loss_total: 2.0075, loss_recon: 1.9430
09:48:11 - INFO - Epoch 91/150 [train] loss_total: 0.4077, loss_recon: 0.0407, loss_latent: 0.0158, lr: 1.42e-05
09:48:22 - INFO - Epoch 91/150 [val]   loss_total: 1.9731, loss_recon: 1.8967
09:55:32 - INFO - Epoch 92/150 [train] loss_total: 0.4073, loss_recon: 0.0405, loss_latent: 0.0167, lr: 1.38e-05
09:55:43 - INFO - Epoch 92/150 [val]   loss_total: 2.0403, loss_recon: 1.9637
10:02:53 - INFO - Epoch 93/150 [train] loss_total: 0.4064, loss_recon: 0.0405, loss_latent: 0.0168, lr: 1.34e-05
10:03:04 - INFO - Epoch 93/150 [val]   loss_total: 1.9771, loss_recon: 1.9072
10:10:14 - INFO - Epoch 94/150 [train] loss_total: 0.4061, loss_recon: 0.0403, loss_latent: 0.0173, lr: 1.30e-05
10:10:25 - INFO - Epoch 94/150 [val]   loss_total: 2.0227, loss_recon: 1.9435
10:17:35 - INFO - Epoch 95/150 [train] loss_total: 0.4058, loss_recon: 0.0402, loss_latent: 0.0176, lr: 1.26e-05
10:17:46 - INFO - Epoch 95/150 [val]   loss_total: 2.0508, loss_recon: 1.9667
10:24:56 - INFO - Epoch 96/150 [train] loss_total: 0.4049, loss_recon: 0.0400, loss_latent: 0.0181, lr: 1.22e-05
10:25:07 - INFO - Epoch 96/150 [val]   loss_total: 1.9347, loss_recon: 1.8577
10:32:17 - INFO - Epoch 97/150 [train] loss_total: 0.4049, loss_recon: 0.0399, loss_latent: 0.0180, lr: 1.18e-05
10:32:28 - INFO - Epoch 97/150 [val]   loss_total: 1.9968, loss_recon: 1.9121
10:39:37 - INFO - Epoch 98/150 [train] loss_total: 0.4045, loss_recon: 0.0398, loss_latent: 0.0186, lr: 1.14e-05
10:39:49 - INFO - Epoch 98/150 [val]   loss_total: 2.0065, loss_recon: 1.9310
10:46:59 - INFO - Epoch 99/150 [train] loss_total: 0.4043, loss_recon: 0.0398, loss_latent: 0.0197, lr: 1.10e-05
10:47:10 - INFO - Epoch 99/150 [val]   loss_total: 1.9214, loss_recon: 1.8333
10:54:18 - INFO - Epoch 100/150 [train] loss_total: 0.4032, loss_recon: 0.0396, loss_latent: 0.0195, lr: 1.06e-05
10:54:29 - INFO - Epoch 100/150 [val]   loss_total: 1.9441, loss_recon: 1.8528
10:54:31 - INFO -   Checkpoint saved: output/eurosat-rqvae-2x2x3/epoch100_model.pt
11:01:40 - INFO - Epoch 101/150 [train] loss_total: 0.4030, loss_recon: 0.0394, loss_latent: 0.0203, lr: 1.03e-05
11:01:51 - INFO - Epoch 101/150 [val]   loss_total: 1.9442, loss_recon: 1.8576
11:09:01 - INFO - Epoch 102/150 [train] loss_total: 0.4034, loss_recon: 0.0395, loss_latent: 0.0206, lr: 9.88e-06
11:09:12 - INFO - Epoch 102/150 [val]   loss_total: 2.0380, loss_recon: 1.9537
11:16:22 - INFO - Epoch 103/150 [train] loss_total: 0.4020, loss_recon: 0.0394, loss_latent: 0.0205, lr: 9.50e-06
11:16:33 - INFO - Epoch 103/150 [val]   loss_total: 2.0177, loss_recon: 1.9334
11:23:43 - INFO - Epoch 104/150 [train] loss_total: 0.4023, loss_recon: 0.0393, loss_latent: 0.0205, lr: 9.14e-06
11:23:54 - INFO - Epoch 104/150 [val]   loss_total: 2.0085, loss_recon: 1.9184
11:31:04 - INFO - Epoch 105/150 [train] loss_total: 0.4018, loss_recon: 0.0393, loss_latent: 0.0208, lr: 8.78e-06
11:31:15 - INFO - Epoch 105/150 [val]   loss_total: 1.9069, loss_recon: 1.8124
11:31:17 - INFO -   -> New best model saved (val_recon=1.8124)
11:38:27 - INFO - Epoch 106/150 [train] loss_total: 0.4004, loss_recon: 0.0390, loss_latent: 0.0211, lr: 8.42e-06
11:38:38 - INFO - Epoch 106/150 [val]   loss_total: 2.0040, loss_recon: 1.9107
11:45:48 - INFO - Epoch 107/150 [train] loss_total: 0.4000, loss_recon: 0.0389, loss_latent: 0.0216, lr: 8.07e-06
11:45:59 - INFO - Epoch 107/150 [val]   loss_total: 1.9897, loss_recon: 1.8968
11:53:09 - INFO - Epoch 108/150 [train] loss_total: 0.3998, loss_recon: 0.0390, loss_latent: 0.0216, lr: 7.72e-06
11:53:20 - INFO - Epoch 108/150 [val]   loss_total: 1.9723, loss_recon: 1.8874
12:00:29 - INFO - Epoch 109/150 [train] loss_total: 0.3998, loss_recon: 0.0387, loss_latent: 0.0221, lr: 7.39e-06
12:00:40 - INFO - Epoch 109/150 [val]   loss_total: 1.9594, loss_recon: 1.8579
12:07:50 - INFO - Epoch 110/150 [train] loss_total: 0.3990, loss_recon: 0.0387, loss_latent: 0.0218, lr: 7.05e-06
12:08:01 - INFO - Epoch 110/150 [val]   loss_total: 1.9295, loss_recon: 1.8307
12:15:11 - INFO - Epoch 111/150 [train] loss_total: 0.3986, loss_recon: 0.0387, loss_latent: 0.0227, lr: 6.73e-06
12:15:22 - INFO - Epoch 111/150 [val]   loss_total: 1.9863, loss_recon: 1.8794
12:22:32 - INFO - Epoch 112/150 [train] loss_total: 0.3983, loss_recon: 0.0386, loss_latent: 0.0231, lr: 6.40e-06
12:22:43 - INFO - Epoch 112/150 [val]   loss_total: 2.0142, loss_recon: 1.9170
12:29:53 - INFO - Epoch 113/150 [train] loss_total: 0.3979, loss_recon: 0.0385, loss_latent: 0.0230, lr: 6.09e-06
12:30:04 - INFO - Epoch 113/150 [val]   loss_total: 1.9079, loss_recon: 1.8063
12:30:06 - INFO -   -> New best model saved (val_recon=1.8063)
12:37:16 - INFO - Epoch 114/150 [train] loss_total: 0.3968, loss_recon: 0.0386, loss_latent: 0.0234, lr: 5.78e-06
12:37:27 - INFO - Epoch 114/150 [val]   loss_total: 1.8875, loss_recon: 1.7859
12:37:29 - INFO -   -> New best model saved (val_recon=1.7859)
12:44:39 - INFO - Epoch 115/150 [train] loss_total: 0.3973, loss_recon: 0.0386, loss_latent: 0.0232, lr: 5.48e-06
12:44:50 - INFO - Epoch 115/150 [val]   loss_total: 1.8922, loss_recon: 1.8030
12:52:00 - INFO - Epoch 116/150 [train] loss_total: 0.3974, loss_recon: 0.0384, loss_latent: 0.0235, lr: 5.19e-06
12:52:11 - INFO - Epoch 116/150 [val]   loss_total: 1.9812, loss_recon: 1.8749
12:59:21 - INFO - Epoch 117/150 [train] loss_total: 0.3968, loss_recon: 0.0384, loss_latent: 0.0241, lr: 4.90e-06
12:59:32 - INFO - Epoch 117/150 [val]   loss_total: 1.9949, loss_recon: 1.8924
13:06:42 - INFO - Epoch 118/150 [train] loss_total: 0.3962, loss_recon: 0.0382, loss_latent: 0.0242, lr: 4.62e-06
13:06:53 - INFO - Epoch 118/150 [val]   loss_total: 1.9071, loss_recon: 1.8099
13:14:02 - INFO - Epoch 119/150 [train] loss_total: 0.3950, loss_recon: 0.0382, loss_latent: 0.0241, lr: 4.34e-06
13:14:14 - INFO - Epoch 119/150 [val]   loss_total: 1.9586, loss_recon: 1.8481
13:21:23 - INFO - Epoch 120/150 [train] loss_total: 0.3956, loss_recon: 0.0382, loss_latent: 0.0246, lr: 4.08e-06
13:21:35 - INFO - Epoch 120/150 [val]   loss_total: 1.9936, loss_recon: 1.8872
13:28:45 - INFO - Epoch 121/150 [train] loss_total: 0.3954, loss_recon: 0.0383, loss_latent: 0.0248, lr: 3.82e-06
13:28:56 - INFO - Epoch 121/150 [val]   loss_total: 2.0046, loss_recon: 1.9041
13:36:06 - INFO - Epoch 122/150 [train] loss_total: 0.3951, loss_recon: 0.0382, loss_latent: 0.0246, lr: 3.57e-06
13:36:17 - INFO - Epoch 122/150 [val]   loss_total: 1.9404, loss_recon: 1.8336
13:43:27 - INFO - Epoch 123/150 [train] loss_total: 0.3951, loss_recon: 0.0383, loss_latent: 0.0250, lr: 3.33e-06
13:43:38 - INFO - Epoch 123/150 [val]   loss_total: 1.9362, loss_recon: 1.8336
13:50:48 - INFO - Epoch 124/150 [train] loss_total: 0.3944, loss_recon: 0.0382, loss_latent: 0.0248, lr: 3.09e-06
13:50:59 - INFO - Epoch 124/150 [val]   loss_total: 1.9697, loss_recon: 1.8702
13:58:08 - INFO - Epoch 125/150 [train] loss_total: 0.3946, loss_recon: 0.0381, loss_latent: 0.0248, lr: 2.86e-06
13:58:19 - INFO - Epoch 125/150 [val]   loss_total: 1.9499, loss_recon: 1.8514
13:58:20 - INFO -   Checkpoint saved: output/eurosat-rqvae-2x2x3/epoch125_model.pt
14:05:30 - INFO - Epoch 126/150 [train] loss_total: 0.3944, loss_recon: 0.0381, loss_latent: 0.0245, lr: 2.64e-06
14:05:41 - INFO - Epoch 126/150 [val]   loss_total: 1.9401, loss_recon: 1.8278
14:12:51 - INFO - Epoch 127/150 [train] loss_total: 0.3936, loss_recon: 0.0379, loss_latent: 0.0249, lr: 2.43e-06
14:13:03 - INFO - Epoch 127/150 [val]   loss_total: 1.9222, loss_recon: 1.8178
14:20:12 - INFO - Epoch 128/150 [train] loss_total: 0.3937, loss_recon: 0.0379, loss_latent: 0.0254, lr: 2.23e-06
14:20:24 - INFO - Epoch 128/150 [val]   loss_total: 1.9442, loss_recon: 1.8384
14:27:33 - INFO - Epoch 129/150 [train] loss_total: 0.3932, loss_recon: 0.0380, loss_latent: 0.0255, lr: 2.03e-06
14:27:45 - INFO - Epoch 129/150 [val]   loss_total: 1.9480, loss_recon: 1.8370
14:34:54 - INFO - Epoch 130/150 [train] loss_total: 0.3930, loss_recon: 0.0379, loss_latent: 0.0256, lr: 1.85e-06
14:35:05 - INFO - Epoch 130/150 [val]   loss_total: 1.9616, loss_recon: 1.8520
14:42:15 - INFO - Epoch 131/150 [train] loss_total: 0.3930, loss_recon: 0.0381, loss_latent: 0.0259, lr: 1.67e-06
14:42:26 - INFO - Epoch 131/150 [val]   loss_total: 1.9288, loss_recon: 1.8162
14:49:36 - INFO - Epoch 132/150 [train] loss_total: 0.3927, loss_recon: 0.0378, loss_latent: 0.0255, lr: 1.50e-06
14:49:47 - INFO - Epoch 132/150 [val]   loss_total: 1.9729, loss_recon: 1.8669
14:56:57 - INFO - Epoch 133/150 [train] loss_total: 0.3925, loss_recon: 0.0379, loss_latent: 0.0261, lr: 1.34e-06
14:57:08 - INFO - Epoch 133/150 [val]   loss_total: 1.9371, loss_recon: 1.8325
15:04:18 - INFO - Epoch 134/150 [train] loss_total: 0.3923, loss_recon: 0.0379, loss_latent: 0.0255, lr: 1.19e-06
15:04:29 - INFO - Epoch 134/150 [val]   loss_total: 1.9632, loss_recon: 1.8601
15:11:39 - INFO - Epoch 135/150 [train] loss_total: 0.3918, loss_recon: 0.0377, loss_latent: 0.0256, lr: 1.05e-06
15:11:50 - INFO - Epoch 135/150 [val]   loss_total: 1.9211, loss_recon: 1.8177
15:19:00 - INFO - Epoch 136/150 [train] loss_total: 0.3922, loss_recon: 0.0379, loss_latent: 0.0262, lr: 9.13e-07
15:19:11 - INFO - Epoch 136/150 [val]   loss_total: 1.9454, loss_recon: 1.8367
15:26:21 - INFO - Epoch 137/150 [train] loss_total: 0.3919, loss_recon: 0.0378, loss_latent: 0.0259, lr: 7.88e-07
15:26:32 - INFO - Epoch 137/150 [val]   loss_total: 1.9248, loss_recon: 1.8142
15:33:42 - INFO - Epoch 138/150 [train] loss_total: 0.3921, loss_recon: 0.0379, loss_latent: 0.0265, lr: 6.72e-07
15:33:53 - INFO - Epoch 138/150 [val]   loss_total: 1.9884, loss_recon: 1.8588
15:41:03 - INFO - Epoch 139/150 [train] loss_total: 0.3920, loss_recon: 0.0378, loss_latent: 0.0266, lr: 5.65e-07
15:41:14 - INFO - Epoch 139/150 [val]   loss_total: 1.9380, loss_recon: 1.8324
15:48:24 - INFO - Epoch 140/150 [train] loss_total: 0.3918, loss_recon: 0.0377, loss_latent: 0.0260, lr: 4.68e-07
15:48:35 - INFO - Epoch 140/150 [val]   loss_total: 1.9360, loss_recon: 1.8292
15:55:45 - INFO - Epoch 141/150 [train] loss_total: 0.3914, loss_recon: 0.0378, loss_latent: 0.0260, lr: 4.00e-07
15:55:56 - INFO - Epoch 141/150 [val]   loss_total: 1.9634, loss_recon: 1.8487
16:03:06 - INFO - Epoch 142/150 [train] loss_total: 0.3915, loss_recon: 0.0377, loss_latent: 0.0262, lr: 4.00e-07
16:03:17 - INFO - Epoch 142/150 [val]   loss_total: 1.9391, loss_recon: 1.8271
16:10:28 - INFO - Epoch 143/150 [train] loss_total: 0.3919, loss_recon: 0.0377, loss_latent: 0.0262, lr: 4.00e-07
16:10:39 - INFO - Epoch 143/150 [val]   loss_total: 1.9568, loss_recon: 1.8408
16:17:49 - INFO - Epoch 144/150 [train] loss_total: 0.3917, loss_recon: 0.0378, loss_latent: 0.0262, lr: 4.00e-07
16:18:00 - INFO - Epoch 144/150 [val]   loss_total: 1.9493, loss_recon: 1.8411
16:25:10 - INFO - Epoch 145/150 [train] loss_total: 0.3920, loss_recon: 0.0378, loss_latent: 0.0265, lr: 4.00e-07
16:25:21 - INFO - Epoch 145/150 [val]   loss_total: 1.9514, loss_recon: 1.8412
16:32:31 - INFO - Epoch 146/150 [train] loss_total: 0.3916, loss_recon: 0.0378, loss_latent: 0.0266, lr: 4.00e-07
16:32:42 - INFO - Epoch 146/150 [val]   loss_total: 1.9232, loss_recon: 1.8104
16:39:52 - INFO - Epoch 147/150 [train] loss_total: 0.3915, loss_recon: 0.0377, loss_latent: 0.0261, lr: 4.00e-07
16:40:03 - INFO - Epoch 147/150 [val]   loss_total: 1.9597, loss_recon: 1.8440
16:47:13 - INFO - Epoch 148/150 [train] loss_total: 0.3915, loss_recon: 0.0379, loss_latent: 0.0261, lr: 4.00e-07
16:47:24 - INFO - Epoch 148/150 [val]   loss_total: 1.9529, loss_recon: 1.8400
16:54:34 - INFO - Epoch 149/150 [train] loss_total: 0.3919, loss_recon: 0.0379, loss_latent: 0.0263, lr: 4.00e-07
16:54:45 - INFO - Epoch 149/150 [val]   loss_total: 1.9712, loss_recon: 1.8557
17:01:52 - INFO - Epoch 150/150 [train] loss_total: 0.3912, loss_recon: 0.0376, loss_latent: 0.0262, lr: 4.00e-07
17:02:03 - INFO - Epoch 150/150 [val]   loss_total: 1.9316, loss_recon: 1.8262
17:02:04 - INFO -   Checkpoint saved: output/eurosat-rqvae-2x2x3/epoch150_model.pt
17:02:04 - INFO - ============================================================
17:02:04 - INFO - Extracting RQ codes for NAC...
17:02:28 - INFO - Saved 24300 code sequences to code/codes.txt
17:02:28 - INFO - Code shape per image: 2x2x3 = 12 indices
17:02:28 - INFO - Copied codes to ../nac/data/codes2x2x3.txt
17:02:28 - INFO - Done! You can now run: cd ../nac && python nac_eurosat.py
