14:14:43 - INFO - Device: cuda
14:14:43 - INFO - Config: configs/eurosat/stage1/eurosat-rqvae-4x4x3.yaml
14:14:43 - INFO - Output: output/eurosat-rqvae-4x4x3-k1024
14:14:43 - INFO - Overrides -> code_shape=[4, 4, 3], n_embed=1024, latent_loss_weight=0.25, perceptual_weight=1.0, disc_weight=0.75, disc_start=0, lr=4e-05
14:14:44 - INFO - Train: 21600 images, Val: 2700 images
14:14:44 - INFO - Batch size: 16, Steps/epoch: 1350
14:14:44 - INFO - RQ-VAE parameters: 98.70M
14:17:56 - INFO - Epoch 1/150 [train] loss_total: 0.2170, loss_recon: 0.0982, loss_latent: 0.0073, lr: 8.00e-06
14:18:01 - INFO - Epoch 1/150 [val]   loss_total: 4.7034, loss_recon: 4.6761
14:18:02 - INFO -   -> New best model saved (val_recon=4.6761)
14:21:13 - INFO - Epoch 2/150 [train] loss_total: -0.9036, loss_recon: 0.0868, loss_latent: 0.0072, lr: 1.60e-05
14:21:18 - INFO - Epoch 2/150 [val]   loss_total: 4.8136, loss_recon: 4.7807
14:24:28 - INFO - Epoch 3/150 [train] loss_total: -1.0843, loss_recon: 0.0800, loss_latent: 0.0068, lr: 2.40e-05
14:24:33 - INFO - Epoch 3/150 [val]   loss_total: 3.3612, loss_recon: 3.3348
14:24:35 - INFO -   -> New best model saved (val_recon=3.3348)
14:27:46 - INFO - Epoch 4/150 [train] loss_total: -0.2739, loss_recon: 0.0800, loss_latent: 0.0071, lr: 3.20e-05
14:27:51 - INFO - Epoch 4/150 [val]   loss_total: 7.2092, loss_recon: 7.1823
14:31:02 - INFO - Epoch 5/150 [train] loss_total: 0.2328, loss_recon: 0.0708, loss_latent: 0.0080, lr: 4.00e-05
14:31:07 - INFO - Epoch 5/150 [val]   loss_total: 2.5531, loss_recon: 2.5206
14:31:09 - INFO -   -> New best model saved (val_recon=2.5206)
14:34:20 - INFO - Epoch 6/150 [train] loss_total: 0.3473, loss_recon: 0.0570, loss_latent: 0.0079, lr: 4.00e-05
14:34:25 - INFO - Epoch 6/150 [val]   loss_total: 2.5124, loss_recon: 2.4832
14:34:26 - INFO -   -> New best model saved (val_recon=2.4832)
14:37:37 - INFO - Epoch 7/150 [train] loss_total: 0.4134, loss_recon: 0.0475, loss_latent: 0.0066, lr: 4.00e-05
14:37:42 - INFO - Epoch 7/150 [val]   loss_total: 2.5475, loss_recon: 2.5245
14:40:53 - INFO - Epoch 8/150 [train] loss_total: 0.4338, loss_recon: 0.0444, loss_latent: 0.0054, lr: 4.00e-05
14:40:58 - INFO - Epoch 8/150 [val]   loss_total: 2.1712, loss_recon: 2.1505
14:41:00 - INFO -   -> New best model saved (val_recon=2.1505)
14:44:10 - INFO - Epoch 9/150 [train] loss_total: 0.4310, loss_recon: 0.0429, loss_latent: 0.0052, lr: 3.99e-05
14:44:15 - INFO - Epoch 9/150 [val]   loss_total: 1.8656, loss_recon: 1.8425
14:44:17 - INFO -   -> New best model saved (val_recon=1.8425)
14:47:28 - INFO - Epoch 10/150 [train] loss_total: 0.4126, loss_recon: 0.0378, loss_latent: 0.0062, lr: 3.99e-05
14:47:33 - INFO - Epoch 10/150 [val]   loss_total: 1.8764, loss_recon: 1.8472
14:50:44 - INFO - Epoch 11/150 [train] loss_total: 0.3980, loss_recon: 0.0348, loss_latent: 0.0073, lr: 3.98e-05
14:50:49 - INFO - Epoch 11/150 [val]   loss_total: 1.7574, loss_recon: 1.7242
14:50:51 - INFO -   -> New best model saved (val_recon=1.7242)
14:54:01 - INFO - Epoch 12/150 [train] loss_total: 0.3901, loss_recon: 0.0329, loss_latent: 0.0071, lr: 3.98e-05
14:54:06 - INFO - Epoch 12/150 [val]   loss_total: 1.6288, loss_recon: 1.5992
14:54:08 - INFO -   -> New best model saved (val_recon=1.5992)
14:57:19 - INFO - Epoch 13/150 [train] loss_total: 0.3867, loss_recon: 0.0322, loss_latent: 0.0066, lr: 3.97e-05
14:57:24 - INFO - Epoch 13/150 [val]   loss_total: 1.5998, loss_recon: 1.5743
14:57:26 - INFO -   -> New best model saved (val_recon=1.5743)
15:00:36 - INFO - Epoch 14/150 [train] loss_total: 0.3837, loss_recon: 0.0319, loss_latent: 0.0064, lr: 3.96e-05
15:00:41 - INFO - Epoch 14/150 [val]   loss_total: 1.3800, loss_recon: 1.3544
15:00:43 - INFO -   -> New best model saved (val_recon=1.3544)
15:03:54 - INFO - Epoch 15/150 [train] loss_total: 0.3784, loss_recon: 0.0307, loss_latent: 0.0067, lr: 3.95e-05
15:03:59 - INFO - Epoch 15/150 [val]   loss_total: 1.4878, loss_recon: 1.4572
15:07:09 - INFO - Epoch 16/150 [train] loss_total: 0.3691, loss_recon: 0.0291, loss_latent: 0.0074, lr: 3.94e-05
15:07:14 - INFO - Epoch 16/150 [val]   loss_total: 1.4129, loss_recon: 1.3832
15:10:25 - INFO - Epoch 17/150 [train] loss_total: 0.3659, loss_recon: 0.0287, loss_latent: 0.0072, lr: 3.93e-05
15:10:30 - INFO - Epoch 17/150 [val]   loss_total: 1.2595, loss_recon: 1.2302
15:10:32 - INFO -   -> New best model saved (val_recon=1.2302)
15:13:43 - INFO - Epoch 18/150 [train] loss_total: 0.3647, loss_recon: 0.0282, loss_latent: 0.0072, lr: 3.92e-05
15:13:48 - INFO - Epoch 18/150 [val]   loss_total: 1.3544, loss_recon: 1.3219
15:16:59 - INFO - Epoch 19/150 [train] loss_total: 0.3607, loss_recon: 0.0276, loss_latent: 0.0084, lr: 3.91e-05
15:17:04 - INFO - Epoch 19/150 [val]   loss_total: 1.3215, loss_recon: 1.2805
15:20:14 - INFO - Epoch 20/150 [train] loss_total: 0.3558, loss_recon: 0.0269, loss_latent: 0.0106, lr: 3.90e-05
15:20:20 - INFO - Epoch 20/150 [val]   loss_total: 1.6286, loss_recon: 1.5884
15:23:30 - INFO - Epoch 21/150 [train] loss_total: 0.3523, loss_recon: 0.0263, loss_latent: 0.0112, lr: 3.88e-05
15:23:35 - INFO - Epoch 21/150 [val]   loss_total: 1.1736, loss_recon: 1.1289
15:23:37 - INFO -   -> New best model saved (val_recon=1.1289)
15:26:48 - INFO - Epoch 22/150 [train] loss_total: 0.3480, loss_recon: 0.0256, loss_latent: 0.0115, lr: 3.87e-05
15:26:53 - INFO - Epoch 22/150 [val]   loss_total: 1.1162, loss_recon: 1.0631
15:26:55 - INFO -   -> New best model saved (val_recon=1.0631)
15:30:06 - INFO - Epoch 23/150 [train] loss_total: 0.3454, loss_recon: 0.0254, loss_latent: 0.0115, lr: 3.85e-05
15:30:11 - INFO - Epoch 23/150 [val]   loss_total: 1.1416, loss_recon: 1.0931
15:33:22 - INFO - Epoch 24/150 [train] loss_total: 0.3433, loss_recon: 0.0252, loss_latent: 0.0115, lr: 3.83e-05
15:33:27 - INFO - Epoch 24/150 [val]   loss_total: 1.2280, loss_recon: 1.1822
15:36:38 - INFO - Epoch 25/150 [train] loss_total: 0.3413, loss_recon: 0.0249, loss_latent: 0.0116, lr: 3.82e-05
15:36:43 - INFO - Epoch 25/150 [val]   loss_total: 1.3659, loss_recon: 1.3173
15:36:44 - INFO -   Checkpoint saved: output/eurosat-rqvae-4x4x3-k1024/epoch25_model.pt
15:39:55 - INFO - Epoch 26/150 [train] loss_total: 0.3387, loss_recon: 0.0246, loss_latent: 0.0115, lr: 3.80e-05
15:40:00 - INFO - Epoch 26/150 [val]   loss_total: 1.3278, loss_recon: 1.2832
15:43:11 - INFO - Epoch 27/150 [train] loss_total: 0.3369, loss_recon: 0.0244, loss_latent: 0.0115, lr: 3.78e-05
15:43:16 - INFO - Epoch 27/150 [val]   loss_total: 1.1436, loss_recon: 1.0941
15:46:27 - INFO - Epoch 28/150 [train] loss_total: 0.3350, loss_recon: 0.0241, loss_latent: 0.0115, lr: 3.76e-05
15:46:32 - INFO - Epoch 28/150 [val]   loss_total: 1.5037, loss_recon: 1.4598
15:49:43 - INFO - Epoch 29/150 [train] loss_total: 0.3330, loss_recon: 0.0243, loss_latent: 0.0115, lr: 3.74e-05
15:49:48 - INFO - Epoch 29/150 [val]   loss_total: 1.1662, loss_recon: 1.1162
15:52:59 - INFO - Epoch 30/150 [train] loss_total: 0.3306, loss_recon: 0.0239, loss_latent: 0.0116, lr: 3.71e-05
15:53:04 - INFO - Epoch 30/150 [val]   loss_total: 1.3013, loss_recon: 1.2493
15:56:15 - INFO - Epoch 31/150 [train] loss_total: 0.3293, loss_recon: 0.0237, loss_latent: 0.0117, lr: 3.69e-05
15:56:20 - INFO - Epoch 31/150 [val]   loss_total: 1.2445, loss_recon: 1.1953
15:59:31 - INFO - Epoch 32/150 [train] loss_total: 0.3278, loss_recon: 0.0236, loss_latent: 0.0118, lr: 3.67e-05
15:59:36 - INFO - Epoch 32/150 [val]   loss_total: 1.1734, loss_recon: 1.1224
16:02:47 - INFO - Epoch 33/150 [train] loss_total: 0.3261, loss_recon: 0.0235, loss_latent: 0.0117, lr: 3.64e-05
16:02:52 - INFO - Epoch 33/150 [val]   loss_total: 1.0867, loss_recon: 1.0370
16:02:53 - INFO -   -> New best model saved (val_recon=1.0370)
16:06:04 - INFO - Epoch 34/150 [train] loss_total: 0.3247, loss_recon: 0.0235, loss_latent: 0.0118, lr: 3.62e-05
16:06:09 - INFO - Epoch 34/150 [val]   loss_total: 1.2240, loss_recon: 1.1771
16:09:21 - INFO - Epoch 35/150 [train] loss_total: 0.3228, loss_recon: 0.0233, loss_latent: 0.0118, lr: 3.59e-05
16:09:26 - INFO - Epoch 35/150 [val]   loss_total: 1.0844, loss_recon: 1.0341
16:09:27 - INFO -   -> New best model saved (val_recon=1.0341)
16:12:38 - INFO - Epoch 36/150 [train] loss_total: 0.3226, loss_recon: 0.0235, loss_latent: 0.0118, lr: 3.57e-05
16:12:43 - INFO - Epoch 36/150 [val]   loss_total: 1.2733, loss_recon: 1.2203
16:15:54 - INFO - Epoch 37/150 [train] loss_total: 0.3215, loss_recon: 0.0234, loss_latent: 0.0119, lr: 3.54e-05
16:15:59 - INFO - Epoch 37/150 [val]   loss_total: 1.1162, loss_recon: 1.0645
16:19:10 - INFO - Epoch 38/150 [train] loss_total: 0.3192, loss_recon: 0.0233, loss_latent: 0.0120, lr: 3.51e-05
16:19:15 - INFO - Epoch 38/150 [val]   loss_total: 1.1281, loss_recon: 1.0797
16:22:26 - INFO - Epoch 39/150 [train] loss_total: 0.3185, loss_recon: 0.0231, loss_latent: 0.0122, lr: 3.48e-05
16:22:32 - INFO - Epoch 39/150 [val]   loss_total: 1.1540, loss_recon: 1.1015
16:25:43 - INFO - Epoch 40/150 [train] loss_total: 0.3164, loss_recon: 0.0229, loss_latent: 0.0122, lr: 3.45e-05
16:25:48 - INFO - Epoch 40/150 [val]   loss_total: 1.1172, loss_recon: 1.0644
16:28:59 - INFO - Epoch 41/150 [train] loss_total: 0.3155, loss_recon: 0.0228, loss_latent: 0.0124, lr: 3.42e-05
16:29:04 - INFO - Epoch 41/150 [val]   loss_total: 1.1368, loss_recon: 1.0819
16:32:15 - INFO - Epoch 42/150 [train] loss_total: 0.3137, loss_recon: 0.0226, loss_latent: 0.0124, lr: 3.39e-05
16:32:20 - INFO - Epoch 42/150 [val]   loss_total: 1.3196, loss_recon: 1.2685
16:35:31 - INFO - Epoch 43/150 [train] loss_total: 0.3131, loss_recon: 0.0228, loss_latent: 0.0125, lr: 3.36e-05
16:35:36 - INFO - Epoch 43/150 [val]   loss_total: 1.1197, loss_recon: 1.0659
16:38:47 - INFO - Epoch 44/150 [train] loss_total: 0.3127, loss_recon: 0.0227, loss_latent: 0.0125, lr: 3.33e-05
16:38:52 - INFO - Epoch 44/150 [val]   loss_total: 1.1106, loss_recon: 1.0569
16:42:03 - INFO - Epoch 45/150 [train] loss_total: 0.3109, loss_recon: 0.0227, loss_latent: 0.0126, lr: 3.29e-05
16:42:08 - INFO - Epoch 45/150 [val]   loss_total: 1.1806, loss_recon: 1.1280
16:45:19 - INFO - Epoch 46/150 [train] loss_total: 0.3101, loss_recon: 0.0224, loss_latent: 0.0127, lr: 3.26e-05
16:45:24 - INFO - Epoch 46/150 [val]   loss_total: 1.0353, loss_recon: 0.9827
16:45:26 - INFO -   -> New best model saved (val_recon=0.9827)
16:48:36 - INFO - Epoch 47/150 [train] loss_total: 0.3099, loss_recon: 0.0224, loss_latent: 0.0127, lr: 3.23e-05
16:48:42 - INFO - Epoch 47/150 [val]   loss_total: 1.1278, loss_recon: 1.0747
16:51:53 - INFO - Epoch 48/150 [train] loss_total: 0.3077, loss_recon: 0.0223, loss_latent: 0.0127, lr: 3.19e-05
16:51:58 - INFO - Epoch 48/150 [val]   loss_total: 1.2022, loss_recon: 1.1451
16:55:09 - INFO - Epoch 49/150 [train] loss_total: 0.3068, loss_recon: 0.0222, loss_latent: 0.0127, lr: 3.16e-05
16:55:14 - INFO - Epoch 49/150 [val]   loss_total: 1.1507, loss_recon: 1.0953
16:58:25 - INFO - Epoch 50/150 [train] loss_total: 0.3061, loss_recon: 0.0222, loss_latent: 0.0128, lr: 3.12e-05
16:58:30 - INFO - Epoch 50/150 [val]   loss_total: 1.0773, loss_recon: 1.0189
16:58:31 - INFO -   Checkpoint saved: output/eurosat-rqvae-4x4x3-k1024/epoch50_model.pt
17:01:42 - INFO - Epoch 51/150 [train] loss_total: 0.3048, loss_recon: 0.0220, loss_latent: 0.0131, lr: 3.09e-05
17:01:47 - INFO - Epoch 51/150 [val]   loss_total: 1.1685, loss_recon: 1.1122
17:04:58 - INFO - Epoch 52/150 [train] loss_total: 0.3037, loss_recon: 0.0221, loss_latent: 0.0130, lr: 3.05e-05
17:05:03 - INFO - Epoch 52/150 [val]   loss_total: 1.0248, loss_recon: 0.9724
17:05:05 - INFO -   -> New best model saved (val_recon=0.9724)
17:08:16 - INFO - Epoch 53/150 [train] loss_total: 0.3030, loss_recon: 0.0220, loss_latent: 0.0132, lr: 3.01e-05
17:08:21 - INFO - Epoch 53/150 [val]   loss_total: 1.0674, loss_recon: 1.0098
17:11:32 - INFO - Epoch 54/150 [train] loss_total: 0.3014, loss_recon: 0.0219, loss_latent: 0.0132, lr: 2.97e-05
17:11:37 - INFO - Epoch 54/150 [val]   loss_total: 1.0407, loss_recon: 0.9871
17:14:48 - INFO - Epoch 55/150 [train] loss_total: 0.3013, loss_recon: 0.0218, loss_latent: 0.0132, lr: 2.94e-05
17:14:53 - INFO - Epoch 55/150 [val]   loss_total: 0.9876, loss_recon: 0.9309
17:14:54 - INFO -   -> New best model saved (val_recon=0.9309)
17:18:05 - INFO - Epoch 56/150 [train] loss_total: 0.2995, loss_recon: 0.0217, loss_latent: 0.0133, lr: 2.90e-05
17:18:10 - INFO - Epoch 56/150 [val]   loss_total: 1.0608, loss_recon: 1.0041
17:21:22 - INFO - Epoch 57/150 [train] loss_total: 0.2987, loss_recon: 0.0217, loss_latent: 0.0135, lr: 2.86e-05
17:21:27 - INFO - Epoch 57/150 [val]   loss_total: 1.1182, loss_recon: 1.0623
17:24:37 - INFO - Epoch 58/150 [train] loss_total: 0.2976, loss_recon: 0.0216, loss_latent: 0.0135, lr: 2.82e-05
17:24:42 - INFO - Epoch 58/150 [val]   loss_total: 1.0195, loss_recon: 0.9640
17:27:53 - INFO - Epoch 59/150 [train] loss_total: 0.2974, loss_recon: 0.0215, loss_latent: 0.0136, lr: 2.78e-05
17:27:58 - INFO - Epoch 59/150 [val]   loss_total: 1.1088, loss_recon: 1.0509
17:31:09 - INFO - Epoch 60/150 [train] loss_total: 0.2964, loss_recon: 0.0215, loss_latent: 0.0136, lr: 2.74e-05
17:31:14 - INFO - Epoch 60/150 [val]   loss_total: 1.1148, loss_recon: 1.0584
17:34:25 - INFO - Epoch 61/150 [train] loss_total: 0.2965, loss_recon: 0.0216, loss_latent: 0.0137, lr: 2.70e-05
17:34:30 - INFO - Epoch 61/150 [val]   loss_total: 1.0204, loss_recon: 0.9619
17:37:41 - INFO - Epoch 62/150 [train] loss_total: 0.2947, loss_recon: 0.0214, loss_latent: 0.0139, lr: 2.66e-05
17:37:46 - INFO - Epoch 62/150 [val]   loss_total: 1.0315, loss_recon: 0.9748
17:40:57 - INFO - Epoch 63/150 [train] loss_total: 0.2935, loss_recon: 0.0215, loss_latent: 0.0140, lr: 2.62e-05
17:41:02 - INFO - Epoch 63/150 [val]   loss_total: 1.0610, loss_recon: 1.0016
17:44:13 - INFO - Epoch 64/150 [train] loss_total: 0.2923, loss_recon: 0.0213, loss_latent: 0.0140, lr: 2.58e-05
17:44:18 - INFO - Epoch 64/150 [val]   loss_total: 1.0016, loss_recon: 0.9441
17:47:28 - INFO - Epoch 65/150 [train] loss_total: 0.2922, loss_recon: 0.0212, loss_latent: 0.0140, lr: 2.54e-05
17:47:34 - INFO - Epoch 65/150 [val]   loss_total: 1.0994, loss_recon: 1.0408
17:50:45 - INFO - Epoch 66/150 [train] loss_total: 0.2909, loss_recon: 0.0211, loss_latent: 0.0142, lr: 2.49e-05
17:50:50 - INFO - Epoch 66/150 [val]   loss_total: 1.0932, loss_recon: 1.0330
17:54:00 - INFO - Epoch 67/150 [train] loss_total: 0.2903, loss_recon: 0.0212, loss_latent: 0.0143, lr: 2.45e-05
17:54:06 - INFO - Epoch 67/150 [val]   loss_total: 1.0263, loss_recon: 0.9642
17:57:16 - INFO - Epoch 68/150 [train] loss_total: 0.2889, loss_recon: 0.0211, loss_latent: 0.0146, lr: 2.41e-05
17:57:21 - INFO - Epoch 68/150 [val]   loss_total: 0.9828, loss_recon: 0.9215
17:57:23 - INFO -   -> New best model saved (val_recon=0.9215)
18:00:34 - INFO - Epoch 69/150 [train] loss_total: 0.2889, loss_recon: 0.0211, loss_latent: 0.0148, lr: 2.37e-05
18:00:39 - INFO - Epoch 69/150 [val]   loss_total: 0.9898, loss_recon: 0.9277
18:03:50 - INFO - Epoch 70/150 [train] loss_total: 0.2876, loss_recon: 0.0210, loss_latent: 0.0148, lr: 2.32e-05
18:03:55 - INFO - Epoch 70/150 [val]   loss_total: 0.9979, loss_recon: 0.9366
18:07:06 - INFO - Epoch 71/150 [train] loss_total: 0.2869, loss_recon: 0.0209, loss_latent: 0.0149, lr: 2.28e-05
18:07:11 - INFO - Epoch 71/150 [val]   loss_total: 1.0131, loss_recon: 0.9506
18:10:21 - INFO - Epoch 72/150 [train] loss_total: 0.2858, loss_recon: 0.0209, loss_latent: 0.0148, lr: 2.24e-05
18:10:27 - INFO - Epoch 72/150 [val]   loss_total: 1.0467, loss_recon: 0.9829
18:13:37 - INFO - Epoch 73/150 [train] loss_total: 0.2854, loss_recon: 0.0208, loss_latent: 0.0152, lr: 2.19e-05
18:13:43 - INFO - Epoch 73/150 [val]   loss_total: 1.0419, loss_recon: 0.9781
18:16:53 - INFO - Epoch 74/150 [train] loss_total: 0.2838, loss_recon: 0.0207, loss_latent: 0.0154, lr: 2.15e-05
18:16:58 - INFO - Epoch 74/150 [val]   loss_total: 1.0847, loss_recon: 1.0193
18:20:10 - INFO - Epoch 75/150 [train] loss_total: 0.2833, loss_recon: 0.0208, loss_latent: 0.0155, lr: 2.11e-05
18:20:15 - INFO - Epoch 75/150 [val]   loss_total: 1.1254, loss_recon: 1.0579
18:20:16 - INFO -   Checkpoint saved: output/eurosat-rqvae-4x4x3-k1024/epoch75_model.pt
18:23:26 - INFO - Epoch 76/150 [train] loss_total: 0.2822, loss_recon: 0.0207, loss_latent: 0.0155, lr: 2.06e-05
18:23:31 - INFO - Epoch 76/150 [val]   loss_total: 1.0553, loss_recon: 0.9887
18:26:42 - INFO - Epoch 77/150 [train] loss_total: 0.2820, loss_recon: 0.0206, loss_latent: 0.0156, lr: 2.02e-05
18:26:47 - INFO - Epoch 77/150 [val]   loss_total: 1.0796, loss_recon: 1.0130
18:29:58 - INFO - Epoch 78/150 [train] loss_total: 0.2811, loss_recon: 0.0206, loss_latent: 0.0158, lr: 1.98e-05
18:30:03 - INFO - Epoch 78/150 [val]   loss_total: 1.1171, loss_recon: 1.0526
18:33:14 - INFO - Epoch 79/150 [train] loss_total: 0.2796, loss_recon: 0.0205, loss_latent: 0.0159, lr: 1.94e-05
18:33:19 - INFO - Epoch 79/150 [val]   loss_total: 1.0944, loss_recon: 1.0287
18:36:30 - INFO - Epoch 80/150 [train] loss_total: 0.2792, loss_recon: 0.0205, loss_latent: 0.0162, lr: 1.89e-05
18:36:35 - INFO - Epoch 80/150 [val]   loss_total: 1.0466, loss_recon: 0.9806
18:39:45 - INFO - Epoch 81/150 [train] loss_total: 0.2781, loss_recon: 0.0205, loss_latent: 0.0161, lr: 1.85e-05
18:39:50 - INFO - Epoch 81/150 [val]   loss_total: 1.1597, loss_recon: 1.0926
18:43:01 - INFO - Epoch 82/150 [train] loss_total: 0.2774, loss_recon: 0.0204, loss_latent: 0.0164, lr: 1.81e-05
18:43:06 - INFO - Epoch 82/150 [val]   loss_total: 1.1240, loss_recon: 1.0551
18:46:17 - INFO - Epoch 83/150 [train] loss_total: 0.2771, loss_recon: 0.0204, loss_latent: 0.0166, lr: 1.76e-05
18:46:22 - INFO - Epoch 83/150 [val]   loss_total: 1.0561, loss_recon: 0.9845
18:49:33 - INFO - Epoch 84/150 [train] loss_total: 0.2757, loss_recon: 0.0204, loss_latent: 0.0166, lr: 1.72e-05
18:49:38 - INFO - Epoch 84/150 [val]   loss_total: 1.0034, loss_recon: 0.9324
18:52:48 - INFO - Epoch 85/150 [train] loss_total: 0.2752, loss_recon: 0.0203, loss_latent: 0.0169, lr: 1.68e-05
18:52:53 - INFO - Epoch 85/150 [val]   loss_total: 1.0104, loss_recon: 0.9417
18:56:04 - INFO - Epoch 86/150 [train] loss_total: 0.2748, loss_recon: 0.0203, loss_latent: 0.0171, lr: 1.63e-05
18:56:09 - INFO - Epoch 86/150 [val]   loss_total: 1.0101, loss_recon: 0.9341
18:59:20 - INFO - Epoch 87/150 [train] loss_total: 0.2735, loss_recon: 0.0202, loss_latent: 0.0173, lr: 1.59e-05
18:59:25 - INFO - Epoch 87/150 [val]   loss_total: 1.0857, loss_recon: 1.0118
19:02:35 - INFO - Epoch 88/150 [train] loss_total: 0.2728, loss_recon: 0.0201, loss_latent: 0.0175, lr: 1.55e-05
19:02:41 - INFO - Epoch 88/150 [val]   loss_total: 1.0224, loss_recon: 0.9475
19:05:51 - INFO - Epoch 89/150 [train] loss_total: 0.2718, loss_recon: 0.0201, loss_latent: 0.0177, lr: 1.51e-05
19:05:57 - INFO - Epoch 89/150 [val]   loss_total: 1.0786, loss_recon: 1.0020
19:09:07 - INFO - Epoch 90/150 [train] loss_total: 0.2712, loss_recon: 0.0200, loss_latent: 0.0179, lr: 1.46e-05
19:09:12 - INFO - Epoch 90/150 [val]   loss_total: 1.0303, loss_recon: 0.9551
19:12:23 - INFO - Epoch 91/150 [train] loss_total: 0.2706, loss_recon: 0.0201, loss_latent: 0.0181, lr: 1.42e-05
19:12:28 - INFO - Epoch 91/150 [val]   loss_total: 0.9866, loss_recon: 0.9097
19:12:30 - INFO -   -> New best model saved (val_recon=0.9097)
19:15:40 - INFO - Epoch 92/150 [train] loss_total: 0.2700, loss_recon: 0.0201, loss_latent: 0.0183, lr: 1.38e-05
19:15:45 - INFO - Epoch 92/150 [val]   loss_total: 1.0265, loss_recon: 0.9479
19:18:57 - INFO - Epoch 93/150 [train] loss_total: 0.2695, loss_recon: 0.0201, loss_latent: 0.0186, lr: 1.34e-05
19:19:02 - INFO - Epoch 93/150 [val]   loss_total: 1.0524, loss_recon: 0.9767
19:22:12 - INFO - Epoch 94/150 [train] loss_total: 0.2686, loss_recon: 0.0199, loss_latent: 0.0189, lr: 1.30e-05
19:22:17 - INFO - Epoch 94/150 [val]   loss_total: 1.0155, loss_recon: 0.9364
19:25:28 - INFO - Epoch 95/150 [train] loss_total: 0.2677, loss_recon: 0.0199, loss_latent: 0.0192, lr: 1.26e-05
19:25:33 - INFO - Epoch 95/150 [val]   loss_total: 1.1072, loss_recon: 1.0268
19:28:44 - INFO - Epoch 96/150 [train] loss_total: 0.2671, loss_recon: 0.0198, loss_latent: 0.0196, lr: 1.22e-05
19:28:49 - INFO - Epoch 96/150 [val]   loss_total: 1.1563, loss_recon: 1.0727
19:32:00 - INFO - Epoch 97/150 [train] loss_total: 0.2671, loss_recon: 0.0199, loss_latent: 0.0201, lr: 1.18e-05
19:32:05 - INFO - Epoch 97/150 [val]   loss_total: 1.0583, loss_recon: 0.9761
19:35:16 - INFO - Epoch 98/150 [train] loss_total: 0.2666, loss_recon: 0.0199, loss_latent: 0.0206, lr: 1.14e-05
19:35:21 - INFO - Epoch 98/150 [val]   loss_total: 1.0619, loss_recon: 0.9744
19:38:31 - INFO - Epoch 99/150 [train] loss_total: 0.2659, loss_recon: 0.0199, loss_latent: 0.0210, lr: 1.10e-05
19:38:36 - INFO - Epoch 99/150 [val]   loss_total: 1.1603, loss_recon: 1.0712
19:41:47 - INFO - Epoch 100/150 [train] loss_total: 0.2650, loss_recon: 0.0197, loss_latent: 0.0213, lr: 1.06e-05
19:41:52 - INFO - Epoch 100/150 [val]   loss_total: 1.0869, loss_recon: 0.9976
19:41:53 - INFO -   Checkpoint saved: output/eurosat-rqvae-4x4x3-k1024/epoch100_model.pt
19:45:04 - INFO - Epoch 101/150 [train] loss_total: 0.2639, loss_recon: 0.0197, loss_latent: 0.0215, lr: 1.03e-05
19:45:09 - INFO - Epoch 101/150 [val]   loss_total: 1.0232, loss_recon: 0.9330
19:48:20 - INFO - Epoch 102/150 [train] loss_total: 0.2637, loss_recon: 0.0196, loss_latent: 0.0217, lr: 9.88e-06
19:48:25 - INFO - Epoch 102/150 [val]   loss_total: 1.0761, loss_recon: 0.9810
19:51:36 - INFO - Epoch 103/150 [train] loss_total: 0.2628, loss_recon: 0.0197, loss_latent: 0.0220, lr: 9.50e-06
19:51:41 - INFO - Epoch 103/150 [val]   loss_total: 1.1276, loss_recon: 1.0321
19:54:52 - INFO - Epoch 104/150 [train] loss_total: 0.2624, loss_recon: 0.0196, loss_latent: 0.0223, lr: 9.14e-06
19:54:57 - INFO - Epoch 104/150 [val]   loss_total: 1.0883, loss_recon: 0.9929
19:58:07 - INFO - Epoch 105/150 [train] loss_total: 0.2615, loss_recon: 0.0196, loss_latent: 0.0226, lr: 8.78e-06
19:58:13 - INFO - Epoch 105/150 [val]   loss_total: 1.0307, loss_recon: 0.9339
20:01:24 - INFO - Epoch 106/150 [train] loss_total: 0.2611, loss_recon: 0.0195, loss_latent: 0.0228, lr: 8.42e-06
20:01:29 - INFO - Epoch 106/150 [val]   loss_total: 1.0485, loss_recon: 0.9495
20:04:39 - INFO - Epoch 107/150 [train] loss_total: 0.2607, loss_recon: 0.0195, loss_latent: 0.0232, lr: 8.07e-06
20:04:45 - INFO - Epoch 107/150 [val]   loss_total: 1.0556, loss_recon: 0.9599
20:07:55 - INFO - Epoch 108/150 [train] loss_total: 0.2600, loss_recon: 0.0195, loss_latent: 0.0232, lr: 7.72e-06
20:08:00 - INFO - Epoch 108/150 [val]   loss_total: 1.0327, loss_recon: 0.9403
20:11:11 - INFO - Epoch 109/150 [train] loss_total: 0.2590, loss_recon: 0.0194, loss_latent: 0.0236, lr: 7.39e-06
20:11:16 - INFO - Epoch 109/150 [val]   loss_total: 1.0956, loss_recon: 0.9952
20:14:27 - INFO - Epoch 110/150 [train] loss_total: 0.2584, loss_recon: 0.0194, loss_latent: 0.0237, lr: 7.05e-06
20:14:32 - INFO - Epoch 110/150 [val]   loss_total: 1.0591, loss_recon: 0.9590
20:17:43 - INFO - Epoch 111/150 [train] loss_total: 0.2582, loss_recon: 0.0194, loss_latent: 0.0239, lr: 6.73e-06
20:17:48 - INFO - Epoch 111/150 [val]   loss_total: 1.0425, loss_recon: 0.9401
20:20:58 - INFO - Epoch 112/150 [train] loss_total: 0.2575, loss_recon: 0.0193, loss_latent: 0.0243, lr: 6.40e-06
20:21:03 - INFO - Epoch 112/150 [val]   loss_total: 1.0520, loss_recon: 0.9523
20:24:14 - INFO - Epoch 113/150 [train] loss_total: 0.2571, loss_recon: 0.0193, loss_latent: 0.0246, lr: 6.09e-06
20:24:19 - INFO - Epoch 113/150 [val]   loss_total: 1.0573, loss_recon: 0.9562
20:27:30 - INFO - Epoch 114/150 [train] loss_total: 0.2568, loss_recon: 0.0193, loss_latent: 0.0247, lr: 5.78e-06
20:27:35 - INFO - Epoch 114/150 [val]   loss_total: 1.0271, loss_recon: 0.9234
20:30:46 - INFO - Epoch 115/150 [train] loss_total: 0.2560, loss_recon: 0.0193, loss_latent: 0.0251, lr: 5.48e-06
20:30:51 - INFO - Epoch 115/150 [val]   loss_total: 1.0511, loss_recon: 0.9467
20:34:02 - INFO - Epoch 116/150 [train] loss_total: 0.2559, loss_recon: 0.0193, loss_latent: 0.0253, lr: 5.19e-06
20:34:07 - INFO - Epoch 116/150 [val]   loss_total: 1.0751, loss_recon: 0.9700
20:37:18 - INFO - Epoch 117/150 [train] loss_total: 0.2549, loss_recon: 0.0192, loss_latent: 0.0256, lr: 4.90e-06
20:37:23 - INFO - Epoch 117/150 [val]   loss_total: 1.0769, loss_recon: 0.9699
20:40:34 - INFO - Epoch 118/150 [train] loss_total: 0.2550, loss_recon: 0.0192, loss_latent: 0.0261, lr: 4.62e-06
20:40:39 - INFO - Epoch 118/150 [val]   loss_total: 1.0445, loss_recon: 0.9341
20:43:49 - INFO - Epoch 119/150 [train] loss_total: 0.2549, loss_recon: 0.0192, loss_latent: 0.0263, lr: 4.34e-06
20:43:55 - INFO - Epoch 119/150 [val]   loss_total: 1.1130, loss_recon: 1.0017
20:47:06 - INFO - Epoch 120/150 [train] loss_total: 0.2542, loss_recon: 0.0191, loss_latent: 0.0264, lr: 4.08e-06
20:47:11 - INFO - Epoch 120/150 [val]   loss_total: 1.0814, loss_recon: 0.9706
20:50:21 - INFO - Epoch 121/150 [train] loss_total: 0.2537, loss_recon: 0.0191, loss_latent: 0.0269, lr: 3.82e-06
20:50:26 - INFO - Epoch 121/150 [val]   loss_total: 1.0868, loss_recon: 0.9728
20:53:37 - INFO - Epoch 122/150 [train] loss_total: 0.2536, loss_recon: 0.0192, loss_latent: 0.0272, lr: 3.57e-06
20:53:42 - INFO - Epoch 122/150 [val]   loss_total: 1.0817, loss_recon: 0.9680
20:56:53 - INFO - Epoch 123/150 [train] loss_total: 0.2534, loss_recon: 0.0191, loss_latent: 0.0275, lr: 3.33e-06
20:56:58 - INFO - Epoch 123/150 [val]   loss_total: 1.0461, loss_recon: 0.9343
21:00:09 - INFO - Epoch 124/150 [train] loss_total: 0.2533, loss_recon: 0.0191, loss_latent: 0.0278, lr: 3.09e-06
21:00:14 - INFO - Epoch 124/150 [val]   loss_total: 1.0595, loss_recon: 0.9404
21:03:25 - INFO - Epoch 125/150 [train] loss_total: 0.2527, loss_recon: 0.0191, loss_latent: 0.0281, lr: 2.86e-06
21:03:30 - INFO - Epoch 125/150 [val]   loss_total: 1.0891, loss_recon: 0.9729
21:03:31 - INFO -   Checkpoint saved: output/eurosat-rqvae-4x4x3-k1024/epoch125_model.pt
21:06:41 - INFO - Epoch 126/150 [train] loss_total: 0.2524, loss_recon: 0.0191, loss_latent: 0.0283, lr: 2.64e-06
21:06:46 - INFO - Epoch 126/150 [val]   loss_total: 1.0612, loss_recon: 0.9454
21:09:57 - INFO - Epoch 127/150 [train] loss_total: 0.2526, loss_recon: 0.0191, loss_latent: 0.0285, lr: 2.43e-06
21:10:02 - INFO - Epoch 127/150 [val]   loss_total: 1.0919, loss_recon: 0.9707
21:13:13 - INFO - Epoch 128/150 [train] loss_total: 0.2521, loss_recon: 0.0190, loss_latent: 0.0287, lr: 2.23e-06
21:13:18 - INFO - Epoch 128/150 [val]   loss_total: 1.0562, loss_recon: 0.9341
21:16:29 - INFO - Epoch 129/150 [train] loss_total: 0.2516, loss_recon: 0.0190, loss_latent: 0.0289, lr: 2.03e-06
21:16:34 - INFO - Epoch 129/150 [val]   loss_total: 1.0941, loss_recon: 0.9711
21:19:45 - INFO - Epoch 130/150 [train] loss_total: 0.2516, loss_recon: 0.0190, loss_latent: 0.0292, lr: 1.85e-06
21:19:50 - INFO - Epoch 130/150 [val]   loss_total: 1.0658, loss_recon: 0.9385
21:23:07 - INFO - Epoch 131/150 [train] loss_total: 0.2510, loss_recon: 0.0190, loss_latent: 0.0293, lr: 1.67e-06
21:23:12 - INFO - Epoch 131/150 [val]   loss_total: 1.0772, loss_recon: 0.9567
21:26:22 - INFO - Epoch 132/150 [train] loss_total: 0.2511, loss_recon: 0.0190, loss_latent: 0.0294, lr: 1.50e-06
21:26:27 - INFO - Epoch 132/150 [val]   loss_total: 1.0635, loss_recon: 0.9420
21:29:39 - INFO - Epoch 133/150 [train] loss_total: 0.2511, loss_recon: 0.0190, loss_latent: 0.0296, lr: 1.34e-06
21:29:44 - INFO - Epoch 133/150 [val]   loss_total: 1.0746, loss_recon: 0.9525
21:32:55 - INFO - Epoch 134/150 [train] loss_total: 0.2509, loss_recon: 0.0189, loss_latent: 0.0297, lr: 1.19e-06
21:33:00 - INFO - Epoch 134/150 [val]   loss_total: 1.0635, loss_recon: 0.9381
21:36:12 - INFO - Epoch 135/150 [train] loss_total: 0.2505, loss_recon: 0.0189, loss_latent: 0.0298, lr: 1.05e-06
21:36:17 - INFO - Epoch 135/150 [val]   loss_total: 1.0686, loss_recon: 0.9424
21:39:28 - INFO - Epoch 136/150 [train] loss_total: 0.2504, loss_recon: 0.0189, loss_latent: 0.0299, lr: 9.13e-07
21:39:33 - INFO - Epoch 136/150 [val]   loss_total: 1.0684, loss_recon: 0.9420
21:42:44 - INFO - Epoch 137/150 [train] loss_total: 0.2501, loss_recon: 0.0189, loss_latent: 0.0301, lr: 7.88e-07
21:42:49 - INFO - Epoch 137/150 [val]   loss_total: 1.0667, loss_recon: 0.9409
21:46:01 - INFO - Epoch 138/150 [train] loss_total: 0.2501, loss_recon: 0.0189, loss_latent: 0.0302, lr: 6.72e-07
21:46:07 - INFO - Epoch 138/150 [val]   loss_total: 1.0695, loss_recon: 0.9426
21:49:18 - INFO - Epoch 139/150 [train] loss_total: 0.2500, loss_recon: 0.0189, loss_latent: 0.0302, lr: 5.65e-07
21:49:23 - INFO - Epoch 139/150 [val]   loss_total: 1.0673, loss_recon: 0.9418
21:52:34 - INFO - Epoch 140/150 [train] loss_total: 0.2500, loss_recon: 0.0190, loss_latent: 0.0301, lr: 4.68e-07
21:52:39 - INFO - Epoch 140/150 [val]   loss_total: 1.0661, loss_recon: 0.9401
21:55:50 - INFO - Epoch 141/150 [train] loss_total: 0.2498, loss_recon: 0.0189, loss_latent: 0.0302, lr: 4.00e-07
21:55:55 - INFO - Epoch 141/150 [val]   loss_total: 1.0596, loss_recon: 0.9359
21:59:05 - INFO - Epoch 142/150 [train] loss_total: 0.2498, loss_recon: 0.0189, loss_latent: 0.0303, lr: 4.00e-07
21:59:10 - INFO - Epoch 142/150 [val]   loss_total: 1.0638, loss_recon: 0.9335
22:02:21 - INFO - Epoch 143/150 [train] loss_total: 0.2496, loss_recon: 0.0189, loss_latent: 0.0304, lr: 4.00e-07
22:02:26 - INFO - Epoch 143/150 [val]   loss_total: 1.0756, loss_recon: 0.9474
22:05:37 - INFO - Epoch 144/150 [train] loss_total: 0.2497, loss_recon: 0.0188, loss_latent: 0.0305, lr: 4.00e-07
22:05:42 - INFO - Epoch 144/150 [val]   loss_total: 1.0800, loss_recon: 0.9493
22:08:53 - INFO - Epoch 145/150 [train] loss_total: 0.2493, loss_recon: 0.0189, loss_latent: 0.0305, lr: 4.00e-07
22:08:58 - INFO - Epoch 145/150 [val]   loss_total: 1.0602, loss_recon: 0.9351
22:12:09 - INFO - Epoch 146/150 [train] loss_total: 0.2494, loss_recon: 0.0188, loss_latent: 0.0305, lr: 4.00e-07
22:12:14 - INFO - Epoch 146/150 [val]   loss_total: 1.0732, loss_recon: 0.9437
22:15:24 - INFO - Epoch 147/150 [train] loss_total: 0.2498, loss_recon: 0.0189, loss_latent: 0.0305, lr: 4.00e-07
22:15:29 - INFO - Epoch 147/150 [val]   loss_total: 1.0668, loss_recon: 0.9416
22:18:40 - INFO - Epoch 148/150 [train] loss_total: 0.2497, loss_recon: 0.0189, loss_latent: 0.0306, lr: 4.00e-07
22:18:45 - INFO - Epoch 148/150 [val]   loss_total: 1.0694, loss_recon: 0.9409
22:21:55 - INFO - Epoch 149/150 [train] loss_total: 0.2490, loss_recon: 0.0188, loss_latent: 0.0305, lr: 4.00e-07
22:22:00 - INFO - Epoch 149/150 [val]   loss_total: 1.0691, loss_recon: 0.9444
22:25:11 - INFO - Epoch 150/150 [train] loss_total: 0.2499, loss_recon: 0.0190, loss_latent: 0.0307, lr: 4.00e-07
22:25:16 - INFO - Epoch 150/150 [val]   loss_total: 1.0605, loss_recon: 0.9339
22:25:17 - INFO -   Checkpoint saved: output/eurosat-rqvae-4x4x3-k1024/epoch150_model.pt
22:25:17 - INFO - ============================================================
22:25:17 - INFO - Extracting RQ codes for NAC...
22:25:34 - INFO - Saved 24300 code sequences to code/codes.txt
22:25:34 - INFO - Code shape per image: 4x4x3 = 48 indices
22:25:34 - INFO - Copied codes to ../nac/data/codes4x4x3.txt
22:25:34 - INFO - Done! You can now run: cd ../nac && python nac_eurosat.py
