22:39:16 - INFO - Device: cuda
22:39:16 - INFO - Config: configs/eurosat/stage1/eurosat-rqvae-2x2x2.yaml
22:39:16 - INFO - Output: output/eurosat-rqvae-2x2x2
22:39:16 - INFO - Overrides -> code_shape=[2, 2, 2], n_embed=2048, latent_loss_weight=0.25, perceptual_weight=1.0, disc_weight=0.75, disc_start=0, lr=4e-05
22:39:16 - INFO - Train: 21600 images, Val: 2700 images
22:39:16 - INFO - Batch size: 16, Steps/epoch: 1350
22:39:17 - INFO - RQ-VAE parameters: 127.29M
22:46:28 - INFO - Epoch 1/150 [train] loss_total: 0.2953, loss_recon: 0.1029, loss_latent: 0.0086, lr: 8.00e-06
22:46:39 - INFO - Epoch 1/150 [val]   loss_total: 4.8692, loss_recon: 4.8434
22:46:40 - INFO -   -> New best model saved (val_recon=4.8434)
22:53:50 - INFO - Epoch 2/150 [train] loss_total: -0.9432, loss_recon: 0.0891, loss_latent: 0.0064, lr: 1.60e-05
22:54:01 - INFO - Epoch 2/150 [val]   loss_total: 5.3882, loss_recon: 5.3811
23:01:10 - INFO - Epoch 3/150 [train] loss_total: -0.8373, loss_recon: 0.0814, loss_latent: 0.0056, lr: 2.40e-05
23:01:21 - INFO - Epoch 3/150 [val]   loss_total: 3.0442, loss_recon: 3.0259
23:01:23 - INFO -   -> New best model saved (val_recon=3.0259)
23:08:33 - INFO - Epoch 4/150 [train] loss_total: -0.4895, loss_recon: 0.0809, loss_latent: 0.0045, lr: 3.20e-05
23:08:44 - INFO - Epoch 4/150 [val]   loss_total: 3.8416, loss_recon: 3.8308
23:15:51 - INFO - Epoch 5/150 [train] loss_total: 0.0437, loss_recon: 0.0814, loss_latent: 0.0032, lr: 4.00e-05
23:16:02 - INFO - Epoch 5/150 [val]   loss_total: 4.1716, loss_recon: 4.1603
23:23:12 - INFO - Epoch 6/150 [train] loss_total: 0.4411, loss_recon: 0.0723, loss_latent: 0.0019, lr: 4.00e-05
23:23:23 - INFO - Epoch 6/150 [val]   loss_total: 3.0677, loss_recon: 3.0625
23:30:34 - INFO - Epoch 7/150 [train] loss_total: 0.4765, loss_recon: 0.0675, loss_latent: 0.0013, lr: 4.00e-05
23:30:45 - INFO - Epoch 7/150 [val]   loss_total: 2.5520, loss_recon: 2.5476
23:30:47 - INFO -   -> New best model saved (val_recon=2.5476)
23:37:57 - INFO - Epoch 8/150 [train] loss_total: 0.4835, loss_recon: 0.0643, loss_latent: 0.0010, lr: 4.00e-05
23:38:08 - INFO - Epoch 8/150 [val]   loss_total: 2.9853, loss_recon: 2.9819
23:45:15 - INFO - Epoch 9/150 [train] loss_total: 0.4769, loss_recon: 0.0634, loss_latent: 0.0006, lr: 3.99e-05
23:45:26 - INFO - Epoch 9/150 [val]   loss_total: 3.2846, loss_recon: 3.2826
23:52:37 - INFO - Epoch 10/150 [train] loss_total: 0.4747, loss_recon: 0.0625, loss_latent: 0.0005, lr: 3.99e-05
23:52:48 - INFO - Epoch 10/150 [val]   loss_total: 3.0939, loss_recon: 3.0923
23:59:58 - INFO - Epoch 11/150 [train] loss_total: 0.4750, loss_recon: 0.0637, loss_latent: 0.0005, lr: 3.98e-05
00:00:09 - INFO - Epoch 11/150 [val]   loss_total: 2.9504, loss_recon: 2.9487
00:07:20 - INFO - Epoch 12/150 [train] loss_total: 0.4721, loss_recon: 0.0631, loss_latent: 0.0004, lr: 3.98e-05
00:07:31 - INFO - Epoch 12/150 [val]   loss_total: 3.1463, loss_recon: 3.1447
00:14:41 - INFO - Epoch 13/150 [train] loss_total: 0.4722, loss_recon: 0.0629, loss_latent: 0.0004, lr: 3.97e-05
00:14:52 - INFO - Epoch 13/150 [val]   loss_total: 2.8227, loss_recon: 2.8212
00:22:02 - INFO - Epoch 14/150 [train] loss_total: 0.4745, loss_recon: 0.0627, loss_latent: 0.0004, lr: 3.96e-05
00:22:13 - INFO - Epoch 14/150 [val]   loss_total: 3.2266, loss_recon: 3.2254
00:29:23 - INFO - Epoch 15/150 [train] loss_total: 0.4720, loss_recon: 0.0630, loss_latent: 0.0004, lr: 3.95e-05
00:29:34 - INFO - Epoch 15/150 [val]   loss_total: 3.0542, loss_recon: 3.0528
00:36:45 - INFO - Epoch 16/150 [train] loss_total: 0.4720, loss_recon: 0.0630, loss_latent: 0.0004, lr: 3.94e-05
00:36:56 - INFO - Epoch 16/150 [val]   loss_total: 3.0936, loss_recon: 3.0920
00:44:06 - INFO - Epoch 17/150 [train] loss_total: 0.4721, loss_recon: 0.0629, loss_latent: 0.0004, lr: 3.93e-05
00:44:17 - INFO - Epoch 17/150 [val]   loss_total: 2.8828, loss_recon: 2.8812
00:51:27 - INFO - Epoch 18/150 [train] loss_total: 0.4693, loss_recon: 0.0627, loss_latent: 0.0004, lr: 3.92e-05
00:51:38 - INFO - Epoch 18/150 [val]   loss_total: 2.9898, loss_recon: 2.9879
00:58:48 - INFO - Epoch 19/150 [train] loss_total: 0.4664, loss_recon: 0.0627, loss_latent: 0.0004, lr: 3.91e-05
00:58:59 - INFO - Epoch 19/150 [val]   loss_total: 3.0539, loss_recon: 3.0519
01:06:09 - INFO - Epoch 20/150 [train] loss_total: 0.4643, loss_recon: 0.0618, loss_latent: 0.0004, lr: 3.90e-05
01:06:20 - INFO - Epoch 20/150 [val]   loss_total: 2.9830, loss_recon: 2.9814
01:13:31 - INFO - Epoch 21/150 [train] loss_total: 0.4644, loss_recon: 0.0614, loss_latent: 0.0004, lr: 3.88e-05
01:13:42 - INFO - Epoch 21/150 [val]   loss_total: 3.1308, loss_recon: 3.1295
01:20:52 - INFO - Epoch 22/150 [train] loss_total: 0.4616, loss_recon: 0.0614, loss_latent: 0.0005, lr: 3.87e-05
01:21:03 - INFO - Epoch 22/150 [val]   loss_total: 2.5789, loss_recon: 2.5769
01:28:11 - INFO - Epoch 23/150 [train] loss_total: 0.4628, loss_recon: 0.0609, loss_latent: 0.0005, lr: 3.85e-05
01:28:22 - INFO - Epoch 23/150 [val]   loss_total: 2.5644, loss_recon: 2.5625
01:35:32 - INFO - Epoch 24/150 [train] loss_total: 0.4623, loss_recon: 0.0606, loss_latent: 0.0005, lr: 3.83e-05
01:35:43 - INFO - Epoch 24/150 [val]   loss_total: 3.2028, loss_recon: 3.2006
01:42:53 - INFO - Epoch 25/150 [train] loss_total: 0.4593, loss_recon: 0.0587, loss_latent: 0.0017, lr: 3.82e-05
01:43:04 - INFO - Epoch 25/150 [val]   loss_total: 2.9408, loss_recon: 2.9248
01:43:05 - INFO -   Checkpoint saved: output/eurosat-rqvae-2x2x2/epoch25_model.pt
01:50:13 - INFO - Epoch 26/150 [train] loss_total: 0.4537, loss_recon: 0.0551, loss_latent: 0.0028, lr: 3.80e-05
01:50:24 - INFO - Epoch 26/150 [val]   loss_total: 2.6701, loss_recon: 2.6615
01:57:34 - INFO - Epoch 27/150 [train] loss_total: 0.4517, loss_recon: 0.0537, loss_latent: 0.0029, lr: 3.78e-05
01:57:45 - INFO - Epoch 27/150 [val]   loss_total: 2.5714, loss_recon: 2.5609
02:04:55 - INFO - Epoch 28/150 [train] loss_total: 0.4493, loss_recon: 0.0533, loss_latent: 0.0029, lr: 3.76e-05
02:05:06 - INFO - Epoch 28/150 [val]   loss_total: 2.6129, loss_recon: 2.6003
02:12:16 - INFO - Epoch 29/150 [train] loss_total: 0.4469, loss_recon: 0.0523, loss_latent: 0.0031, lr: 3.74e-05
02:12:27 - INFO - Epoch 29/150 [val]   loss_total: 2.9934, loss_recon: 2.9792
02:19:37 - INFO - Epoch 30/150 [train] loss_total: 0.4459, loss_recon: 0.0522, loss_latent: 0.0031, lr: 3.71e-05
02:19:48 - INFO - Epoch 30/150 [val]   loss_total: 2.4705, loss_recon: 2.4547
02:19:50 - INFO -   -> New best model saved (val_recon=2.4547)
02:27:00 - INFO - Epoch 31/150 [train] loss_total: 0.4454, loss_recon: 0.0515, loss_latent: 0.0033, lr: 3.69e-05
02:27:11 - INFO - Epoch 31/150 [val]   loss_total: 2.3827, loss_recon: 2.3693
02:27:13 - INFO -   -> New best model saved (val_recon=2.3693)
02:34:23 - INFO - Epoch 32/150 [train] loss_total: 0.4441, loss_recon: 0.0508, loss_latent: 0.0034, lr: 3.67e-05
02:34:34 - INFO - Epoch 32/150 [val]   loss_total: 2.3107, loss_recon: 2.2984
02:34:36 - INFO -   -> New best model saved (val_recon=2.2984)
02:41:46 - INFO - Epoch 33/150 [train] loss_total: 0.4409, loss_recon: 0.0505, loss_latent: 0.0035, lr: 3.64e-05
02:41:55 - INFO - Epoch 33/150 [val]   loss_total: 2.4323, loss_recon: 2.4179
02:49:05 - INFO - Epoch 34/150 [train] loss_total: 0.4439, loss_recon: 0.0504, loss_latent: 0.0035, lr: 3.62e-05
02:49:16 - INFO - Epoch 34/150 [val]   loss_total: 2.3718, loss_recon: 2.3588
02:56:23 - INFO - Epoch 35/150 [train] loss_total: 0.4402, loss_recon: 0.0496, loss_latent: 0.0035, lr: 3.59e-05
02:56:34 - INFO - Epoch 35/150 [val]   loss_total: 2.5633, loss_recon: 2.5509
03:03:44 - INFO - Epoch 36/150 [train] loss_total: 0.4412, loss_recon: 0.0500, loss_latent: 0.0037, lr: 3.57e-05
03:03:55 - INFO - Epoch 36/150 [val]   loss_total: 2.9036, loss_recon: 2.8876
03:11:02 - INFO - Epoch 37/150 [train] loss_total: 0.4385, loss_recon: 0.0496, loss_latent: 0.0037, lr: 3.54e-05
03:11:13 - INFO - Epoch 37/150 [val]   loss_total: 2.3649, loss_recon: 2.3505
03:18:23 - INFO - Epoch 38/150 [train] loss_total: 0.4375, loss_recon: 0.0491, loss_latent: 0.0037, lr: 3.51e-05
03:18:34 - INFO - Epoch 38/150 [val]   loss_total: 2.3875, loss_recon: 2.3733
03:25:42 - INFO - Epoch 39/150 [train] loss_total: 0.4355, loss_recon: 0.0488, loss_latent: 0.0037, lr: 3.48e-05
03:25:53 - INFO - Epoch 39/150 [val]   loss_total: 2.7093, loss_recon: 2.6907
03:33:03 - INFO - Epoch 40/150 [train] loss_total: 0.4357, loss_recon: 0.0493, loss_latent: 0.0038, lr: 3.45e-05
03:33:14 - INFO - Epoch 40/150 [val]   loss_total: 2.5132, loss_recon: 2.4993
03:40:24 - INFO - Epoch 41/150 [train] loss_total: 0.4362, loss_recon: 0.0492, loss_latent: 0.0038, lr: 3.42e-05
03:40:35 - INFO - Epoch 41/150 [val]   loss_total: 2.3857, loss_recon: 2.3691
03:47:45 - INFO - Epoch 42/150 [train] loss_total: 0.4337, loss_recon: 0.0486, loss_latent: 0.0038, lr: 3.39e-05
03:47:56 - INFO - Epoch 42/150 [val]   loss_total: 2.3950, loss_recon: 2.3790
03:55:05 - INFO - Epoch 43/150 [train] loss_total: 0.4333, loss_recon: 0.0484, loss_latent: 0.0038, lr: 3.36e-05
03:55:16 - INFO - Epoch 43/150 [val]   loss_total: 2.2245, loss_recon: 2.2058
03:55:18 - INFO -   -> New best model saved (val_recon=2.2058)
04:02:28 - INFO - Epoch 44/150 [train] loss_total: 0.4338, loss_recon: 0.0485, loss_latent: 0.0040, lr: 3.33e-05
04:02:39 - INFO - Epoch 44/150 [val]   loss_total: 2.2478, loss_recon: 2.2272
04:09:48 - INFO - Epoch 45/150 [train] loss_total: 0.4325, loss_recon: 0.0486, loss_latent: 0.0041, lr: 3.29e-05
04:09:59 - INFO - Epoch 45/150 [val]   loss_total: 2.3449, loss_recon: 2.3275
04:17:08 - INFO - Epoch 46/150 [train] loss_total: 0.4317, loss_recon: 0.0484, loss_latent: 0.0041, lr: 3.26e-05
04:17:19 - INFO - Epoch 46/150 [val]   loss_total: 2.2108, loss_recon: 2.1976
04:17:21 - INFO -   -> New best model saved (val_recon=2.1976)
04:24:29 - INFO - Epoch 47/150 [train] loss_total: 0.4305, loss_recon: 0.0483, loss_latent: 0.0041, lr: 3.23e-05
04:24:40 - INFO - Epoch 47/150 [val]   loss_total: 2.3325, loss_recon: 2.3168
04:31:50 - INFO - Epoch 48/150 [train] loss_total: 0.4296, loss_recon: 0.0481, loss_latent: 0.0042, lr: 3.19e-05
04:32:01 - INFO - Epoch 48/150 [val]   loss_total: 2.2197, loss_recon: 2.2020
04:39:12 - INFO - Epoch 49/150 [train] loss_total: 0.4293, loss_recon: 0.0480, loss_latent: 0.0042, lr: 3.16e-05
04:39:23 - INFO - Epoch 49/150 [val]   loss_total: 2.3166, loss_recon: 2.2997
04:46:33 - INFO - Epoch 50/150 [train] loss_total: 0.4283, loss_recon: 0.0480, loss_latent: 0.0043, lr: 3.12e-05
04:46:44 - INFO - Epoch 50/150 [val]   loss_total: 2.0964, loss_recon: 2.0745
04:46:46 - INFO -   -> New best model saved (val_recon=2.0745)
04:46:48 - INFO -   Checkpoint saved: output/eurosat-rqvae-2x2x2/epoch50_model.pt
04:53:56 - INFO - Epoch 51/150 [train] loss_total: 0.4289, loss_recon: 0.0477, loss_latent: 0.0045, lr: 3.09e-05
04:54:07 - INFO - Epoch 51/150 [val]   loss_total: 2.2778, loss_recon: 2.2608
05:01:18 - INFO - Epoch 52/150 [train] loss_total: 0.4272, loss_recon: 0.0476, loss_latent: 0.0045, lr: 3.05e-05
05:01:29 - INFO - Epoch 52/150 [val]   loss_total: 2.1446, loss_recon: 2.1274
05:08:36 - INFO - Epoch 53/150 [train] loss_total: 0.4276, loss_recon: 0.0478, loss_latent: 0.0047, lr: 3.01e-05
05:08:48 - INFO - Epoch 53/150 [val]   loss_total: 2.2470, loss_recon: 2.2292
05:15:57 - INFO - Epoch 54/150 [train] loss_total: 0.4280, loss_recon: 0.0476, loss_latent: 0.0053, lr: 2.97e-05
05:16:08 - INFO - Epoch 54/150 [val]   loss_total: 2.1359, loss_recon: 2.1091
05:23:18 - INFO - Epoch 55/150 [train] loss_total: 0.4268, loss_recon: 0.0474, loss_latent: 0.0072, lr: 2.94e-05
05:23:30 - INFO - Epoch 55/150 [val]   loss_total: 2.3039, loss_recon: 2.2714
05:30:39 - INFO - Epoch 56/150 [train] loss_total: 0.4270, loss_recon: 0.0467, loss_latent: 0.0098, lr: 2.90e-05
05:30:51 - INFO - Epoch 56/150 [val]   loss_total: 2.0411, loss_recon: 2.0011
05:30:53 - INFO -   -> New best model saved (val_recon=2.0011)
05:38:03 - INFO - Epoch 57/150 [train] loss_total: 0.4253, loss_recon: 0.0462, loss_latent: 0.0107, lr: 2.86e-05
05:38:14 - INFO - Epoch 57/150 [val]   loss_total: 2.1240, loss_recon: 2.0749
05:45:24 - INFO - Epoch 58/150 [train] loss_total: 0.4245, loss_recon: 0.0460, loss_latent: 0.0112, lr: 2.82e-05
05:45:35 - INFO - Epoch 58/150 [val]   loss_total: 1.9542, loss_recon: 1.9117
05:45:37 - INFO -   -> New best model saved (val_recon=1.9117)
05:52:47 - INFO - Epoch 59/150 [train] loss_total: 0.4259, loss_recon: 0.0458, loss_latent: 0.0117, lr: 2.78e-05
05:52:59 - INFO - Epoch 59/150 [val]   loss_total: 2.2325, loss_recon: 2.1838
06:00:09 - INFO - Epoch 60/150 [train] loss_total: 0.4247, loss_recon: 0.0456, loss_latent: 0.0124, lr: 2.74e-05
06:00:20 - INFO - Epoch 60/150 [val]   loss_total: 2.4321, loss_recon: 2.3822
06:07:28 - INFO - Epoch 61/150 [train] loss_total: 0.4228, loss_recon: 0.0451, loss_latent: 0.0136, lr: 2.70e-05
06:07:39 - INFO - Epoch 61/150 [val]   loss_total: 2.2023, loss_recon: 2.1419
06:14:49 - INFO - Epoch 62/150 [train] loss_total: 0.4220, loss_recon: 0.0447, loss_latent: 0.0142, lr: 2.66e-05
06:15:00 - INFO - Epoch 62/150 [val]   loss_total: 2.5031, loss_recon: 2.4471
06:22:10 - INFO - Epoch 63/150 [train] loss_total: 0.4206, loss_recon: 0.0444, loss_latent: 0.0142, lr: 2.62e-05
06:22:21 - INFO - Epoch 63/150 [val]   loss_total: 2.2571, loss_recon: 2.1893
06:29:32 - INFO - Epoch 64/150 [train] loss_total: 0.4199, loss_recon: 0.0442, loss_latent: 0.0149, lr: 2.58e-05
06:29:43 - INFO - Epoch 64/150 [val]   loss_total: 2.5637, loss_recon: 2.5051
06:36:53 - INFO - Epoch 65/150 [train] loss_total: 0.4196, loss_recon: 0.0442, loss_latent: 0.0146, lr: 2.54e-05
06:37:04 - INFO - Epoch 65/150 [val]   loss_total: 2.1739, loss_recon: 2.1027
06:44:14 - INFO - Epoch 66/150 [train] loss_total: 0.4204, loss_recon: 0.0442, loss_latent: 0.0149, lr: 2.49e-05
06:44:25 - INFO - Epoch 66/150 [val]   loss_total: 2.1175, loss_recon: 2.0655
06:51:35 - INFO - Epoch 67/150 [train] loss_total: 0.4191, loss_recon: 0.0441, loss_latent: 0.0149, lr: 2.45e-05
06:51:46 - INFO - Epoch 67/150 [val]   loss_total: 2.1071, loss_recon: 2.0406
06:58:56 - INFO - Epoch 68/150 [train] loss_total: 0.4201, loss_recon: 0.0442, loss_latent: 0.0154, lr: 2.41e-05
06:59:07 - INFO - Epoch 68/150 [val]   loss_total: 2.2438, loss_recon: 2.1756
07:06:17 - INFO - Epoch 69/150 [train] loss_total: 0.4180, loss_recon: 0.0440, loss_latent: 0.0155, lr: 2.37e-05
07:06:28 - INFO - Epoch 69/150 [val]   loss_total: 2.1502, loss_recon: 2.0844
07:13:38 - INFO - Epoch 70/150 [train] loss_total: 0.4178, loss_recon: 0.0437, loss_latent: 0.0157, lr: 2.32e-05
07:13:49 - INFO - Epoch 70/150 [val]   loss_total: 2.0074, loss_recon: 1.9463
07:20:59 - INFO - Epoch 71/150 [train] loss_total: 0.4175, loss_recon: 0.0437, loss_latent: 0.0161, lr: 2.28e-05
07:21:10 - INFO - Epoch 71/150 [val]   loss_total: 2.1398, loss_recon: 2.0759
07:28:20 - INFO - Epoch 72/150 [train] loss_total: 0.4166, loss_recon: 0.0434, loss_latent: 0.0164, lr: 2.24e-05
07:28:31 - INFO - Epoch 72/150 [val]   loss_total: 1.9981, loss_recon: 1.9125
07:35:41 - INFO - Epoch 73/150 [train] loss_total: 0.4161, loss_recon: 0.0435, loss_latent: 0.0160, lr: 2.19e-05
07:35:52 - INFO - Epoch 73/150 [val]   loss_total: 2.1544, loss_recon: 2.0928
07:43:02 - INFO - Epoch 74/150 [train] loss_total: 0.4154, loss_recon: 0.0434, loss_latent: 0.0166, lr: 2.15e-05
07:43:13 - INFO - Epoch 74/150 [val]   loss_total: 2.2446, loss_recon: 2.1830
07:50:23 - INFO - Epoch 75/150 [train] loss_total: 0.4151, loss_recon: 0.0435, loss_latent: 0.0165, lr: 2.11e-05
07:50:34 - INFO - Epoch 75/150 [val]   loss_total: 2.0780, loss_recon: 2.0026
07:50:35 - INFO -   Checkpoint saved: output/eurosat-rqvae-2x2x2/epoch75_model.pt
07:57:43 - INFO - Epoch 76/150 [train] loss_total: 0.4156, loss_recon: 0.0433, loss_latent: 0.0166, lr: 2.06e-05
07:57:54 - INFO - Epoch 76/150 [val]   loss_total: 2.2892, loss_recon: 2.2115
08:05:02 - INFO - Epoch 77/150 [train] loss_total: 0.4146, loss_recon: 0.0434, loss_latent: 0.0166, lr: 2.02e-05
08:05:13 - INFO - Epoch 77/150 [val]   loss_total: 2.0792, loss_recon: 2.0176
08:12:21 - INFO - Epoch 78/150 [train] loss_total: 0.4145, loss_recon: 0.0432, loss_latent: 0.0172, lr: 1.98e-05
08:12:32 - INFO - Epoch 78/150 [val]   loss_total: 2.3101, loss_recon: 2.2213
08:19:42 - INFO - Epoch 79/150 [train] loss_total: 0.4128, loss_recon: 0.0431, loss_latent: 0.0169, lr: 1.94e-05
08:19:53 - INFO - Epoch 79/150 [val]   loss_total: 2.0659, loss_recon: 1.9989
08:27:03 - INFO - Epoch 80/150 [train] loss_total: 0.4137, loss_recon: 0.0430, loss_latent: 0.0174, lr: 1.89e-05
08:27:14 - INFO - Epoch 80/150 [val]   loss_total: 2.3393, loss_recon: 2.2647
08:34:24 - INFO - Epoch 81/150 [train] loss_total: 0.4133, loss_recon: 0.0431, loss_latent: 0.0179, lr: 1.85e-05
08:34:35 - INFO - Epoch 81/150 [val]   loss_total: 2.0626, loss_recon: 1.9941
08:41:45 - INFO - Epoch 82/150 [train] loss_total: 0.4127, loss_recon: 0.0427, loss_latent: 0.0175, lr: 1.81e-05
08:41:56 - INFO - Epoch 82/150 [val]   loss_total: 2.2474, loss_recon: 2.1807
08:49:06 - INFO - Epoch 83/150 [train] loss_total: 0.4131, loss_recon: 0.0429, loss_latent: 0.0181, lr: 1.76e-05
08:49:17 - INFO - Epoch 83/150 [val]   loss_total: 2.0485, loss_recon: 1.9773
08:56:25 - INFO - Epoch 84/150 [train] loss_total: 0.4116, loss_recon: 0.0429, loss_latent: 0.0176, lr: 1.72e-05
08:56:36 - INFO - Epoch 84/150 [val]   loss_total: 2.1024, loss_recon: 2.0351
09:03:46 - INFO - Epoch 85/150 [train] loss_total: 0.4115, loss_recon: 0.0426, loss_latent: 0.0180, lr: 1.68e-05
09:03:57 - INFO - Epoch 85/150 [val]   loss_total: 2.1077, loss_recon: 2.0251
09:11:07 - INFO - Epoch 86/150 [train] loss_total: 0.4110, loss_recon: 0.0426, loss_latent: 0.0179, lr: 1.63e-05
09:11:18 - INFO - Epoch 86/150 [val]   loss_total: 2.2007, loss_recon: 2.1347
09:18:28 - INFO - Epoch 87/150 [train] loss_total: 0.4114, loss_recon: 0.0428, loss_latent: 0.0182, lr: 1.59e-05
09:18:39 - INFO - Epoch 87/150 [val]   loss_total: 2.0594, loss_recon: 1.9791
09:25:49 - INFO - Epoch 88/150 [train] loss_total: 0.4112, loss_recon: 0.0429, loss_latent: 0.0183, lr: 1.55e-05
09:26:00 - INFO - Epoch 88/150 [val]   loss_total: 2.2441, loss_recon: 2.1683
09:33:10 - INFO - Epoch 89/150 [train] loss_total: 0.4099, loss_recon: 0.0427, loss_latent: 0.0179, lr: 1.51e-05
09:33:21 - INFO - Epoch 89/150 [val]   loss_total: 2.0411, loss_recon: 1.9729
09:40:31 - INFO - Epoch 90/150 [train] loss_total: 0.4093, loss_recon: 0.0425, loss_latent: 0.0186, lr: 1.46e-05
09:40:42 - INFO - Epoch 90/150 [val]   loss_total: 2.0525, loss_recon: 1.9604
09:47:52 - INFO - Epoch 91/150 [train] loss_total: 0.4100, loss_recon: 0.0426, loss_latent: 0.0186, lr: 1.42e-05
09:48:03 - INFO - Epoch 91/150 [val]   loss_total: 2.2757, loss_recon: 2.1873
09:55:13 - INFO - Epoch 92/150 [train] loss_total: 0.4096, loss_recon: 0.0426, loss_latent: 0.0183, lr: 1.38e-05
09:55:24 - INFO - Epoch 92/150 [val]   loss_total: 2.2280, loss_recon: 2.1458
10:02:34 - INFO - Epoch 93/150 [train] loss_total: 0.4097, loss_recon: 0.0426, loss_latent: 0.0190, lr: 1.34e-05
10:02:45 - INFO - Epoch 93/150 [val]   loss_total: 2.1135, loss_recon: 2.0385
10:09:55 - INFO - Epoch 94/150 [train] loss_total: 0.4096, loss_recon: 0.0424, loss_latent: 0.0192, lr: 1.30e-05
10:10:06 - INFO - Epoch 94/150 [val]   loss_total: 2.0545, loss_recon: 1.9831
10:17:16 - INFO - Epoch 95/150 [train] loss_total: 0.4094, loss_recon: 0.0424, loss_latent: 0.0195, lr: 1.26e-05
10:17:27 - INFO - Epoch 95/150 [val]   loss_total: 2.2346, loss_recon: 2.1574
10:24:37 - INFO - Epoch 96/150 [train] loss_total: 0.4079, loss_recon: 0.0421, loss_latent: 0.0197, lr: 1.22e-05
10:24:48 - INFO - Epoch 96/150 [val]   loss_total: 2.0316, loss_recon: 1.9540
10:31:57 - INFO - Epoch 97/150 [train] loss_total: 0.4083, loss_recon: 0.0424, loss_latent: 0.0195, lr: 1.18e-05
10:32:09 - INFO - Epoch 97/150 [val]   loss_total: 2.1147, loss_recon: 2.0339
10:39:19 - INFO - Epoch 98/150 [train] loss_total: 0.4070, loss_recon: 0.0422, loss_latent: 0.0194, lr: 1.14e-05
10:39:30 - INFO - Epoch 98/150 [val]   loss_total: 2.1077, loss_recon: 2.0278
10:46:40 - INFO - Epoch 99/150 [train] loss_total: 0.4067, loss_recon: 0.0420, loss_latent: 0.0197, lr: 1.10e-05
10:46:51 - INFO - Epoch 99/150 [val]   loss_total: 2.0456, loss_recon: 1.9654
10:54:01 - INFO - Epoch 100/150 [train] loss_total: 0.4069, loss_recon: 0.0422, loss_latent: 0.0202, lr: 1.06e-05
10:54:12 - INFO - Epoch 100/150 [val]   loss_total: 2.2393, loss_recon: 2.1559
10:54:13 - INFO -   Checkpoint saved: output/eurosat-rqvae-2x2x2/epoch100_model.pt
11:01:22 - INFO - Epoch 101/150 [train] loss_total: 0.4070, loss_recon: 0.0421, loss_latent: 0.0197, lr: 1.03e-05
11:01:33 - INFO - Epoch 101/150 [val]   loss_total: 2.0400, loss_recon: 1.9590
11:08:43 - INFO - Epoch 102/150 [train] loss_total: 0.4062, loss_recon: 0.0421, loss_latent: 0.0200, lr: 9.88e-06
11:08:54 - INFO - Epoch 102/150 [val]   loss_total: 2.1395, loss_recon: 2.0488
11:16:04 - INFO - Epoch 103/150 [train] loss_total: 0.4050, loss_recon: 0.0418, loss_latent: 0.0201, lr: 9.50e-06
11:16:15 - INFO - Epoch 103/150 [val]   loss_total: 2.0854, loss_recon: 2.0101
11:23:24 - INFO - Epoch 104/150 [train] loss_total: 0.4056, loss_recon: 0.0419, loss_latent: 0.0204, lr: 9.14e-06
11:23:36 - INFO - Epoch 104/150 [val]   loss_total: 2.1900, loss_recon: 2.0969
11:30:46 - INFO - Epoch 105/150 [train] loss_total: 0.4044, loss_recon: 0.0420, loss_latent: 0.0205, lr: 8.78e-06
11:30:57 - INFO - Epoch 105/150 [val]   loss_total: 2.0430, loss_recon: 1.9642
11:38:04 - INFO - Epoch 106/150 [train] loss_total: 0.4044, loss_recon: 0.0419, loss_latent: 0.0205, lr: 8.42e-06
11:38:16 - INFO - Epoch 106/150 [val]   loss_total: 2.2601, loss_recon: 2.1706
11:45:25 - INFO - Epoch 107/150 [train] loss_total: 0.4046, loss_recon: 0.0419, loss_latent: 0.0208, lr: 8.07e-06
11:45:37 - INFO - Epoch 107/150 [val]   loss_total: 2.2069, loss_recon: 2.1285
11:52:47 - INFO - Epoch 108/150 [train] loss_total: 0.4044, loss_recon: 0.0418, loss_latent: 0.0213, lr: 7.72e-06
11:52:58 - INFO - Epoch 108/150 [val]   loss_total: 2.0715, loss_recon: 1.9858
12:00:08 - INFO - Epoch 109/150 [train] loss_total: 0.4038, loss_recon: 0.0416, loss_latent: 0.0210, lr: 7.39e-06
12:00:19 - INFO - Epoch 109/150 [val]   loss_total: 2.1636, loss_recon: 2.0734
12:07:29 - INFO - Epoch 110/150 [train] loss_total: 0.4039, loss_recon: 0.0417, loss_latent: 0.0208, lr: 7.05e-06
12:07:40 - INFO - Epoch 110/150 [val]   loss_total: 2.0141, loss_recon: 1.9279
12:14:50 - INFO - Epoch 111/150 [train] loss_total: 0.4029, loss_recon: 0.0416, loss_latent: 0.0211, lr: 6.73e-06
12:15:01 - INFO - Epoch 111/150 [val]   loss_total: 2.0655, loss_recon: 1.9719
12:22:11 - INFO - Epoch 112/150 [train] loss_total: 0.4029, loss_recon: 0.0416, loss_latent: 0.0214, lr: 6.40e-06
12:22:22 - INFO - Epoch 112/150 [val]   loss_total: 2.1268, loss_recon: 2.0311
12:29:32 - INFO - Epoch 113/150 [train] loss_total: 0.4029, loss_recon: 0.0414, loss_latent: 0.0218, lr: 6.09e-06
12:29:44 - INFO - Epoch 113/150 [val]   loss_total: 2.0436, loss_recon: 1.9616
12:36:51 - INFO - Epoch 114/150 [train] loss_total: 0.4027, loss_recon: 0.0414, loss_latent: 0.0220, lr: 5.78e-06
12:37:02 - INFO - Epoch 114/150 [val]   loss_total: 2.1653, loss_recon: 2.0793
12:44:09 - INFO - Epoch 115/150 [train] loss_total: 0.4016, loss_recon: 0.0416, loss_latent: 0.0217, lr: 5.48e-06
12:44:20 - INFO - Epoch 115/150 [val]   loss_total: 2.1030, loss_recon: 2.0108
12:51:30 - INFO - Epoch 116/150 [train] loss_total: 0.4014, loss_recon: 0.0415, loss_latent: 0.0221, lr: 5.19e-06
12:51:42 - INFO - Epoch 116/150 [val]   loss_total: 2.0971, loss_recon: 2.0152
12:58:52 - INFO - Epoch 117/150 [train] loss_total: 0.4012, loss_recon: 0.0415, loss_latent: 0.0224, lr: 4.90e-06
12:59:03 - INFO - Epoch 117/150 [val]   loss_total: 2.0638, loss_recon: 1.9677
13:06:13 - INFO - Epoch 118/150 [train] loss_total: 0.4008, loss_recon: 0.0414, loss_latent: 0.0224, lr: 4.62e-06
13:06:24 - INFO - Epoch 118/150 [val]   loss_total: 2.0761, loss_recon: 1.9838
13:13:34 - INFO - Epoch 119/150 [train] loss_total: 0.3999, loss_recon: 0.0413, loss_latent: 0.0222, lr: 4.34e-06
13:13:45 - INFO - Epoch 119/150 [val]   loss_total: 2.0461, loss_recon: 1.9537
13:20:55 - INFO - Epoch 120/150 [train] loss_total: 0.3999, loss_recon: 0.0414, loss_latent: 0.0221, lr: 4.08e-06
13:21:07 - INFO - Epoch 120/150 [val]   loss_total: 2.1501, loss_recon: 2.0428
13:28:17 - INFO - Epoch 121/150 [train] loss_total: 0.3997, loss_recon: 0.0413, loss_latent: 0.0226, lr: 3.82e-06
13:28:28 - INFO - Epoch 121/150 [val]   loss_total: 2.0329, loss_recon: 1.9467
13:35:38 - INFO - Epoch 122/150 [train] loss_total: 0.4001, loss_recon: 0.0414, loss_latent: 0.0227, lr: 3.57e-06
13:35:49 - INFO - Epoch 122/150 [val]   loss_total: 2.0821, loss_recon: 1.9835
13:42:59 - INFO - Epoch 123/150 [train] loss_total: 0.3993, loss_recon: 0.0412, loss_latent: 0.0229, lr: 3.33e-06
13:43:10 - INFO - Epoch 123/150 [val]   loss_total: 2.0555, loss_recon: 1.9605
13:50:20 - INFO - Epoch 124/150 [train] loss_total: 0.3988, loss_recon: 0.0413, loss_latent: 0.0227, lr: 3.09e-06
13:50:31 - INFO - Epoch 124/150 [val]   loss_total: 2.0892, loss_recon: 1.9993
13:57:41 - INFO - Epoch 125/150 [train] loss_total: 0.3986, loss_recon: 0.0413, loss_latent: 0.0229, lr: 2.86e-06
13:57:53 - INFO - Epoch 125/150 [val]   loss_total: 2.0655, loss_recon: 1.9829
13:57:54 - INFO -   Checkpoint saved: output/eurosat-rqvae-2x2x2/epoch125_model.pt
14:05:02 - INFO - Epoch 126/150 [train] loss_total: 0.3984, loss_recon: 0.0413, loss_latent: 0.0228, lr: 2.64e-06
14:05:13 - INFO - Epoch 126/150 [val]   loss_total: 2.0722, loss_recon: 1.9780
14:12:23 - INFO - Epoch 127/150 [train] loss_total: 0.3989, loss_recon: 0.0412, loss_latent: 0.0232, lr: 2.43e-06
14:12:34 - INFO - Epoch 127/150 [val]   loss_total: 2.1156, loss_recon: 2.0085
14:19:44 - INFO - Epoch 128/150 [train] loss_total: 0.3985, loss_recon: 0.0412, loss_latent: 0.0231, lr: 2.23e-06
14:19:55 - INFO - Epoch 128/150 [val]   loss_total: 2.1069, loss_recon: 2.0038
14:27:05 - INFO - Epoch 129/150 [train] loss_total: 0.3982, loss_recon: 0.0411, loss_latent: 0.0232, lr: 2.03e-06
14:27:16 - INFO - Epoch 129/150 [val]   loss_total: 2.1131, loss_recon: 2.0203
14:34:26 - INFO - Epoch 130/150 [train] loss_total: 0.3981, loss_recon: 0.0413, loss_latent: 0.0234, lr: 1.85e-06
14:34:37 - INFO - Epoch 130/150 [val]   loss_total: 2.1106, loss_recon: 2.0038
14:41:47 - INFO - Epoch 131/150 [train] loss_total: 0.3977, loss_recon: 0.0412, loss_latent: 0.0231, lr: 1.67e-06
14:41:58 - INFO - Epoch 131/150 [val]   loss_total: 2.0879, loss_recon: 2.0006
14:49:08 - INFO - Epoch 132/150 [train] loss_total: 0.3973, loss_recon: 0.0412, loss_latent: 0.0232, lr: 1.50e-06
14:49:19 - INFO - Epoch 132/150 [val]   loss_total: 2.1576, loss_recon: 2.0604
14:56:29 - INFO - Epoch 133/150 [train] loss_total: 0.3977, loss_recon: 0.0410, loss_latent: 0.0233, lr: 1.34e-06
14:56:40 - INFO - Epoch 133/150 [val]   loss_total: 2.0794, loss_recon: 1.9888
15:03:50 - INFO - Epoch 134/150 [train] loss_total: 0.3974, loss_recon: 0.0414, loss_latent: 0.0233, lr: 1.19e-06
15:04:01 - INFO - Epoch 134/150 [val]   loss_total: 2.0552, loss_recon: 1.9737
15:11:11 - INFO - Epoch 135/150 [train] loss_total: 0.3969, loss_recon: 0.0411, loss_latent: 0.0235, lr: 1.05e-06
15:11:23 - INFO - Epoch 135/150 [val]   loss_total: 2.1288, loss_recon: 2.0286
15:18:33 - INFO - Epoch 136/150 [train] loss_total: 0.3970, loss_recon: 0.0413, loss_latent: 0.0233, lr: 9.13e-07
15:18:44 - INFO - Epoch 136/150 [val]   loss_total: 2.0833, loss_recon: 1.9931
15:25:54 - INFO - Epoch 137/150 [train] loss_total: 0.3972, loss_recon: 0.0411, loss_latent: 0.0237, lr: 7.88e-07
15:26:05 - INFO - Epoch 137/150 [val]   loss_total: 2.1330, loss_recon: 2.0328
15:33:15 - INFO - Epoch 138/150 [train] loss_total: 0.3965, loss_recon: 0.0411, loss_latent: 0.0238, lr: 6.72e-07
15:33:26 - INFO - Epoch 138/150 [val]   loss_total: 2.0953, loss_recon: 1.9996
15:40:36 - INFO - Epoch 139/150 [train] loss_total: 0.3973, loss_recon: 0.0410, loss_latent: 0.0239, lr: 5.65e-07
15:40:47 - INFO - Epoch 139/150 [val]   loss_total: 2.1181, loss_recon: 2.0180
15:47:57 - INFO - Epoch 140/150 [train] loss_total: 0.3962, loss_recon: 0.0412, loss_latent: 0.0238, lr: 4.68e-07
15:48:08 - INFO - Epoch 140/150 [val]   loss_total: 2.0771, loss_recon: 1.9861
15:55:19 - INFO - Epoch 141/150 [train] loss_total: 0.3968, loss_recon: 0.0410, loss_latent: 0.0237, lr: 4.00e-07
15:55:30 - INFO - Epoch 141/150 [val]   loss_total: 2.1017, loss_recon: 2.0114
16:02:40 - INFO - Epoch 142/150 [train] loss_total: 0.3961, loss_recon: 0.0411, loss_latent: 0.0238, lr: 4.00e-07
16:02:51 - INFO - Epoch 142/150 [val]   loss_total: 2.1074, loss_recon: 2.0112
16:10:02 - INFO - Epoch 143/150 [train] loss_total: 0.3968, loss_recon: 0.0410, loss_latent: 0.0239, lr: 4.00e-07
16:10:13 - INFO - Epoch 143/150 [val]   loss_total: 2.1234, loss_recon: 2.0169
16:17:23 - INFO - Epoch 144/150 [train] loss_total: 0.3961, loss_recon: 0.0411, loss_latent: 0.0237, lr: 4.00e-07
16:17:34 - INFO - Epoch 144/150 [val]   loss_total: 2.1246, loss_recon: 2.0213
16:24:44 - INFO - Epoch 145/150 [train] loss_total: 0.3964, loss_recon: 0.0410, loss_latent: 0.0236, lr: 4.00e-07
16:24:55 - INFO - Epoch 145/150 [val]   loss_total: 2.0893, loss_recon: 1.9908
16:32:04 - INFO - Epoch 146/150 [train] loss_total: 0.3961, loss_recon: 0.0408, loss_latent: 0.0234, lr: 4.00e-07
16:32:16 - INFO - Epoch 146/150 [val]   loss_total: 2.1206, loss_recon: 2.0136
16:39:26 - INFO - Epoch 147/150 [train] loss_total: 0.3963, loss_recon: 0.0412, loss_latent: 0.0238, lr: 4.00e-07
16:39:37 - INFO - Epoch 147/150 [val]   loss_total: 2.1017, loss_recon: 2.0079
16:46:46 - INFO - Epoch 148/150 [train] loss_total: 0.3962, loss_recon: 0.0411, loss_latent: 0.0237, lr: 4.00e-07
16:46:58 - INFO - Epoch 148/150 [val]   loss_total: 2.1293, loss_recon: 2.0270
16:54:08 - INFO - Epoch 149/150 [train] loss_total: 0.3964, loss_recon: 0.0409, loss_latent: 0.0238, lr: 4.00e-07
16:54:19 - INFO - Epoch 149/150 [val]   loss_total: 2.0808, loss_recon: 1.9895
17:01:28 - INFO - Epoch 150/150 [train] loss_total: 0.3964, loss_recon: 0.0411, loss_latent: 0.0239, lr: 4.00e-07
17:01:40 - INFO - Epoch 150/150 [val]   loss_total: 2.1213, loss_recon: 2.0158
17:01:41 - INFO -   Checkpoint saved: output/eurosat-rqvae-2x2x2/epoch150_model.pt
17:01:41 - INFO - ============================================================
17:01:41 - INFO - Extracting RQ codes for NAC...
17:02:17 - INFO - Saved 24300 code sequences to code/codes.txt
17:02:17 - INFO - Code shape per image: 2x2x2 = 8 indices
17:02:17 - INFO - Copied codes to ../nac/data/codes2x2x2.txt
17:02:17 - INFO - Done! You can now run: cd ../nac && python nac_eurosat.py
